[E 00:37:42 87769] CodeQL C/C++ Extractor 2.23.0
[E 00:37:42 87769] Current directory: /Users/jie/mcuxpresso-sdk/mcuxsdk/build/CMakeFiles/3.30.0/CompilerIdC
[E 00:37:42 87769] Command: /opt/homebrew/Caskroom/codeql/2.23.0/codeql/cpp/tools/osx64/extractor --mimic /users/jie/documents/arm-gnu-toolchain-14.3.rel1-darwin-arm64-arm-none-eabi/libexec/gcc/arm-none-eabi/14.3.1/cc1 -quiet -iprefix /Users/jie/Documents/arm-gnu-toolchain-14.3.rel1-darwin-arm64-arm-none-eabi/bin/../lib/gcc/arm-none-eabi/14.3.1/ -isysroot /Users/jie/Documents/arm-gnu-toolchain-14.3.rel1-darwin-arm64-arm-none-eabi/bin/../arm-none-eabi -D__USES_INITFINI__ CMakeCCompilerId.c -quiet -dumpbase CMakeCCompilerId.c -dumpbase-ext .c -mcpu=arm7tdmi -mfloat-abi=soft -marm -mlibarch=armv4t -march=armv4t -o /var/folders/b3/0hb7dhg16rd56bpwtd8bcnyc0000gn/T//ccIfiNSY.s
[E 00:37:42 87769] Checking whether C compilation already happened.
[E 00:37:42 87769] Checking for tag c-compilation-happened
[E 00:37:42 87769] Checking CODEQL_TRACER_DB_ID 00000000000156D7_0000000000000001
[E 00:37:42 87769] Locking DB /Users/jie/Documents/workspace/lcmhalgen/LCMHalTest_DBS/DATABASE_NXP_BMUART_DMA_macbook/working/tags.db
[E 00:37:42 87769] Locked DB /Users/jie/Documents/workspace/lcmhalgen/LCMHalTest_DBS/DATABASE_NXP_BMUART_DMA_macbook/working/tags.db
[E 00:37:42 87769] Unlocking DB
[E 00:37:42 87769] Unlocked DB
[E 00:37:42 87769] Looks like C compilation didn't already happen.
[E 00:37:42 87769] Checking whether C compilation has been attempted.
[E 00:37:42 87769] Checking for tag c-compilation-attempted
[E 00:37:42 87769] Checking CODEQL_TRACER_DB_ID 00000000000156D7_0000000000000001
[E 00:37:42 87769] Locking DB /Users/jie/Documents/workspace/lcmhalgen/LCMHalTest_DBS/DATABASE_NXP_BMUART_DMA_macbook/working/tags.db
[E 00:37:42 87769] Locked DB /Users/jie/Documents/workspace/lcmhalgen/LCMHalTest_DBS/DATABASE_NXP_BMUART_DMA_macbook/working/tags.db
[E 00:37:42 87769] Unlocking DB
[E 00:37:42 87769] Unlocked DB
[E 00:37:42 87769] Marking C compilation as attempted.
[E 00:37:42 87769] Setting tag c-compilation-attempted
[E 00:37:42 87769] Starting from CODEQL_TRACER_DB_ID 00000000000156D7_0000000000000001
[E 00:37:42 87769] Locking DB /Users/jie/Documents/workspace/lcmhalgen/LCMHalTest_DBS/DATABASE_NXP_BMUART_DMA_macbook/working/tags.db
[E 00:37:42 87769] Locked DB /Users/jie/Documents/workspace/lcmhalgen/LCMHalTest_DBS/DATABASE_NXP_BMUART_DMA_macbook/working/tags.db
[E 00:37:42 87769] Set tag for 00000000000156D7_0000000000000001
[E 00:37:42 87769] Set tag for 00000000000156D5_0000000000000001
[E 00:37:42 87769] Set tag for 000000000001555B_0000000000000001
[E 00:37:42 87769] Set tag for 0000000000015501_0000000000000002
[E 00:37:42 87769] Set tag for 0000000000015501_0000000000000001
[E 00:37:42 87769] Set tag for 00000000000154D4_0000000000000003
[E 00:37:42 87769] Set tag for 00000000000154D4_0000000000000002
[E 00:37:42 87769] Set tag for root
[E 00:37:42 87769] Unlocking DB
[E 00:37:42 87769] Unlocked DB
[E 00:37:42 87769] Processed command line: /opt/homebrew/Caskroom/codeql/2.23.0/codeql/cpp/tools/osx64/extractor --trapfolder /Users/jie/Documents/workspace/lcmhalgen/LCMHalTest_DBS/DATABASE_NXP_BMUART_DMA_macbook/trap/cpp --src_archive /Users/jie/Documents/workspace/lcmhalgen/LCMHalTest_DBS/DATABASE_NXP_BMUART_DMA_macbook/src --object_filename /var/folders/b3/0hb7dhg16rd56bpwtd8bcnyc0000gn/T//ccIfiNSY.s --no_warnings_and_discretionary_errors --error_limit 1000 --disable_system_macros --variadic_macros --incognito --gcc --gnu_version 140301 --target linux_i686 '-D__DBL_MIN_EXP__=(-1021)' -D__HQ_FBIT__=15 -D__UINT_LEAST16_MAX__=0xffff -D__ARM_SIZEOF_WCHAR_T=4 -D__ATOMIC_ACQUIRE=2 -D__WCHAR_MAX__=0xffffffffU -D__SFRACT_IBIT__=0 -D__FLT_MIN__=1.1754943508222875e-38F -D__GCC_IEC_559_COMPLEX=0 -D__UFRACT_MAX__=0XFFFFP-16UR '-D__UINT_LEAST8_TYPE__=unsigned char' -D__DQ_FBIT__=63 '-D__INTMAX_C(c)=c ## LL' -D__ULFRACT_FBIT__=32 -D__CHAR_BIT__=8 -D__USQ_IBIT__=0 -D__UINT8_MAX__=0xff -D__ACCUM_FBIT__=15 -D__WINT_MAX__=0xffffffffU '-D__FLT32_MIN_EXP__=(-125)' -D__USFRACT_FBIT__=8 -D__ORDER_LITTLE_ENDIAN__=1234 -D__SIZE_MAX__=0xffffffffU -D__ARM_ARCH_ISA_ARM=1 -D__LACCUM_IBIT__=32 '-D__DBL_DENORM_MIN__=((double)4.9406564584124654e-324L)' -D__GCC_ATOMIC_CHAR_LOCK_FREE=1 -D__GCC_IEC_559=0 -D__FLT32X_DECIMAL_DIG__=17 -D__FLT_EVAL_METHOD__=0 -D__TQ_IBIT__=0 -D__LLACCUM_MAX__=0X7FFFFFFFFFFFFFFFP-31LLK -D__FLT64_DECIMAL_DIG__=17 -D__GCC_ATOMIC_CHAR32_T_LOCK_FREE=1 -D__UINT_FAST64_MAX__=0xffffffffffffffffULL -D__SIG_ATOMIC_TYPE__=int '-D__DBL_MIN_10_EXP__=(-307)' -D__FINITE_MATH_ONLY__=0 -D__ARMEL__=1 -D__FLT32X_MAX_EXP__=1024 -D__LFRACT_IBIT__=0 -D__FLT32_HAS_DENORM__=1 -D__LFRACT_MAX__=0X7FFFFFFFP-31LR -D__USA_FBIT__=16 -D__UINT_FAST8_MAX__=0xffffffffU -D__FLT32_MAX_10_EXP__=38 -D__ARM_ARCH_4T__=1 '-D__INT8_C(c)=c' -D__INT_LEAST8_WIDTH__=8 -D__UINT_LEAST64_MAX__=0xffffffffffffffffULL -D__SA_FBIT__=15 -D__SHRT_MAX__=0x7fff '-D__LDBL_MAX__=1.7976931348623157e+308L' -D__FRACT_MAX__=0X7FFFP-15R -D__LDBL_IS_IEC_60559__=1 -D__UFRACT_FBIT__=16 -D__UFRACT_MIN__=0.0UR -D__UINT_LEAST8_MAX__=0xff -D__GCC_ATOMIC_BOOL_LOCK_FREE=1 '-D__UINTMAX_TYPE__=long long unsigned int' -D__LLFRACT_EPSILON__=0x1P-63LLR -D__FLT_EVAL_METHOD_TS_18661_3__=0 -D__UINT32_MAX__=0xffffffffUL -D__ULFRACT_MAX__=0XFFFFFFFFP-32ULR -D__TA_IBIT__=64 -D__LDBL_MAX_EXP__=1024 -D__WINT_MIN__=0U -D__FLT32X_IS_IEC_60559__=1 -D__INT_LEAST16_WIDTH__=16 -D__ULLFRACT_MIN__=0.0ULLR -D__SCHAR_MAX__=0x7f -D__WCHAR_MIN__=0U '-D__INT64_C(c)=c ## LL' -D__GCC_ATOMIC_POINTER_LOCK_FREE=1 -D__ATOMIC_SEQ_CST=5 -D__SIZEOF_INT__=4 -D__FLT32X_MANT_DIG__=53 -D__USACCUM_IBIT__=8 '-D__LFRACT_MIN__=(-0.5LR-0.5LR)' -D__HA_IBIT__=8 -D__DBL_DIG__=15 -D__FLT_EPSILON__=1.1920928955078125e-7F -D__APCS_32__=1 -D__SHRT_WIDTH__=16 -D__FLT32_IS_IEC_60559__=1 -D__USFRACT_IBIT__=0 -D__LDBL_MIN__=2.2250738585072014e-308L -D__STDC_UTF_16__=1 -D__DBL_IS_IEC_60559__=1 '-D__FRACT_MIN__=(-0.5R-0.5R)' -D__DA_IBIT__=32 -D__ARM_SIZEOF_MINIMAL_ENUM=1 -D__FLT32X_HAS_INFINITY__=1 -D__INT32_MAX__=0x7fffffffL -D__UQQ_FBIT__=8 -D__INT_WIDTH__=32 -D__UACCUM_MAX__=0XFFFFFFFFP-16UK -D__DECIMAL_DIG__=17 -D__LFRACT_EPSILON__=0x1P-31LR -D__FLT64_EPSILON__=2.2204460492503131e-16F64 -D__ULFRACT_MIN__=0.0ULR -D__LDBL_HAS_QUIET_NAN__=1 -D__ULACCUM_IBIT__=32 -D__FLT64_MANT_DIG__=53 -D__UACCUM_EPSILON__=0x1P-16UK -D__ULLACCUM_MAX__=0XFFFFFFFFFFFFFFFFP-32ULLK -D__HQ_IBIT__=0 -D__FLT_HAS_DENORM__=1 -D__SIZEOF_LONG_DOUBLE__=8 -D__SA_IBIT__=16 -D__BIGGEST_ALIGNMENT__=8 -D__FLT64_MAX_10_EXP__=308 -D__DQ_IBIT__=0 '-D__DBL_MAX__=((double)1.7976931348623157e+308L)' -D__ULFRACT_IBIT__=0 -D__INT_FAST32_MAX__=0x7fffffff -D__DBL_HAS_INFINITY__=1 -D__HAVE_SPECULATION_SAFE_VALUE=1 -D__ACCUM_IBIT__=16 -D__THUMB_INTERWORK__=1 -D__INTPTR_WIDTH__=32 -D__UINT_LEAST32_MAX__=0xffffffffUL -D__LACCUM_MAX__=0X7FFFFFFFFFFFFFFFP-31LK -D__FLT32X_HAS_DENORM__=1 -D__INT_FAST16_TYPE__=int -D__LDBL_HAS_DENORM__=1 -D__INT_LEAST32_MAX__=0x7fffffffL -D__ARM_PCS=1 -D__ACCUM_MAX__=0X7FFFFFFFP-15K -D__DBL_MAX_EXP__=1024 -D__USACCUM_EPSILON__=0x1P-8UHK -D__WCHAR_WIDTH__=32 '-D__FLT32_MAX__=3.4028234663852886e+38F32' -D__GCC_ATOMIC_LONG_LOCK_FREE=1 -D__SFRACT_MAX__=0X7FP-7HR -D__FRACT_IBIT__=0 -D__PTRDIFF_MAX__=0x7fffffff -D__UACCUM_MIN__=0.0UK -D__UACCUM_IBIT__=16 '-D__LLACCUM_MIN__=(-0X1P31LLK-0X1P31LLK)' -D__FLT32_HAS_QUIET_NAN__=1 -D__LONG_LONG_MAX__=0x7fffffffffffffffLL -D__ULACCUM_MAX__=0XFFFFFFFFFFFFFFFFP-32ULK -D__SIZEOF_WINT_T__=4 -D__LONG_LONG_WIDTH__=64 -D__FLT32_MAX_EXP__=128 -D__ULLACCUM_MIN__=0.0ULLK -D__GXX_ABI_VERSION=1019 -D__UTA_FBIT__=64 '-D__FLT_MIN_EXP__=(-125)' -D__UFRACT_IBIT__=0 -D__INT16_MAX__=0x7fff '-D__INT_FAST64_TYPE__=long long int' -D__FLT64_DENORM_MIN__=4.9406564584124654e-324F64 '-D__DBL_MIN__=((double)2.2250738585072014e-308L)' -D__SIZEOF_POINTER__=4 '-D__SIZE_TYPE__=unsigned int' -D__DBL_HAS_QUIET_NAN__=1 -D__FLT32X_EPSILON__=2.2204460492503131e-16F32x '-D__FLT64_MIN_EXP__=(-1021)' '-D__LACCUM_MIN__=(-0X1P31LK-0X1P31LK)' -D__FRACT_FBIT__=15 -D__ULLACCUM_FBIT__=32 -D__GXX_TYPEINFO_EQUALITY_INLINE=0 '-D__FLT64_MIN_10_EXP__=(-307)' -D__ULLFRACT_EPSILON__=0x1P-64ULLR -D__REGISTER_PREFIX__= -D__UINT16_MAX__=0xffff -D__DBL_HAS_DENORM__=1 '-D__ACCUM_MIN__=(-0X1P15K-0X1P15K)' -D__LDBL_HAS_INFINITY__=1 -D__SQ_IBIT__=0 -D__FLT32_MIN__=1.1754943508222875e-38F32 '-D__UINT8_TYPE__=unsigned char' -D__UHA_FBIT__=8 -D__FLT_DIG__=6 -D__NO_INLINE__=1 '-D__SFRACT_MIN__=(-0.5HR-0.5HR)' -D__UTQ_FBIT__=128 -D__DEC_EVAL_METHOD__=2 -D__FLT_MANT_DIG__=24 -D__LDBL_DECIMAL_DIG__=17 '-D__UINT64_C(c)=c ## ULL' -D__ULLFRACT_FBIT__=64 -D__SOFTFP__=1 -D__FRACT_EPSILON__=0x1P-15R -D__ULACCUM_MIN__=0.0ULK -D__UDA_FBIT__=32 -D__LLACCUM_EPSILON__=0x1P-31LLK -D__GCC_ATOMIC_INT_LOCK_FREE=1 -D__FLOAT_WORD_ORDER__=__ORDER_LITTLE_ENDIAN__ -D__USFRACT_MIN__=0.0UHR -D__FLT32_MANT_DIG__=24 -D__UQQ_IBIT__=0 -D__USFRACT_MAX__=0XFFP-8UHR -D__SCHAR_WIDTH__=8 '-D__INT32_C(c)=c ## L' -D__ORDER_PDP_ENDIAN__=3412 -D__UHQ_FBIT__=16 -D__LLACCUM_FBIT__=31 -D__INT_FAST32_TYPE__=int '-D__UINT_LEAST16_TYPE__=short unsigned int' -D__UINT64_MAX__=0xffffffffffffffffULL -D__FLT_IS_IEC_60559__=1 -D__UDQ_FBIT__=64 '-D__GNUC_WIDE_EXECUTION_CHARSET_NAME="UTF-32LE"' '-D__INT8_TYPE__=signed char' -D__ELF__=1 -D__GCC_ASM_FLAG_OUTPUTS__=1 -D__SACCUM_EPSILON__=0x1P-7HK -D__ULFRACT_EPSILON__=0x1P-32ULR -D__LLFRACT_FBIT__=63 -D__FLT_RADIX__=2 '-D__INT_LEAST16_TYPE__=short int' -D__LDBL_EPSILON__=2.2204460492503131e-16L '-D__UINTMAX_C(c)=c ## ULL' -D__SACCUM_MAX__=0X7FFFP-7HK -D__FLT32X_MIN__=2.2250738585072014e-308F32x -D__SIG_ATOMIC_MAX__=0x7fffffff -D__UACCUM_FBIT__=16 -D__GCC_ATOMIC_WCHAR_T_LOCK_FREE=1 -D__USER_LABEL_PREFIX__= -D__VFP_FP__=1 -D__SIZEOF_PTRDIFF_T__=4 -D__FLT32_HAS_INFINITY__=1 -D__SIZEOF_LONG__=4 -D__LACCUM_EPSILON__=0x1P-31LK -D__LDBL_DIG__=15 -D__FLT64_IS_IEC_60559__=1 '-D__FLT32X_MIN_EXP__=(-1021)' -D__INT_FAST16_MAX__=0x7fffffff -D__GCC_CONSTRUCTIVE_SIZE=64 -D__FLT64_DIG__=15 -D__UINT_FAST32_MAX__=0xffffffffU '-D__UINT_LEAST64_TYPE__=long long unsigned int' -D__SFRACT_EPSILON__=0x1P-7HR -D__FLT_HAS_QUIET_NAN__=1 -D__FLT_MAX_10_EXP__=38 -D__LONG_MAX__=0x7fffffffL -D__SIZEOF_SIZE_T__=4 -D__FLT_HAS_INFINITY__=1 '-D__GNUC_EXECUTION_CHARSET_NAME="UTF-8"' -D__CHAR_UNSIGNED__=1 '-D__UINT_FAST16_TYPE__=unsigned int' -D__ARM_32BIT_STATE=1 -D__INT_FAST32_WIDTH__=32 -D__PRAGMA_REDEFINE_EXTNAME=1 -D__SIZE_WIDTH__=32 -D__INT_LEAST16_MAX__=0x7fff -D__INT64_MAX__=0x7fffffffffffffffLL -D__SACCUM_FBIT__=7 -D__FLT32_DENORM_MIN__=1.4012984643248171e-45F32 -D__SIG_ATOMIC_WIDTH__=32 '-D__INT_LEAST64_TYPE__=long long int' '-D__INT16_TYPE__=short int' '-D__INT_LEAST8_TYPE__=signed char' -D__SQ_FBIT__=31 -D__ARM_ARCH_ISA_THUMB=1 -D__INT_FAST8_MAX__=0x7fffffff -D__ARM_ARCH=4 -D__INTPTR_MAX__=0x7fffffff -D__QQ_FBIT__=7 -D__UTA_IBIT__=64 -D__FLT64_HAS_QUIET_NAN__=1 '-D__FLT32_MIN_10_EXP__=(-37)' -D__FLT32X_DIG__=15 '-D__UINT16_C(c)=c' -D__PTRDIFF_WIDTH__=32 -D__LDBL_MANT_DIG__=53 -D__SFRACT_FBIT__=7 '-D__SACCUM_MIN__=(-0X1P7HK-0X1P7HK)' -D__FLT64_HAS_INFINITY__=1 '-D__SIG_ATOMIC_MIN__=(-__SIG_ATOMIC_MAX__ - 1)' -D__INTPTR_TYPE__=int '-D__UINT16_TYPE__=short unsigned int' '-D__WCHAR_TYPE__=unsigned int' -D__SIZEOF_FLOAT__=4 -D__TQ_FBIT__=127 -D__USQ_FBIT__=32 -D__UINTPTR_MAX__=0xffffffffU -D__INT_FAST64_WIDTH__=64 -D__ULLACCUM_IBIT__=32 -D__FLT32_DECIMAL_DIG__=9 -D__INT_FAST64_MAX__=0x7fffffffffffffffLL -D__GCC_ATOMIC_TEST_AND_SET_TRUEVAL=1 '-D__FLT_NORM_MAX__=3.4028234663852886e+38F' '-D__UINT_FAST64_TYPE__=long long unsigned int' -D__INT_MAX__=0x7fffffff -D__LACCUM_FBIT__=31 -D__USACCUM_MIN__=0.0UHK -D__UHA_IBIT__=8 '-D__INT64_TYPE__=long long int' -D__FLT_MAX_EXP__=128 -D__UTQ_IBIT__=0 -D__DBL_MANT_DIG__=53 -D__INT_LEAST64_MAX__=0x7fffffffffffffffLL -D__GCC_ATOMIC_CHAR16_T_LOCK_FREE=1 '-D__WINT_TYPE__=unsigned int' '-D__UINT_LEAST32_TYPE__=long unsigned int' -D__SIZEOF_SHORT__=2 -D__ULLFRACT_IBIT__=0 '-D__FLT32_NORM_MAX__=3.4028234663852886e+38F32' '-D__LDBL_MIN_EXP__=(-1021)' -D__arm__=1 '-D__FLT64_MAX__=1.7976931348623157e+308F64' -D__UDA_IBIT__=32 -D__WINT_WIDTH__=32 -D__INT_LEAST8_MAX__=0x7f -D__INT_LEAST64_WIDTH__=64 -D__FLT32X_MAX_10_EXP__=308 -D__LFRACT_FBIT__=31 -D__LDBL_MAX_10_EXP__=308 -D__ATOMIC_RELAXED=0 '-D__DBL_EPSILON__=((double)2.2204460492503131e-16L)' '-D__INT_LEAST32_TYPE__=long int' '-D__UINT8_C(c)=c' -D__FLT64_MAX_EXP__=1024 -D__SIZEOF_WCHAR_T__=4 '-D__UINT64_TYPE__=long long unsigned int' -D__LLFRACT_MAX__=0X7FFFFFFFFFFFFFFFP-63LLR '-D__FLT64_NORM_MAX__=1.7976931348623157e+308F64' -D__INTMAX_MAX__=0x7fffffffffffffffLL -D__INT_FAST8_TYPE__=int -D__ULLACCUM_EPSILON__=0x1P-32ULLK -D__USACCUM_MAX__=0XFFFFP-8UHK -D__UHQ_IBIT__=0 -D__ARM_FEATURE_COPROC=1 -D__LLACCUM_IBIT__=32 -D__FLT64_HAS_DENORM__=1 -D__FLT32_EPSILON__=1.1920928955078125e-7F32 -D__DBL_DECIMAL_DIG__=17 -D__STDC_UTF_32__=1 -D__INT_FAST8_WIDTH__=32 '-D__FLT32X_MAX__=1.7976931348623157e+308F32x' -D__TA_FBIT__=63 '-D__DBL_NORM_MAX__=((double)1.7976931348623157e+308L)' -D__BYTE_ORDER__=__ORDER_LITTLE_ENDIAN__ -D__GCC_DESTRUCTIVE_SIZE=64 -D__UDQ_IBIT__=0 -D__INTMAX_WIDTH__=64 -D__ORDER_BIG_ENDIAN__=4321 -D__FLT32_DIG__=6 -D__ACCUM_EPSILON__=0x1P-15K '-D__UINT32_C(c)=c ## UL' -D__FLT_DENORM_MIN__=1.4012984643248171e-45F -D__LLFRACT_IBIT__=0 -D__INT8_MAX__=0x7f -D__LONG_WIDTH__=32 '-D__UINT_FAST32_TYPE__=unsigned int' '-D__FLT32X_NORM_MAX__=1.7976931348623157e+308F32x' '-D__FLT_MAX__=3.4028234663852886e+38F' -D__USACCUM_FBIT__=8 '-D__INT32_TYPE__=long int' -D__SIZEOF_DOUBLE__=8 '-D__FLT_MIN_10_EXP__=(-37)' -D__UFRACT_EPSILON__=0x1P-16UR -D__FLT64_MIN__=2.2250738585072014e-308F64 -D__INT_LEAST32_WIDTH__=32 '-D__INTMAX_TYPE__=long long int' -D__FLT32X_HAS_QUIET_NAN__=1 -D__ATOMIC_CONSUME=1 -D__INT_FAST16_WIDTH__=32 -D__UINTMAX_MAX__=0xffffffffffffffffULL -D__FLT32X_DENORM_MIN__=4.9406564584124654e-324F32x -D__HA_FBIT__=7 -D__DBL_MAX_10_EXP__=308 -D__LDBL_DENORM_MIN__=4.9406564584124654e-324L '-D__INT16_C(c)=c' -D__ATOMIC_RELEASE=3 -D__PTRDIFF_TYPE__=int '-D__LLFRACT_MIN__=(-0.5LLR-0.5LLR)' -D__DA_FBIT__=31 '-D__UINT32_TYPE__=long unsigned int' '-D__FLT32X_MIN_10_EXP__=(-307)' '-D__UINTPTR_TYPE__=unsigned int' -D__USA_IBIT__=16 -D__ARM_EABI__=1 '-D__LDBL_MIN_10_EXP__=(-307)' -D__SIZEOF_LONG_LONG__=8 -D__ULACCUM_EPSILON__=0x1P-32ULK -D__SACCUM_IBIT__=8 -D__GCC_ATOMIC_LLONG_LOCK_FREE=1 -D__FLT_DECIMAL_DIG__=9 -D__UINT_FAST16_MAX__=0xffffffffU '-D__LDBL_NORM_MAX__=1.7976931348623157e+308L' -D__GCC_ATOMIC_SHORT_LOCK_FREE=1 -D__ULLFRACT_MAX__=0XFFFFFFFFFFFFFFFFP-64ULLR '-D__UINT_FAST8_TYPE__=unsigned int' -D__USFRACT_EPSILON__=0x1P-8UHR -D__ULACCUM_FBIT__=32 -D__QQ_IBIT__=0 -D__ATOMIC_ACQ_REL=4 -D__USES_INITFINI__ -I/Users/jie/Documents/arm-gnu-toolchain-14.3.rel1-darwin-arm64-arm-none-eabi/bin/../lib/gcc/arm-none-eabi/14.3.1/include -I/Users/jie/Documents/arm-gnu-toolchain-14.3.rel1-darwin-arm64-arm-none-eabi/bin/../lib/gcc/arm-none-eabi/14.3.1/include-fixed -I/Users/jie/Documents/arm-gnu-toolchain-14.3.rel1-darwin-arm64-arm-none-eabi/bin/../lib/gcc/arm-none-eabi/14.3.1/../../../../arm-none-eabi/include -- CMakeCCompilerId.c
[E 00:37:42 87769] CODEQL_EXTRACTOR_CPP_TRAP_CACHING is not set
[E 00:37:42 87769] CODEQL_EXTRACTOR_CPP_OPTION_TRAP_CACHE_WRITE is not set
[E 00:37:42 87769] CODEQL_EXTRACTOR_CPP_OPTION_TRAP_CACHE_DIR is not set
[E 00:37:42 87769] Initialising TRAP cache at path: 9f/835b/5b18843efca3caaceb3e9f7981b1
[E 00:37:42 87769] Not using TRAP cache
[E 00:37:42 87769] TRAP cache miss
[E 00:37:42 87769] Starting compilation TRAP /Users/jie/Documents/workspace/lcmhalgen/LCMHalTest_DBS/DATABASE_NXP_BMUART_DMA_macbook/trap/cpp/compilations/52/24002108_0.trap.zst
[E 00:37:42 87769] Already archived /Users/jie/Documents/workspace/lcmhalgen/LCMHalTest_DBS/DATABASE_NXP_BMUART_DMA_macbook/src/Users/jie/mcuxpresso-sdk/mcuxsdk/build/CMakeFiles/3.30.0/CompilerIdC/CMakeCCompilerId.c
[E 00:37:42 87769] Creating trap tarball /Users/jie/Documents/workspace/lcmhalgen/LCMHalTest_DBS/DATABASE_NXP_BMUART_DMA_macbook/trap/cpp/tarballs/Users/jie/mcuxpresso-sdk/mcuxsdk/build/CMakeFiles/3.30.0/CompilerIdC/CMakeCCompilerId.c.a8a74968_1.trap.tar.zst
[E 00:37:42 87769] Emitting trap files for CMakeCCompilerId.c
[E 00:37:42 87769] Opening existencedb in /Users/jie/Documents/workspace/lcmhalgen/LCMHalTest_DBS/DATABASE_NXP_BMUART_DMA_macbook/working/existencedb/db
[E 00:37:42 87769] Wrote 0 files to /Users/jie/Documents/workspace/lcmhalgen/LCMHalTest_DBS/DATABASE_NXP_BMUART_DMA_macbook/trap/cpp/tarballs/Users/jie/mcuxpresso-sdk/mcuxsdk/build/CMakeFiles/3.30.0/CompilerIdC/CMakeCCompilerId.c.a8a74968_1.trap.tar.zst
[E 00:37:42 87769] Finished compilation TRAP /Users/jie/Documents/workspace/lcmhalgen/LCMHalTest_DBS/DATABASE_NXP_BMUART_DMA_macbook/trap/cpp/compilations/52/24002108_0.trap.zst
[E 00:37:42 87769] Marking C compilation as happened.
[E 00:37:42 87769] Setting tag c-compilation-happened
[E 00:37:42 87769] Starting from CODEQL_TRACER_DB_ID 00000000000156D7_0000000000000001
[E 00:37:42 87769] Locking DB /Users/jie/Documents/workspace/lcmhalgen/LCMHalTest_DBS/DATABASE_NXP_BMUART_DMA_macbook/working/tags.db
[E 00:37:42 87769] Locked DB /Users/jie/Documents/workspace/lcmhalgen/LCMHalTest_DBS/DATABASE_NXP_BMUART_DMA_macbook/working/tags.db
[E 00:37:42 87769] Set tag for 00000000000156D7_0000000000000001
[E 00:37:42 87769] Set tag for 00000000000156D5_0000000000000001
[E 00:37:42 87769] Set tag for 000000000001555B_0000000000000001
[E 00:37:42 87769] Set tag for 0000000000015501_0000000000000002
[E 00:37:42 87769] Set tag for 0000000000015501_0000000000000001
[E 00:37:42 87769] Set tag for 00000000000154D4_0000000000000003
[E 00:37:42 87769] Set tag for 00000000000154D4_0000000000000002
[E 00:37:42 87769] Set tag for root
[E 00:37:42 87769] Unlocking DB
[E 00:37:42 87769] Unlocked DB
[E 00:37:42 87769] Extractor exited successfully
