[E 00:37:52 89345] CodeQL C/C++ Extractor 2.23.0
[E 00:37:52 89345] Current directory: /Users/jie/mcuxpresso-sdk/mcuxsdk/build
[E 00:37:52 89345] Command: /opt/homebrew/Caskroom/codeql/2.23.0/codeql/cpp/tools/osx64/extractor --mimic /users/jie/documents/arm-gnu-toolchain-14.3.rel1-darwin-arm64-arm-none-eabi/libexec/gcc/arm-none-eabi/14.3.1/cc1 -isystem '=/include/newlib-nano' -quiet -I /Users/jie/mcuxpresso-sdk/mcuxsdk/devices/Kinetis/K32L/K32L2B31A -I /Users/jie/mcuxpresso-sdk/mcuxsdk/devices/Kinetis/K32L/periph2 -I /Users/jie/mcuxpresso-sdk/mcuxsdk/devices/Kinetis/K32L/K32L2B31A/drivers -I /Users/jie/mcuxpresso-sdk/mcuxsdk/arch/arm/CMSIS/Core/Include -I /Users/jie/mcuxpresso-sdk/mcuxsdk/arch/arm/CMSIS/Core/Include/m-profile -I /Users/jie/mcuxpresso-sdk/mcuxsdk/arch/arm/CMSIS/Driver/Include -I /Users/jie/mcuxpresso-sdk/mcuxsdk/examples/_boards/frdmk32l2b -I /Users/jie/mcuxpresso-sdk/mcuxsdk/examples/_boards/frdmk32l2b/cmsis_driver_examples/uart/dma_transfer -I /Users/jie/mcuxpresso-sdk/mcuxsdk/drivers/common -I /Users/jie/mcuxpresso-sdk/mcuxsdk/drivers/dma -I /Users/jie/mcuxpresso-sdk/mcuxsdk/drivers/dmamux -I /Users/jie/mcuxpresso-sdk/mcuxsdk/drivers/gpio -I /Users/jie/mcuxpresso-sdk/mcuxsdk/drivers/lpuart -I /Users/jie/mcuxpresso-sdk/mcuxsdk/drivers/port -I /Users/jie/mcuxpresso-sdk/mcuxsdk/drivers/smc -I /Users/jie/mcuxpresso-sdk/mcuxsdk/drivers/uart -I /Users/jie/mcuxpresso-sdk/mcuxsdk/components/assert -I /Users/jie/mcuxpresso-sdk/mcuxsdk/components/debug_console_lite -I /Users/jie/mcuxpresso-sdk/mcuxsdk/components/str -I /Users/jie/mcuxpresso-sdk/mcuxsdk/components/uart -I /Users/jie/mcuxpresso-sdk/mcuxsdk/components/cmsis_drivers/cmsis_uart -imultilib thumb/v6-m/nofp -iprefix /Users/jie/Documents/arm-gnu-toolchain-14.3.rel1-darwin-arm64-arm-none-eabi/bin/../lib/gcc/arm-none-eabi/14.3.1/ -isysroot /Users/jie/Documents/arm-gnu-toolchain-14.3.rel1-darwin-arm64-arm-none-eabi/bin/../arm-none-eabi -MD CMakeFiles/cmsis_uart_dma_transfer.dir/Users/jie/mcuxpresso-sdk/mcuxsdk/components/uart/fsl_adapter_lpuart.c.d -MF CMakeFiles/cmsis_uart_dma_transfer.dir/Users/jie/mcuxpresso-sdk/mcuxsdk/components/uart/fsl_adapter_lpuart.c.obj.d -MT CMakeFiles/cmsis_uart_dma_transfer.dir/Users/jie/mcuxpresso-sdk/mcuxsdk/components/uart/fsl_adapter_lpuart.c.obj -D__USES_INITFINI__ -D CPU_K32L2B31VLH0A -D K32L2B31A_SERIES -D __STARTUP_CLEAR_BSS -D DEBUG -D MCUX_META_BUILD -D MCUXPRESSO_SDK -D SDK_DEBUGCONSOLE=1 -D FRDM_K32L2B -D FREEDOM -include /Users/jie/mcuxpresso-sdk/mcuxsdk/build/mcux_config.h -include /Users/jie/mcuxpresso-sdk/mcuxsdk/build/mcuxsdk_version.h /Users/jie/mcuxpresso-sdk/mcuxsdk/components/uart/fsl_adapter_lpuart.c -quiet -dumpdir CMakeFiles/cmsis_uart_dma_transfer.dir/Users/jie/mcuxpresso-sdk/mcuxsdk/components/uart/ -dumpbase fsl_adapter_lpuart.c.c -dumpbase-ext .c -mthumb -mapcs -mcpu=cortex-m0plus -mfloat-abi=soft -mlibarch=armv6s-m -march=armv6s-m -g -O0 -Wall -std=gnu99 -fno-common -ffunction-sections -fdata-sections -fno-builtin -fstack-usage -o /var/folders/b3/0hb7dhg16rd56bpwtd8bcnyc0000gn/T//cc3Q4az1.s
[E 00:37:52 89345] Checking whether C compilation already happened.
[E 00:37:52 89345] Checking for tag c-compilation-happened
[E 00:37:52 89345] Checking CODEQL_TRACER_DB_ID 0000000000015CF1_0000000000000001
[E 00:37:52 89345] Locking DB /Users/jie/Documents/workspace/lcmhalgen/LCMHalTest_DBS/DATABASE_NXP_BMUART_DMA_macbook/working/tags.db
[E 00:37:52 89345] Locked DB /Users/jie/Documents/workspace/lcmhalgen/LCMHalTest_DBS/DATABASE_NXP_BMUART_DMA_macbook/working/tags.db
[E 00:37:52 89345] Unlocking DB
[E 00:37:52 89345] Unlocked DB
[E 00:37:52 89345] Looks like C compilation didn't already happen.
[E 00:37:52 89345] Checking whether C compilation has been attempted.
[E 00:37:52 89345] Checking for tag c-compilation-attempted
[E 00:37:52 89345] Checking CODEQL_TRACER_DB_ID 0000000000015CF1_0000000000000001
[E 00:37:52 89345] Locking DB /Users/jie/Documents/workspace/lcmhalgen/LCMHalTest_DBS/DATABASE_NXP_BMUART_DMA_macbook/working/tags.db
[E 00:37:52 89345] Locked DB /Users/jie/Documents/workspace/lcmhalgen/LCMHalTest_DBS/DATABASE_NXP_BMUART_DMA_macbook/working/tags.db
[E 00:37:52 89345] Unlocking DB
[E 00:37:52 89345] Unlocked DB
[E 00:37:52 89345] Marking C compilation as attempted.
[E 00:37:52 89345] Setting tag c-compilation-attempted
[E 00:37:52 89345] Starting from CODEQL_TRACER_DB_ID 0000000000015CF1_0000000000000001
[E 00:37:52 89345] Locking DB /Users/jie/Documents/workspace/lcmhalgen/LCMHalTest_DBS/DATABASE_NXP_BMUART_DMA_macbook/working/tags.db
[E 00:37:52 89345] Locked DB /Users/jie/Documents/workspace/lcmhalgen/LCMHalTest_DBS/DATABASE_NXP_BMUART_DMA_macbook/working/tags.db
[E 00:37:52 89345] Set tag for 0000000000015CF1_0000000000000001
[E 00:37:52 89345] Set tag for 0000000000015CA0_0000000000000003
[E 00:37:52 89345] Set tag for 0000000000015CA0_0000000000000002
[E 00:37:52 89345] Set tag for 0000000000015CA0_0000000000000001
[E 00:37:52 89345] Set tag for 0000000000015992_0000000000000001
[E 00:37:52 89345] Set tag for 000000000001597B_0000000000000001
[E 00:37:52 89345] Set tag for 0000000000015501_0000000000000002
[E 00:37:52 89345] Set tag for 0000000000015501_0000000000000001
[E 00:37:52 89345] Set tag for 00000000000154D4_0000000000000003
[E 00:37:52 89345] Set tag for 00000000000154D4_0000000000000002
[E 00:37:52 89345] Set tag for root
[E 00:37:52 89345] Unlocking DB
[E 00:37:52 89345] Unlocked DB
[E 00:37:52 89345] Processed command line: /opt/homebrew/Caskroom/codeql/2.23.0/codeql/cpp/tools/osx64/extractor --trapfolder /Users/jie/Documents/workspace/lcmhalgen/LCMHalTest_DBS/DATABASE_NXP_BMUART_DMA_macbook/trap/cpp --src_archive /Users/jie/Documents/workspace/lcmhalgen/LCMHalTest_DBS/DATABASE_NXP_BMUART_DMA_macbook/src --object_filename /var/folders/b3/0hb7dhg16rd56bpwtd8bcnyc0000gn/T//cc3Q4az1.s --no_warnings_and_discretionary_errors --error_limit 1000 --disable_system_macros --variadic_macros --incognito --c99 --gcc --gnu_version 140301 --target linux_i686 '-D__DBL_MIN_EXP__=(-1021)' -D__HQ_FBIT__=15 -D__UINT_LEAST16_MAX__=0xffff -D__ARM_SIZEOF_WCHAR_T=4 -D__ATOMIC_ACQUIRE=2 -D__WCHAR_MAX__=0xffffffffU -D__SFRACT_IBIT__=0 -D__FLT_MIN__=1.1754943508222875e-38F -D__GCC_IEC_559_COMPLEX=0 -D__UFRACT_MAX__=0XFFFFP-16UR '-D__UINT_LEAST8_TYPE__=unsigned char' -D__DQ_FBIT__=63 '-D__INTMAX_C(c)=c ## LL' -D__ULFRACT_FBIT__=32 -D__CHAR_BIT__=8 -D__USQ_IBIT__=0 -D__UINT8_MAX__=0xff -D__ACCUM_FBIT__=15 -D__WINT_MAX__=0xffffffffU '-D__FLT32_MIN_EXP__=(-125)' -D__USFRACT_FBIT__=8 -D__ORDER_LITTLE_ENDIAN__=1234 -D__SIZE_MAX__=0xffffffffU -D__LACCUM_IBIT__=32 '-D__DBL_DENORM_MIN__=((double)4.9406564584124654e-324L)' -D__GCC_ATOMIC_CHAR_LOCK_FREE=1 -D__GCC_IEC_559=0 -D__FLT32X_DECIMAL_DIG__=17 -D__FLT_EVAL_METHOD__=0 -D__TQ_IBIT__=0 -D__LLACCUM_MAX__=0X7FFFFFFFFFFFFFFFP-31LLK -D__FLT64_DECIMAL_DIG__=17 -D__GCC_ATOMIC_CHAR32_T_LOCK_FREE=1 -D__UINT_FAST64_MAX__=0xffffffffffffffffULL -D__SIG_ATOMIC_TYPE__=int '-D__DBL_MIN_10_EXP__=(-307)' -D__FINITE_MATH_ONLY__=0 -D__ARMEL__=1 -D__FLT32X_MAX_EXP__=1024 -D__LFRACT_IBIT__=0 -D__FLT32_HAS_DENORM__=1 -D__LFRACT_MAX__=0X7FFFFFFFP-31LR -D__USA_FBIT__=16 -D__UINT_FAST8_MAX__=0xffffffffU -D__FLT32_MAX_10_EXP__=38 '-D__INT8_C(c)=c' -D__INT_LEAST8_WIDTH__=8 -D__UINT_LEAST64_MAX__=0xffffffffffffffffULL -D__SA_FBIT__=15 -D__SHRT_MAX__=0x7fff '-D__LDBL_MAX__=1.7976931348623157e+308L' -D__FRACT_MAX__=0X7FFFP-15R -D__LDBL_IS_IEC_60559__=1 -D__UFRACT_FBIT__=16 -D__UFRACT_MIN__=0.0UR -D__UINT_LEAST8_MAX__=0xff -D__GCC_ATOMIC_BOOL_LOCK_FREE=1 '-D__UINTMAX_TYPE__=long long unsigned int' -D__LLFRACT_EPSILON__=0x1P-63LLR -D__FLT_EVAL_METHOD_TS_18661_3__=0 -D__UINT32_MAX__=0xffffffffUL -D__ULFRACT_MAX__=0XFFFFFFFFP-32ULR -D__TA_IBIT__=64 -D__LDBL_MAX_EXP__=1024 -D__WINT_MIN__=0U -D__FLT32X_IS_IEC_60559__=1 -D__INT_LEAST16_WIDTH__=16 -D__ULLFRACT_MIN__=0.0ULLR -D__SCHAR_MAX__=0x7f -D__WCHAR_MIN__=0U '-D__INT64_C(c)=c ## LL' -D__GCC_ATOMIC_POINTER_LOCK_FREE=1 -D__ATOMIC_SEQ_CST=5 -D__SIZEOF_INT__=4 -D__FLT32X_MANT_DIG__=53 -D__USACCUM_IBIT__=8 '-D__LFRACT_MIN__=(-0.5LR-0.5LR)' -D__HA_IBIT__=8 -D__DBL_DIG__=15 -D__FLT_EPSILON__=1.1920928955078125e-7F -D__APCS_32__=1 -D__SHRT_WIDTH__=16 -D__FLT32_IS_IEC_60559__=1 -D__USFRACT_IBIT__=0 -D__LDBL_MIN__=2.2250738585072014e-308L -D__STDC_UTF_16__=1 -D__DBL_IS_IEC_60559__=1 '-D__FRACT_MIN__=(-0.5R-0.5R)' -D__DA_IBIT__=32 -D__ARM_SIZEOF_MINIMAL_ENUM=1 -D__FLT32X_HAS_INFINITY__=1 -D__INT32_MAX__=0x7fffffffL -D__UQQ_FBIT__=8 -D__INT_WIDTH__=32 -D__UACCUM_MAX__=0XFFFFFFFFP-16UK -D__DECIMAL_DIG__=17 -D__LFRACT_EPSILON__=0x1P-31LR -D__FLT64_EPSILON__=2.2204460492503131e-16F64 -D__ULFRACT_MIN__=0.0ULR -D__LDBL_HAS_QUIET_NAN__=1 -D__ULACCUM_IBIT__=32 -D__FLT64_MANT_DIG__=53 -D__UACCUM_EPSILON__=0x1P-16UK -D__ULLACCUM_MAX__=0XFFFFFFFFFFFFFFFFP-32ULLK -D__HQ_IBIT__=0 -D__FLT_HAS_DENORM__=1 -D__SIZEOF_LONG_DOUBLE__=8 -D__SA_IBIT__=16 -D__BIGGEST_ALIGNMENT__=8 -D__FLT64_MAX_10_EXP__=308 -D__DQ_IBIT__=0 '-D__DBL_MAX__=((double)1.7976931348623157e+308L)' -D__ULFRACT_IBIT__=0 -D__INT_FAST32_MAX__=0x7fffffff -D__DBL_HAS_INFINITY__=1 -D__HAVE_SPECULATION_SAFE_VALUE=1 -D__ACCUM_IBIT__=16 -D__THUMB_INTERWORK__=1 -D__INTPTR_WIDTH__=32 -D__UINT_LEAST32_MAX__=0xffffffffUL -D__LACCUM_MAX__=0X7FFFFFFFFFFFFFFFP-31LK -D__FLT32X_HAS_DENORM__=1 -D__INT_FAST16_TYPE__=int -D__LDBL_HAS_DENORM__=1 -D__INT_LEAST32_MAX__=0x7fffffffL -D__ARM_PCS=1 -D__ACCUM_MAX__=0X7FFFFFFFP-15K -D__ARM_ARCH_6M__=1 -D__DBL_MAX_EXP__=1024 -D__USACCUM_EPSILON__=0x1P-8UHK -D__WCHAR_WIDTH__=32 '-D__FLT32_MAX__=3.4028234663852886e+38F32' -D__GCC_ATOMIC_LONG_LOCK_FREE=1 -D__SFRACT_MAX__=0X7FP-7HR -D__FRACT_IBIT__=0 -D__PTRDIFF_MAX__=0x7fffffff -D__UACCUM_MIN__=0.0UK -D__UACCUM_IBIT__=16 '-D__LLACCUM_MIN__=(-0X1P31LLK-0X1P31LLK)' -D__FLT32_HAS_QUIET_NAN__=1 -D__LONG_LONG_MAX__=0x7fffffffffffffffLL -D__ULACCUM_MAX__=0XFFFFFFFFFFFFFFFFP-32ULK -D__SIZEOF_WINT_T__=4 -D__LONG_LONG_WIDTH__=64 -D__FLT32_MAX_EXP__=128 -D__ULLACCUM_MIN__=0.0ULLK -D__GXX_ABI_VERSION=1019 -D__UTA_FBIT__=64 '-D__FLT_MIN_EXP__=(-125)' -D__UFRACT_IBIT__=0 -D__INT16_MAX__=0x7fff '-D__INT_FAST64_TYPE__=long long int' -D__FLT64_DENORM_MIN__=4.9406564584124654e-324F64 '-D__DBL_MIN__=((double)2.2250738585072014e-308L)' -D__SIZEOF_POINTER__=4 '-D__SIZE_TYPE__=unsigned int' -D__DBL_HAS_QUIET_NAN__=1 -D__FLT32X_EPSILON__=2.2204460492503131e-16F32x '-D__FLT64_MIN_EXP__=(-1021)' '-D__LACCUM_MIN__=(-0X1P31LK-0X1P31LK)' -D__FRACT_FBIT__=15 -D__ULLACCUM_FBIT__=32 -D__GXX_TYPEINFO_EQUALITY_INLINE=0 '-D__FLT64_MIN_10_EXP__=(-307)' -D__ULLFRACT_EPSILON__=0x1P-64ULLR -D__REGISTER_PREFIX__= -D__UINT16_MAX__=0xffff -D__DBL_HAS_DENORM__=1 '-D__ACCUM_MIN__=(-0X1P15K-0X1P15K)' -D__LDBL_HAS_INFINITY__=1 -D__SQ_IBIT__=0 -D__FLT32_MIN__=1.1754943508222875e-38F32 '-D__UINT8_TYPE__=unsigned char' -D__UHA_FBIT__=8 -D__FLT_DIG__=6 -D__NO_INLINE__=1 '-D__SFRACT_MIN__=(-0.5HR-0.5HR)' -D__UTQ_FBIT__=128 -D__DEC_EVAL_METHOD__=2 -D__FLT_MANT_DIG__=24 -D__LDBL_DECIMAL_DIG__=17 '-D__UINT64_C(c)=c ## ULL' -D__ULLFRACT_FBIT__=64 -D__SOFTFP__=1 -D__FRACT_EPSILON__=0x1P-15R -D__ULACCUM_MIN__=0.0ULK -D__UDA_FBIT__=32 -D__LLACCUM_EPSILON__=0x1P-31LLK -D__GCC_ATOMIC_INT_LOCK_FREE=1 -D__FLOAT_WORD_ORDER__=__ORDER_LITTLE_ENDIAN__ -D__USFRACT_MIN__=0.0UHR -D__FLT32_MANT_DIG__=24 -D__UQQ_IBIT__=0 -D__USFRACT_MAX__=0XFFP-8UHR -D__SCHAR_WIDTH__=8 '-D__INT32_C(c)=c ## L' -D__ORDER_PDP_ENDIAN__=3412 -D__UHQ_FBIT__=16 -D__LLACCUM_FBIT__=31 -D__INT_FAST32_TYPE__=int '-D__UINT_LEAST16_TYPE__=short unsigned int' -D__UINT64_MAX__=0xffffffffffffffffULL -D__FLT_IS_IEC_60559__=1 -D__UDQ_FBIT__=64 '-D__GNUC_WIDE_EXECUTION_CHARSET_NAME="UTF-32LE"' '-D__INT8_TYPE__=signed char' -D__thumb__=1 -D__ELF__=1 -D__SACCUM_EPSILON__=0x1P-7HK -D__ULFRACT_EPSILON__=0x1P-32ULR -D__LLFRACT_FBIT__=63 -D__FLT_RADIX__=2 '-D__INT_LEAST16_TYPE__=short int' -D__ARM_ARCH_PROFILE=77 -D__LDBL_EPSILON__=2.2204460492503131e-16L '-D__UINTMAX_C(c)=c ## ULL' -D__SACCUM_MAX__=0X7FFFP-7HK -D__FLT32X_MIN__=2.2250738585072014e-308F32x -D__SIG_ATOMIC_MAX__=0x7fffffff -D__UACCUM_FBIT__=16 -D__GCC_ATOMIC_WCHAR_T_LOCK_FREE=1 -D__USER_LABEL_PREFIX__= -D__VFP_FP__=1 -D__SIZEOF_PTRDIFF_T__=4 -D__FLT32_HAS_INFINITY__=1 -D__SIZEOF_LONG__=4 -D__LACCUM_EPSILON__=0x1P-31LK -D__LDBL_DIG__=15 -D__FLT64_IS_IEC_60559__=1 '-D__FLT32X_MIN_EXP__=(-1021)' -D__INT_FAST16_MAX__=0x7fffffff -D__GCC_CONSTRUCTIVE_SIZE=64 -D__FLT64_DIG__=15 -D__UINT_FAST32_MAX__=0xffffffffU '-D__UINT_LEAST64_TYPE__=long long unsigned int' -D__SFRACT_EPSILON__=0x1P-7HR -D__FLT_HAS_QUIET_NAN__=1 -D__FLT_MAX_10_EXP__=38 -D__LONG_MAX__=0x7fffffffL -D__SIZEOF_SIZE_T__=4 -D__FLT_HAS_INFINITY__=1 '-D__GNUC_EXECUTION_CHARSET_NAME="UTF-8"' -D__CHAR_UNSIGNED__=1 '-D__UINT_FAST16_TYPE__=unsigned int' -D__INT_FAST32_WIDTH__=32 -D__PRAGMA_REDEFINE_EXTNAME=1 -D__SIZE_WIDTH__=32 -D__INT_LEAST16_MAX__=0x7fff -D__INT64_MAX__=0x7fffffffffffffffLL -D__SACCUM_FBIT__=7 -D__FLT32_DENORM_MIN__=1.4012984643248171e-45F32 -D__SIG_ATOMIC_WIDTH__=32 '-D__INT_LEAST64_TYPE__=long long int' '-D__INT16_TYPE__=short int' '-D__INT_LEAST8_TYPE__=signed char' -D__SQ_FBIT__=31 -D__ARM_ARCH_ISA_THUMB=1 -D__INT_FAST8_MAX__=0x7fffffff -D__ARM_ARCH=6 -D__INTPTR_MAX__=0x7fffffff -D__QQ_FBIT__=7 -D__UTA_IBIT__=64 -D__FLT64_HAS_QUIET_NAN__=1 '-D__FLT32_MIN_10_EXP__=(-37)' -D__FLT32X_DIG__=15 '-D__UINT16_C(c)=c' -D__PTRDIFF_WIDTH__=32 -D__LDBL_MANT_DIG__=53 -D__SFRACT_FBIT__=7 '-D__SACCUM_MIN__=(-0X1P7HK-0X1P7HK)' -D__FLT64_HAS_INFINITY__=1 '-D__SIG_ATOMIC_MIN__=(-__SIG_ATOMIC_MAX__ - 1)' -D__INTPTR_TYPE__=int '-D__UINT16_TYPE__=short unsigned int' '-D__WCHAR_TYPE__=unsigned int' -D__SIZEOF_FLOAT__=4 -D__THUMBEL__=1 -D__TQ_FBIT__=127 -D__USQ_FBIT__=32 -D__UINTPTR_MAX__=0xffffffffU -D__INT_FAST64_WIDTH__=64 -D__ULLACCUM_IBIT__=32 -D__FLT32_DECIMAL_DIG__=9 -D__INT_FAST64_MAX__=0x7fffffffffffffffLL -D__GCC_ATOMIC_TEST_AND_SET_TRUEVAL=1 '-D__FLT_NORM_MAX__=3.4028234663852886e+38F' '-D__UINT_FAST64_TYPE__=long long unsigned int' -D__INT_MAX__=0x7fffffff -D__LACCUM_FBIT__=31 -D__USACCUM_MIN__=0.0UHK -D__UHA_IBIT__=8 '-D__INT64_TYPE__=long long int' -D__FLT_MAX_EXP__=128 -D__UTQ_IBIT__=0 -D__DBL_MANT_DIG__=53 -D__INT_LEAST64_MAX__=0x7fffffffffffffffLL -D__GCC_ATOMIC_CHAR16_T_LOCK_FREE=1 '-D__WINT_TYPE__=unsigned int' '-D__UINT_LEAST32_TYPE__=long unsigned int' -D__SIZEOF_SHORT__=2 -D__ULLFRACT_IBIT__=0 '-D__FLT32_NORM_MAX__=3.4028234663852886e+38F32' '-D__LDBL_MIN_EXP__=(-1021)' -D__arm__=1 '-D__FLT64_MAX__=1.7976931348623157e+308F64' -D__UDA_IBIT__=32 -D__WINT_WIDTH__=32 -D__INT_LEAST8_MAX__=0x7f -D__INT_LEAST64_WIDTH__=64 -D__FLT32X_MAX_10_EXP__=308 -D__LFRACT_FBIT__=31 -D__LDBL_MAX_10_EXP__=308 -D__ATOMIC_RELAXED=0 '-D__DBL_EPSILON__=((double)2.2204460492503131e-16L)' '-D__INT_LEAST32_TYPE__=long int' '-D__UINT8_C(c)=c' -D__FLT64_MAX_EXP__=1024 -D__SIZEOF_WCHAR_T__=4 '-D__UINT64_TYPE__=long long unsigned int' -D__LLFRACT_MAX__=0X7FFFFFFFFFFFFFFFP-63LLR '-D__FLT64_NORM_MAX__=1.7976931348623157e+308F64' -D__INTMAX_MAX__=0x7fffffffffffffffLL -D__INT_FAST8_TYPE__=int -D__ULLACCUM_EPSILON__=0x1P-32ULLK -D__USACCUM_MAX__=0XFFFFP-8UHK -D__UHQ_IBIT__=0 -D__LLACCUM_IBIT__=32 -D__FLT64_HAS_DENORM__=1 -D__FLT32_EPSILON__=1.1920928955078125e-7F32 -D__DBL_DECIMAL_DIG__=17 -D__STDC_UTF_32__=1 -D__INT_FAST8_WIDTH__=32 '-D__FLT32X_MAX__=1.7976931348623157e+308F32x' -D__TA_FBIT__=63 '-D__DBL_NORM_MAX__=((double)1.7976931348623157e+308L)' -D__BYTE_ORDER__=__ORDER_LITTLE_ENDIAN__ -D__GCC_DESTRUCTIVE_SIZE=64 -D__UDQ_IBIT__=0 -D__INTMAX_WIDTH__=64 -D__ORDER_BIG_ENDIAN__=4321 -D__FLT32_DIG__=6 -D__ACCUM_EPSILON__=0x1P-15K '-D__UINT32_C(c)=c ## UL' -D__FLT_DENORM_MIN__=1.4012984643248171e-45F -D__LLFRACT_IBIT__=0 -D__INT8_MAX__=0x7f -D__LONG_WIDTH__=32 '-D__UINT_FAST32_TYPE__=unsigned int' '-D__FLT32X_NORM_MAX__=1.7976931348623157e+308F32x' '-D__FLT_MAX__=3.4028234663852886e+38F' -D__USACCUM_FBIT__=8 '-D__INT32_TYPE__=long int' -D__SIZEOF_DOUBLE__=8 '-D__FLT_MIN_10_EXP__=(-37)' -D__UFRACT_EPSILON__=0x1P-16UR -D__FLT64_MIN__=2.2250738585072014e-308F64 -D__INT_LEAST32_WIDTH__=32 '-D__INTMAX_TYPE__=long long int' -D__FLT32X_HAS_QUIET_NAN__=1 -D__ATOMIC_CONSUME=1 -D__INT_FAST16_WIDTH__=32 -D__UINTMAX_MAX__=0xffffffffffffffffULL -D__FLT32X_DENORM_MIN__=4.9406564584124654e-324F32x -D__HA_FBIT__=7 -D__DBL_MAX_10_EXP__=308 -D__LDBL_DENORM_MIN__=4.9406564584124654e-324L '-D__INT16_C(c)=c' -D__ATOMIC_RELEASE=3 -D__PTRDIFF_TYPE__=int '-D__LLFRACT_MIN__=(-0.5LLR-0.5LLR)' -D__DA_FBIT__=31 '-D__UINT32_TYPE__=long unsigned int' '-D__FLT32X_MIN_10_EXP__=(-307)' '-D__UINTPTR_TYPE__=unsigned int' -D__USA_IBIT__=16 -D__ARM_EABI__=1 '-D__LDBL_MIN_10_EXP__=(-307)' -D__SIZEOF_LONG_LONG__=8 -D__ULACCUM_EPSILON__=0x1P-32ULK -D__SACCUM_IBIT__=8 -D__GCC_ATOMIC_LLONG_LOCK_FREE=1 -D__FLT_DECIMAL_DIG__=9 -D__UINT_FAST16_MAX__=0xffffffffU '-D__LDBL_NORM_MAX__=1.7976931348623157e+308L' -D__GCC_ATOMIC_SHORT_LOCK_FREE=1 -D__ULLFRACT_MAX__=0XFFFFFFFFFFFFFFFFP-64ULLR '-D__UINT_FAST8_TYPE__=unsigned int' -D__USFRACT_EPSILON__=0x1P-8UHR -D__ULACCUM_FBIT__=32 -D__QQ_IBIT__=0 -D__ATOMIC_ACQ_REL=4 -D__USES_INITFINI__ -DCPU_K32L2B31VLH0A -DK32L2B31A_SERIES -D__STARTUP_CLEAR_BSS -DDEBUG -DMCUX_META_BUILD -DMCUXPRESSO_SDK -DSDK_DEBUGCONSOLE=1 -DFRDM_K32L2B -DFREEDOM --preinclude /Users/jie/mcuxpresso-sdk/mcuxsdk/build/mcux_config.h --preinclude /Users/jie/mcuxpresso-sdk/mcuxsdk/build/mcuxsdk_version.h -I/Users/jie/mcuxpresso-sdk/mcuxsdk/devices/Kinetis/K32L/K32L2B31A -I/Users/jie/mcuxpresso-sdk/mcuxsdk/devices/Kinetis/K32L/periph2 -I/Users/jie/mcuxpresso-sdk/mcuxsdk/devices/Kinetis/K32L/K32L2B31A/drivers -I/Users/jie/mcuxpresso-sdk/mcuxsdk/arch/arm/CMSIS/Core/Include -I/Users/jie/mcuxpresso-sdk/mcuxsdk/arch/arm/CMSIS/Core/Include/m-profile -I/Users/jie/mcuxpresso-sdk/mcuxsdk/arch/arm/CMSIS/Driver/Include -I/Users/jie/mcuxpresso-sdk/mcuxsdk/examples/_boards/frdmk32l2b -I/Users/jie/mcuxpresso-sdk/mcuxsdk/examples/_boards/frdmk32l2b/cmsis_driver_examples/uart/dma_transfer -I/Users/jie/mcuxpresso-sdk/mcuxsdk/drivers/common -I/Users/jie/mcuxpresso-sdk/mcuxsdk/drivers/dma -I/Users/jie/mcuxpresso-sdk/mcuxsdk/drivers/dmamux -I/Users/jie/mcuxpresso-sdk/mcuxsdk/drivers/gpio -I/Users/jie/mcuxpresso-sdk/mcuxsdk/drivers/lpuart -I/Users/jie/mcuxpresso-sdk/mcuxsdk/drivers/port -I/Users/jie/mcuxpresso-sdk/mcuxsdk/drivers/smc -I/Users/jie/mcuxpresso-sdk/mcuxsdk/drivers/uart -I/Users/jie/mcuxpresso-sdk/mcuxsdk/components/assert -I/Users/jie/mcuxpresso-sdk/mcuxsdk/components/debug_console_lite -I/Users/jie/mcuxpresso-sdk/mcuxsdk/components/str -I/Users/jie/mcuxpresso-sdk/mcuxsdk/components/uart -I/Users/jie/mcuxpresso-sdk/mcuxsdk/components/cmsis_drivers/cmsis_uart -I/Users/jie/Documents/arm-gnu-toolchain-14.3.rel1-darwin-arm64-arm-none-eabi/bin/../arm-none-eabi/include/newlib-nano -I/Users/jie/Documents/arm-gnu-toolchain-14.3.rel1-darwin-arm64-arm-none-eabi/bin/../lib/gcc/arm-none-eabi/14.3.1/include -I/Users/jie/Documents/arm-gnu-toolchain-14.3.rel1-darwin-arm64-arm-none-eabi/bin/../lib/gcc/arm-none-eabi/14.3.1/include-fixed -I/Users/jie/Documents/arm-gnu-toolchain-14.3.rel1-darwin-arm64-arm-none-eabi/bin/../lib/gcc/arm-none-eabi/14.3.1/../../../../arm-none-eabi/include -- /Users/jie/mcuxpresso-sdk/mcuxsdk/components/uart/fsl_adapter_lpuart.c
[E 00:37:52 89345] CODEQL_EXTRACTOR_CPP_TRAP_CACHING is not set
[E 00:37:52 89345] CODEQL_EXTRACTOR_CPP_OPTION_TRAP_CACHE_WRITE is not set
[E 00:37:52 89345] CODEQL_EXTRACTOR_CPP_OPTION_TRAP_CACHE_DIR is not set
[E 00:37:52 89345] Initialising TRAP cache at path: 6d/5658/58a7c5a4ba3bc8c42c1f4cbc9fc2
[E 00:37:52 89345] Not using TRAP cache
[E 00:37:52 89345] TRAP cache miss
[E 00:37:52 89345] Starting compilation TRAP /Users/jie/Documents/workspace/lcmhalgen/LCMHalTest_DBS/DATABASE_NXP_BMUART_DMA_macbook/trap/cpp/compilations/3/31297686_0.trap.zst
[E 00:37:52 89345] Archiving /Users/jie/Documents/workspace/lcmhalgen/LCMHalTest_DBS/DATABASE_NXP_BMUART_DMA_macbook/src/Users/jie/mcuxpresso-sdk/mcuxsdk/components/uart/fsl_adapter_lpuart.c
[E 00:37:52 89345] Already archived /Users/jie/Documents/workspace/lcmhalgen/LCMHalTest_DBS/DATABASE_NXP_BMUART_DMA_macbook/src/Users/jie/mcuxpresso-sdk/mcuxsdk/build/mcux_config.h
[E 00:37:52 89345] Already archived /Users/jie/Documents/workspace/lcmhalgen/LCMHalTest_DBS/DATABASE_NXP_BMUART_DMA_macbook/src/Users/jie/mcuxpresso-sdk/mcuxsdk/build/mcuxsdk_version.h
[E 00:37:52 89345] Already archived /Users/jie/Documents/workspace/lcmhalgen/LCMHalTest_DBS/DATABASE_NXP_BMUART_DMA_macbook/src/Users/jie/mcuxpresso-sdk/mcuxsdk/drivers/lpuart/fsl_lpuart.h
[E 00:37:52 89345] Already archived /Users/jie/Documents/workspace/lcmhalgen/LCMHalTest_DBS/DATABASE_NXP_BMUART_DMA_macbook/src/Users/jie/mcuxpresso-sdk/mcuxsdk/drivers/common/fsl_common.h
[E 00:37:52 89345] Already archived /Users/jie/Documents/workspace/lcmhalgen/LCMHalTest_DBS/DATABASE_NXP_BMUART_DMA_macbook/src/Users/jie/Documents/arm-gnu-toolchain-14.3.rel1-darwin-arm64-arm-none-eabi/arm-none-eabi/include/assert.h
[E 00:37:52 89345] Already archived /Users/jie/Documents/workspace/lcmhalgen/LCMHalTest_DBS/DATABASE_NXP_BMUART_DMA_macbook/src/Users/jie/Documents/arm-gnu-toolchain-14.3.rel1-darwin-arm64-arm-none-eabi/arm-none-eabi/include/_ansi.h
[E 00:37:52 89345] Already archived /Users/jie/Documents/workspace/lcmhalgen/LCMHalTest_DBS/DATABASE_NXP_BMUART_DMA_macbook/src/Users/jie/Documents/arm-gnu-toolchain-14.3.rel1-darwin-arm64-arm-none-eabi/arm-none-eabi/include/newlib-nano/newlib.h
[E 00:37:52 89345] Already archived /Users/jie/Documents/workspace/lcmhalgen/LCMHalTest_DBS/DATABASE_NXP_BMUART_DMA_macbook/src/Users/jie/Documents/arm-gnu-toolchain-14.3.rel1-darwin-arm64-arm-none-eabi/arm-none-eabi/include/_newlib_version.h
[E 00:37:52 89345] Already archived /Users/jie/Documents/workspace/lcmhalgen/LCMHalTest_DBS/DATABASE_NXP_BMUART_DMA_macbook/src/Users/jie/Documents/arm-gnu-toolchain-14.3.rel1-darwin-arm64-arm-none-eabi/arm-none-eabi/include/sys/config.h
[E 00:37:52 89345] Already archived /Users/jie/Documents/workspace/lcmhalgen/LCMHalTest_DBS/DATABASE_NXP_BMUART_DMA_macbook/src/Users/jie/Documents/arm-gnu-toolchain-14.3.rel1-darwin-arm64-arm-none-eabi/arm-none-eabi/include/machine/ieeefp.h
[E 00:37:52 89345] Already archived /Users/jie/Documents/workspace/lcmhalgen/LCMHalTest_DBS/DATABASE_NXP_BMUART_DMA_macbook/src/Users/jie/Documents/arm-gnu-toolchain-14.3.rel1-darwin-arm64-arm-none-eabi/arm-none-eabi/include/sys/features.h
[E 00:37:52 89345] Already archived /Users/jie/Documents/workspace/lcmhalgen/LCMHalTest_DBS/DATABASE_NXP_BMUART_DMA_macbook/src/Users/jie/Documents/arm-gnu-toolchain-14.3.rel1-darwin-arm64-arm-none-eabi/lib/gcc/arm-none-eabi/14.3.1/include/stdbool.h
[E 00:37:52 89345] Already archived /Users/jie/Documents/workspace/lcmhalgen/LCMHalTest_DBS/DATABASE_NXP_BMUART_DMA_macbook/src/Users/jie/Documents/arm-gnu-toolchain-14.3.rel1-darwin-arm64-arm-none-eabi/lib/gcc/arm-none-eabi/14.3.1/include/stdint.h
[E 00:37:52 89345] Already archived /Users/jie/Documents/workspace/lcmhalgen/LCMHalTest_DBS/DATABASE_NXP_BMUART_DMA_macbook/src/Users/jie/Documents/arm-gnu-toolchain-14.3.rel1-darwin-arm64-arm-none-eabi/arm-none-eabi/include/stdint.h
[E 00:37:52 89345] Already archived /Users/jie/Documents/workspace/lcmhalgen/LCMHalTest_DBS/DATABASE_NXP_BMUART_DMA_macbook/src/Users/jie/Documents/arm-gnu-toolchain-14.3.rel1-darwin-arm64-arm-none-eabi/arm-none-eabi/include/machine/_default_types.h
[E 00:37:52 89345] Already archived /Users/jie/Documents/workspace/lcmhalgen/LCMHalTest_DBS/DATABASE_NXP_BMUART_DMA_macbook/src/Users/jie/Documents/arm-gnu-toolchain-14.3.rel1-darwin-arm64-arm-none-eabi/arm-none-eabi/include/sys/_intsup.h
[E 00:37:52 89345] Already archived /Users/jie/Documents/workspace/lcmhalgen/LCMHalTest_DBS/DATABASE_NXP_BMUART_DMA_macbook/src/Users/jie/Documents/arm-gnu-toolchain-14.3.rel1-darwin-arm64-arm-none-eabi/arm-none-eabi/include/sys/_stdint.h
[E 00:37:52 89345] Already archived /Users/jie/Documents/workspace/lcmhalgen/LCMHalTest_DBS/DATABASE_NXP_BMUART_DMA_macbook/src/Users/jie/Documents/arm-gnu-toolchain-14.3.rel1-darwin-arm64-arm-none-eabi/arm-none-eabi/include/string.h
[E 00:37:52 89345] Already archived /Users/jie/Documents/workspace/lcmhalgen/LCMHalTest_DBS/DATABASE_NXP_BMUART_DMA_macbook/src/Users/jie/Documents/arm-gnu-toolchain-14.3.rel1-darwin-arm64-arm-none-eabi/arm-none-eabi/include/sys/reent.h
[E 00:37:52 89345] Already archived /Users/jie/Documents/workspace/lcmhalgen/LCMHalTest_DBS/DATABASE_NXP_BMUART_DMA_macbook/src/Users/jie/Documents/arm-gnu-toolchain-14.3.rel1-darwin-arm64-arm-none-eabi/lib/gcc/arm-none-eabi/14.3.1/include/stddef.h
[E 00:37:52 89345] Already archived /Users/jie/Documents/workspace/lcmhalgen/LCMHalTest_DBS/DATABASE_NXP_BMUART_DMA_macbook/src/Users/jie/Documents/arm-gnu-toolchain-14.3.rel1-darwin-arm64-arm-none-eabi/arm-none-eabi/include/sys/cdefs.h
[E 00:37:52 89345] Already archived /Users/jie/Documents/workspace/lcmhalgen/LCMHalTest_DBS/DATABASE_NXP_BMUART_DMA_macbook/src/Users/jie/Documents/arm-gnu-toolchain-14.3.rel1-darwin-arm64-arm-none-eabi/lib/gcc/arm-none-eabi/14.3.1/include/stddef.h
[E 00:37:52 89345] Already archived /Users/jie/Documents/workspace/lcmhalgen/LCMHalTest_DBS/DATABASE_NXP_BMUART_DMA_macbook/src/Users/jie/Documents/arm-gnu-toolchain-14.3.rel1-darwin-arm64-arm-none-eabi/arm-none-eabi/include/sys/_types.h
[E 00:37:52 89345] Already archived /Users/jie/Documents/workspace/lcmhalgen/LCMHalTest_DBS/DATABASE_NXP_BMUART_DMA_macbook/src/Users/jie/Documents/arm-gnu-toolchain-14.3.rel1-darwin-arm64-arm-none-eabi/lib/gcc/arm-none-eabi/14.3.1/include/stddef.h
[E 00:37:52 89345] Already archived /Users/jie/Documents/workspace/lcmhalgen/LCMHalTest_DBS/DATABASE_NXP_BMUART_DMA_macbook/src/Users/jie/Documents/arm-gnu-toolchain-14.3.rel1-darwin-arm64-arm-none-eabi/arm-none-eabi/include/machine/_types.h
[E 00:37:52 89345] Already archived /Users/jie/Documents/workspace/lcmhalgen/LCMHalTest_DBS/DATABASE_NXP_BMUART_DMA_macbook/src/Users/jie/Documents/arm-gnu-toolchain-14.3.rel1-darwin-arm64-arm-none-eabi/arm-none-eabi/include/sys/lock.h
[E 00:37:52 89345] Already archived /Users/jie/Documents/workspace/lcmhalgen/LCMHalTest_DBS/DATABASE_NXP_BMUART_DMA_macbook/src/Users/jie/Documents/arm-gnu-toolchain-14.3.rel1-darwin-arm64-arm-none-eabi/arm-none-eabi/include/assert.h
[E 00:37:52 89345] Already archived /Users/jie/Documents/workspace/lcmhalgen/LCMHalTest_DBS/DATABASE_NXP_BMUART_DMA_macbook/src/Users/jie/Documents/arm-gnu-toolchain-14.3.rel1-darwin-arm64-arm-none-eabi/lib/gcc/arm-none-eabi/14.3.1/include/stddef.h
[E 00:37:52 89345] Already archived /Users/jie/Documents/workspace/lcmhalgen/LCMHalTest_DBS/DATABASE_NXP_BMUART_DMA_macbook/src/Users/jie/Documents/arm-gnu-toolchain-14.3.rel1-darwin-arm64-arm-none-eabi/arm-none-eabi/include/sys/_locale.h
[E 00:37:52 89345] Already archived /Users/jie/Documents/workspace/lcmhalgen/LCMHalTest_DBS/DATABASE_NXP_BMUART_DMA_macbook/src/Users/jie/Documents/arm-gnu-toolchain-14.3.rel1-darwin-arm64-arm-none-eabi/arm-none-eabi/include/strings.h
[E 00:37:52 89345] Already archived /Users/jie/Documents/workspace/lcmhalgen/LCMHalTest_DBS/DATABASE_NXP_BMUART_DMA_macbook/src/Users/jie/Documents/arm-gnu-toolchain-14.3.rel1-darwin-arm64-arm-none-eabi/arm-none-eabi/include/sys/string.h
[E 00:37:52 89345] Already archived /Users/jie/Documents/workspace/lcmhalgen/LCMHalTest_DBS/DATABASE_NXP_BMUART_DMA_macbook/src/Users/jie/Documents/arm-gnu-toolchain-14.3.rel1-darwin-arm64-arm-none-eabi/arm-none-eabi/include/stdlib.h
[E 00:37:52 89345] Already archived /Users/jie/Documents/workspace/lcmhalgen/LCMHalTest_DBS/DATABASE_NXP_BMUART_DMA_macbook/src/Users/jie/Documents/arm-gnu-toolchain-14.3.rel1-darwin-arm64-arm-none-eabi/arm-none-eabi/include/machine/ieeefp.h
[E 00:37:52 89345] Already archived /Users/jie/Documents/workspace/lcmhalgen/LCMHalTest_DBS/DATABASE_NXP_BMUART_DMA_macbook/src/Users/jie/Documents/arm-gnu-toolchain-14.3.rel1-darwin-arm64-arm-none-eabi/lib/gcc/arm-none-eabi/14.3.1/include/stddef.h
[E 00:37:52 89345] Already archived /Users/jie/Documents/workspace/lcmhalgen/LCMHalTest_DBS/DATABASE_NXP_BMUART_DMA_macbook/src/Users/jie/Documents/arm-gnu-toolchain-14.3.rel1-darwin-arm64-arm-none-eabi/arm-none-eabi/include/machine/stdlib.h
[E 00:37:52 89345] Already archived /Users/jie/Documents/workspace/lcmhalgen/LCMHalTest_DBS/DATABASE_NXP_BMUART_DMA_macbook/src/Users/jie/Documents/arm-gnu-toolchain-14.3.rel1-darwin-arm64-arm-none-eabi/arm-none-eabi/include/alloca.h
[E 00:37:52 89345] Already archived /Users/jie/Documents/workspace/lcmhalgen/LCMHalTest_DBS/DATABASE_NXP_BMUART_DMA_macbook/src/Users/jie/Documents/arm-gnu-toolchain-14.3.rel1-darwin-arm64-arm-none-eabi/lib/gcc/arm-none-eabi/14.3.1/include/stddef.h
[E 00:37:52 89345] Already archived /Users/jie/Documents/workspace/lcmhalgen/LCMHalTest_DBS/DATABASE_NXP_BMUART_DMA_macbook/src/Users/jie/mcuxpresso-sdk/mcuxsdk/devices/Kinetis/K32L/K32L2B31A/fsl_device_registers.h
[E 00:37:52 89345] Already archived /Users/jie/Documents/workspace/lcmhalgen/LCMHalTest_DBS/DATABASE_NXP_BMUART_DMA_macbook/src/Users/jie/mcuxpresso-sdk/mcuxsdk/devices/Kinetis/K32L/K32L2B31A/K32L2B31A.h
[E 00:37:52 89345] Already archived /Users/jie/Documents/workspace/lcmhalgen/LCMHalTest_DBS/DATABASE_NXP_BMUART_DMA_macbook/src/Users/jie/mcuxpresso-sdk/mcuxsdk/devices/Kinetis/K32L/periph2/PERI_ADC.h
[E 00:37:52 89345] Already archived /Users/jie/Documents/workspace/lcmhalgen/LCMHalTest_DBS/DATABASE_NXP_BMUART_DMA_macbook/src/Users/jie/mcuxpresso-sdk/mcuxsdk/devices/Kinetis/K32L/K32L2B31A/K32L2B31A_COMMON.h
[E 00:37:52 89345] Already archived /Users/jie/Documents/workspace/lcmhalgen/LCMHalTest_DBS/DATABASE_NXP_BMUART_DMA_macbook/src/Users/jie/mcuxpresso-sdk/mcuxsdk/arch/arm/CMSIS/Core/Include/core_cm0plus.h
[E 00:37:52 89345] Already archived /Users/jie/Documents/workspace/lcmhalgen/LCMHalTest_DBS/DATABASE_NXP_BMUART_DMA_macbook/src/Users/jie/mcuxpresso-sdk/mcuxsdk/arch/arm/CMSIS/Core/Include/cmsis_version.h
[E 00:37:52 89345] Already archived /Users/jie/Documents/workspace/lcmhalgen/LCMHalTest_DBS/DATABASE_NXP_BMUART_DMA_macbook/src/Users/jie/mcuxpresso-sdk/mcuxsdk/arch/arm/CMSIS/Core/Include/cmsis_compiler.h
[E 00:37:52 89345] Already archived /Users/jie/Documents/workspace/lcmhalgen/LCMHalTest_DBS/DATABASE_NXP_BMUART_DMA_macbook/src/Users/jie/mcuxpresso-sdk/mcuxsdk/arch/arm/CMSIS/Core/Include/cmsis_gcc.h
[E 00:37:52 89345] Already archived /Users/jie/Documents/workspace/lcmhalgen/LCMHalTest_DBS/DATABASE_NXP_BMUART_DMA_macbook/src/Users/jie/Documents/arm-gnu-toolchain-14.3.rel1-darwin-arm64-arm-none-eabi/lib/gcc/arm-none-eabi/14.3.1/include/arm_acle.h
[E 00:37:52 89345] Already archived /Users/jie/Documents/workspace/lcmhalgen/LCMHalTest_DBS/DATABASE_NXP_BMUART_DMA_macbook/src/Users/jie/mcuxpresso-sdk/mcuxsdk/arch/arm/CMSIS/Core/Include/m-profile/cmsis_gcc_m.h
[E 00:37:52 89345] Already archived /Users/jie/Documents/workspace/lcmhalgen/LCMHalTest_DBS/DATABASE_NXP_BMUART_DMA_macbook/src/Users/jie/mcuxpresso-sdk/mcuxsdk/devices/Kinetis/K32L/K32L2B31A/system_K32L2B31A.h
[E 00:37:52 89345] Already archived /Users/jie/Documents/workspace/lcmhalgen/LCMHalTest_DBS/DATABASE_NXP_BMUART_DMA_macbook/src/Users/jie/mcuxpresso-sdk/mcuxsdk/devices/Kinetis/K32L/K32L2B31A/K32L2B31A_features.h
[E 00:37:52 89345] Already archived /Users/jie/Documents/workspace/lcmhalgen/LCMHalTest_DBS/DATABASE_NXP_BMUART_DMA_macbook/src/Users/jie/mcuxpresso-sdk/mcuxsdk/devices/Kinetis/K32L/periph2/PERI_CMP.h
[E 00:37:52 89345] Already archived /Users/jie/Documents/workspace/lcmhalgen/LCMHalTest_DBS/DATABASE_NXP_BMUART_DMA_macbook/src/Users/jie/mcuxpresso-sdk/mcuxsdk/devices/Kinetis/K32L/periph2/PERI_DAC.h
[E 00:37:52 89345] Already archived /Users/jie/Documents/workspace/lcmhalgen/LCMHalTest_DBS/DATABASE_NXP_BMUART_DMA_macbook/src/Users/jie/mcuxpresso-sdk/mcuxsdk/devices/Kinetis/K32L/periph2/PERI_DMA.h
[E 00:37:52 89345] Already archived /Users/jie/Documents/workspace/lcmhalgen/LCMHalTest_DBS/DATABASE_NXP_BMUART_DMA_macbook/src/Users/jie/mcuxpresso-sdk/mcuxsdk/devices/Kinetis/K32L/periph2/PERI_DMAMUX.h
[E 00:37:52 89345] Already archived /Users/jie/Documents/workspace/lcmhalgen/LCMHalTest_DBS/DATABASE_NXP_BMUART_DMA_macbook/src/Users/jie/mcuxpresso-sdk/mcuxsdk/devices/Kinetis/K32L/periph2/PERI_FGPIO.h
[E 00:37:52 89345] Already archived /Users/jie/Documents/workspace/lcmhalgen/LCMHalTest_DBS/DATABASE_NXP_BMUART_DMA_macbook/src/Users/jie/mcuxpresso-sdk/mcuxsdk/devices/Kinetis/K32L/periph2/PERI_FLEXIO.h
[E 00:37:52 89345] Already archived /Users/jie/Documents/workspace/lcmhalgen/LCMHalTest_DBS/DATABASE_NXP_BMUART_DMA_macbook/src/Users/jie/mcuxpresso-sdk/mcuxsdk/devices/Kinetis/K32L/periph2/PERI_FTFA.h
[E 00:37:52 89345] Already archived /Users/jie/Documents/workspace/lcmhalgen/LCMHalTest_DBS/DATABASE_NXP_BMUART_DMA_macbook/src/Users/jie/mcuxpresso-sdk/mcuxsdk/devices/Kinetis/K32L/periph2/PERI_GPIO.h
[E 00:37:52 89345] Already archived /Users/jie/Documents/workspace/lcmhalgen/LCMHalTest_DBS/DATABASE_NXP_BMUART_DMA_macbook/src/Users/jie/mcuxpresso-sdk/mcuxsdk/devices/Kinetis/K32L/periph2/PERI_I2C.h
[E 00:37:52 89345] Already archived /Users/jie/Documents/workspace/lcmhalgen/LCMHalTest_DBS/DATABASE_NXP_BMUART_DMA_macbook/src/Users/jie/mcuxpresso-sdk/mcuxsdk/devices/Kinetis/K32L/periph2/PERI_LCD.h
[E 00:37:52 89345] Already archived /Users/jie/Documents/workspace/lcmhalgen/LCMHalTest_DBS/DATABASE_NXP_BMUART_DMA_macbook/src/Users/jie/mcuxpresso-sdk/mcuxsdk/devices/Kinetis/K32L/periph2/PERI_LLWU.h
[E 00:37:52 89345] Already archived /Users/jie/Documents/workspace/lcmhalgen/LCMHalTest_DBS/DATABASE_NXP_BMUART_DMA_macbook/src/Users/jie/mcuxpresso-sdk/mcuxsdk/devices/Kinetis/K32L/periph2/PERI_LPTMR.h
[E 00:37:52 89345] Already archived /Users/jie/Documents/workspace/lcmhalgen/LCMHalTest_DBS/DATABASE_NXP_BMUART_DMA_macbook/src/Users/jie/mcuxpresso-sdk/mcuxsdk/devices/Kinetis/K32L/periph2/PERI_LPUART.h
[E 00:37:52 89345] Already archived /Users/jie/Documents/workspace/lcmhalgen/LCMHalTest_DBS/DATABASE_NXP_BMUART_DMA_macbook/src/Users/jie/mcuxpresso-sdk/mcuxsdk/devices/Kinetis/K32L/periph2/PERI_MCG.h
[E 00:37:52 89345] Already archived /Users/jie/Documents/workspace/lcmhalgen/LCMHalTest_DBS/DATABASE_NXP_BMUART_DMA_macbook/src/Users/jie/mcuxpresso-sdk/mcuxsdk/devices/Kinetis/K32L/periph2/PERI_MCM.h
[E 00:37:52 89345] Already archived /Users/jie/Documents/workspace/lcmhalgen/LCMHalTest_DBS/DATABASE_NXP_BMUART_DMA_macbook/src/Users/jie/mcuxpresso-sdk/mcuxsdk/devices/Kinetis/K32L/periph2/PERI_MTB.h
[E 00:37:52 89345] Already archived /Users/jie/Documents/workspace/lcmhalgen/LCMHalTest_DBS/DATABASE_NXP_BMUART_DMA_macbook/src/Users/jie/mcuxpresso-sdk/mcuxsdk/devices/Kinetis/K32L/periph2/PERI_MTBDWT.h
[E 00:37:52 89345] Already archived /Users/jie/Documents/workspace/lcmhalgen/LCMHalTest_DBS/DATABASE_NXP_BMUART_DMA_macbook/src/Users/jie/mcuxpresso-sdk/mcuxsdk/devices/Kinetis/K32L/periph2/PERI_NV.h
[E 00:37:52 89345] Already archived /Users/jie/Documents/workspace/lcmhalgen/LCMHalTest_DBS/DATABASE_NXP_BMUART_DMA_macbook/src/Users/jie/mcuxpresso-sdk/mcuxsdk/devices/Kinetis/K32L/periph2/PERI_OSC.h
[E 00:37:52 89345] Already archived /Users/jie/Documents/workspace/lcmhalgen/LCMHalTest_DBS/DATABASE_NXP_BMUART_DMA_macbook/src/Users/jie/mcuxpresso-sdk/mcuxsdk/devices/Kinetis/K32L/periph2/PERI_PIT.h
[E 00:37:52 89345] Already archived /Users/jie/Documents/workspace/lcmhalgen/LCMHalTest_DBS/DATABASE_NXP_BMUART_DMA_macbook/src/Users/jie/mcuxpresso-sdk/mcuxsdk/devices/Kinetis/K32L/periph2/PERI_PMC.h
[E 00:37:52 89345] Already archived /Users/jie/Documents/workspace/lcmhalgen/LCMHalTest_DBS/DATABASE_NXP_BMUART_DMA_macbook/src/Users/jie/mcuxpresso-sdk/mcuxsdk/devices/Kinetis/K32L/periph2/PERI_PORT.h
[E 00:37:52 89345] Already archived /Users/jie/Documents/workspace/lcmhalgen/LCMHalTest_DBS/DATABASE_NXP_BMUART_DMA_macbook/src/Users/jie/mcuxpresso-sdk/mcuxsdk/devices/Kinetis/K32L/periph2/PERI_RCM.h
[E 00:37:52 89345] Already archived /Users/jie/Documents/workspace/lcmhalgen/LCMHalTest_DBS/DATABASE_NXP_BMUART_DMA_macbook/src/Users/jie/mcuxpresso-sdk/mcuxsdk/devices/Kinetis/K32L/periph2/PERI_RFSYS.h
[E 00:37:52 89345] Already archived /Users/jie/Documents/workspace/lcmhalgen/LCMHalTest_DBS/DATABASE_NXP_BMUART_DMA_macbook/src/Users/jie/mcuxpresso-sdk/mcuxsdk/devices/Kinetis/K32L/periph2/PERI_ROM.h
[E 00:37:52 89345] Already archived /Users/jie/Documents/workspace/lcmhalgen/LCMHalTest_DBS/DATABASE_NXP_BMUART_DMA_macbook/src/Users/jie/mcuxpresso-sdk/mcuxsdk/devices/Kinetis/K32L/periph2/PERI_RTC.h
[E 00:37:52 89345] Already archived /Users/jie/Documents/workspace/lcmhalgen/LCMHalTest_DBS/DATABASE_NXP_BMUART_DMA_macbook/src/Users/jie/mcuxpresso-sdk/mcuxsdk/devices/Kinetis/K32L/periph2/PERI_SIM.h
[E 00:37:52 89345] Already archived /Users/jie/Documents/workspace/lcmhalgen/LCMHalTest_DBS/DATABASE_NXP_BMUART_DMA_macbook/src/Users/jie/mcuxpresso-sdk/mcuxsdk/devices/Kinetis/K32L/periph2/PERI_SMC.h
[E 00:37:52 89345] Already archived /Users/jie/Documents/workspace/lcmhalgen/LCMHalTest_DBS/DATABASE_NXP_BMUART_DMA_macbook/src/Users/jie/mcuxpresso-sdk/mcuxsdk/devices/Kinetis/K32L/periph2/PERI_SPI.h
[E 00:37:52 89345] Already archived /Users/jie/Documents/workspace/lcmhalgen/LCMHalTest_DBS/DATABASE_NXP_BMUART_DMA_macbook/src/Users/jie/mcuxpresso-sdk/mcuxsdk/devices/Kinetis/K32L/periph2/PERI_TPM.h
[E 00:37:52 89345] Already archived /Users/jie/Documents/workspace/lcmhalgen/LCMHalTest_DBS/DATABASE_NXP_BMUART_DMA_macbook/src/Users/jie/mcuxpresso-sdk/mcuxsdk/devices/Kinetis/K32L/periph2/PERI_UART.h
[E 00:37:52 89345] Already archived /Users/jie/Documents/workspace/lcmhalgen/LCMHalTest_DBS/DATABASE_NXP_BMUART_DMA_macbook/src/Users/jie/mcuxpresso-sdk/mcuxsdk/devices/Kinetis/K32L/periph2/PERI_USB.h
[E 00:37:52 89345] Already archived /Users/jie/Documents/workspace/lcmhalgen/LCMHalTest_DBS/DATABASE_NXP_BMUART_DMA_macbook/src/Users/jie/mcuxpresso-sdk/mcuxsdk/devices/Kinetis/K32L/periph2/PERI_VREF.h
[E 00:37:52 89345] Already archived /Users/jie/Documents/workspace/lcmhalgen/LCMHalTest_DBS/DATABASE_NXP_BMUART_DMA_macbook/src/Users/jie/mcuxpresso-sdk/mcuxsdk/drivers/common/fsl_common_arm.h
[E 00:37:52 89345] Already archived /Users/jie/Documents/workspace/lcmhalgen/LCMHalTest_DBS/DATABASE_NXP_BMUART_DMA_macbook/src/Users/jie/mcuxpresso-sdk/mcuxsdk/devices/Kinetis/K32L/K32L2B31A/drivers/fsl_clock.h
[E 00:37:52 89345] Already archived /Users/jie/Documents/workspace/lcmhalgen/LCMHalTest_DBS/DATABASE_NXP_BMUART_DMA_macbook/src/Users/jie/mcuxpresso-sdk/mcuxsdk/drivers/common/fsl_common.h
[E 00:37:52 89345] Already archived /Users/jie/Documents/workspace/lcmhalgen/LCMHalTest_DBS/DATABASE_NXP_BMUART_DMA_macbook/src/Users/jie/mcuxpresso-sdk/mcuxsdk/components/uart/fsl_adapter_uart.h
[E 00:37:52 89345] Creating trap tarball /Users/jie/Documents/workspace/lcmhalgen/LCMHalTest_DBS/DATABASE_NXP_BMUART_DMA_macbook/trap/cpp/tarballs/Users/jie/mcuxpresso-sdk/mcuxsdk/components/uart/fsl_adapter_lpuart.c.170b557f_0.trap.tar.zst
[E 00:37:52 89345] Emitting trap files for /Users/jie/mcuxpresso-sdk/mcuxsdk/components/uart/fsl_adapter_lpuart.c
[E 00:37:52 89345] Opening existencedb in /Users/jie/Documents/workspace/lcmhalgen/LCMHalTest_DBS/DATABASE_NXP_BMUART_DMA_macbook/working/existencedb/db
[E 00:37:52 89345] Wrote 1 files to /Users/jie/Documents/workspace/lcmhalgen/LCMHalTest_DBS/DATABASE_NXP_BMUART_DMA_macbook/trap/cpp/tarballs/Users/jie/mcuxpresso-sdk/mcuxsdk/components/uart/fsl_adapter_lpuart.c.170b557f_0.trap.tar.zst
[E 00:37:52 89345] Finished compilation TRAP /Users/jie/Documents/workspace/lcmhalgen/LCMHalTest_DBS/DATABASE_NXP_BMUART_DMA_macbook/trap/cpp/compilations/3/31297686_0.trap.zst
[E 00:37:52 89345] Marking C compilation as happened.
[E 00:37:52 89345] Setting tag c-compilation-happened
[E 00:37:52 89345] Starting from CODEQL_TRACER_DB_ID 0000000000015CF1_0000000000000001
[E 00:37:52 89345] Locking DB /Users/jie/Documents/workspace/lcmhalgen/LCMHalTest_DBS/DATABASE_NXP_BMUART_DMA_macbook/working/tags.db
[E 00:37:52 89345] Locked DB /Users/jie/Documents/workspace/lcmhalgen/LCMHalTest_DBS/DATABASE_NXP_BMUART_DMA_macbook/working/tags.db
[E 00:37:52 89345] Set tag for 0000000000015CF1_0000000000000001
[E 00:37:52 89345] Set tag for 0000000000015CA0_0000000000000003
[E 00:37:52 89345] Set tag for 0000000000015CA0_0000000000000002
[E 00:37:52 89345] Set tag for 0000000000015CA0_0000000000000001
[E 00:37:52 89345] Set tag for 0000000000015992_0000000000000001
[E 00:37:52 89345] Set tag for 000000000001597B_0000000000000001
[E 00:37:52 89345] Set tag for 0000000000015501_0000000000000002
[E 00:37:52 89345] Set tag for 0000000000015501_0000000000000001
[E 00:37:52 89345] Set tag for 00000000000154D4_0000000000000003
[E 00:37:52 89345] Set tag for 00000000000154D4_0000000000000002
[E 00:37:52 89345] Set tag for root
[E 00:37:52 89345] Unlocking DB
[E 00:37:52 89345] Unlocked DB
[E 00:37:52 89345] Extractor exited successfully
