[2025-11-20 16:16:00] This is codeql database create /Users/jie/Documents/workspace/lcmhalgen/LCMHalTest_DBS/DATABASE_FreeRTOSUART_Hyperterminal_IT --language=cpp --command=bash build.sh
[2025-11-20 16:16:00] Log file was started late.
[2025-11-20 16:16:00] [PROGRESS] database create> Initializing database at /Users/jie/Documents/workspace/lcmhalgen/LCMHalTest_DBS/DATABASE_FreeRTOSUART_Hyperterminal_IT.
[2025-11-20 16:16:00] Running plumbing command: codeql database init --language=cpp --extractor-options-verbosity=1 --qlconfig-file=/Users/jie/Documents/workspace/lcmhalgen/LCMHalMCPServer/testcases/macbook/freertos_uart/qlconfig.yml --source-root=/Users/jie/Documents/workspace/lcmhalgen/LCMHalMCPServer/testcases/macbook/freertos_uart --allow-missing-source-root=false --allow-already-existing -- /Users/jie/Documents/workspace/lcmhalgen/LCMHalTest_DBS/DATABASE_FreeRTOSUART_Hyperterminal_IT
[2025-11-20 16:16:00] Calling plumbing command: codeql resolve languages --extractor-options-verbosity=1 --format=betterjson
[2025-11-20 16:16:00] [DETAILS] resolve languages> Scanning for [codeql-extractor.yml] from /opt/homebrew/Caskroom/codeql/2.23.0/codeql/.codeqlmanifest.json
[2025-11-20 16:16:00] [DETAILS] resolve languages> Parsing /opt/homebrew/Caskroom/codeql/2.23.0/codeql/go/codeql-extractor.yml.
[2025-11-20 16:16:00] [DETAILS] resolve languages> Parsing /opt/homebrew/Caskroom/codeql/2.23.0/codeql/python/codeql-extractor.yml.
[2025-11-20 16:16:00] [DETAILS] resolve languages> Parsing /opt/homebrew/Caskroom/codeql/2.23.0/codeql/rust/codeql-extractor.yml.
[2025-11-20 16:16:00] [DETAILS] resolve languages> Parsing /opt/homebrew/Caskroom/codeql/2.23.0/codeql/java/codeql-extractor.yml.
[2025-11-20 16:16:00] [DETAILS] resolve languages> Parsing /opt/homebrew/Caskroom/codeql/2.23.0/codeql/html/codeql-extractor.yml.
[2025-11-20 16:16:00] [DETAILS] resolve languages> Parsing /opt/homebrew/Caskroom/codeql/2.23.0/codeql/xml/codeql-extractor.yml.
[2025-11-20 16:16:00] [DETAILS] resolve languages> Parsing /opt/homebrew/Caskroom/codeql/2.23.0/codeql/properties/codeql-extractor.yml.
[2025-11-20 16:16:00] [DETAILS] resolve languages> Parsing /opt/homebrew/Caskroom/codeql/2.23.0/codeql/cpp/codeql-extractor.yml.
[2025-11-20 16:16:00] [DETAILS] resolve languages> Parsing /opt/homebrew/Caskroom/codeql/2.23.0/codeql/swift/codeql-extractor.yml.
[2025-11-20 16:16:00] [DETAILS] resolve languages> Parsing /opt/homebrew/Caskroom/codeql/2.23.0/codeql/csv/codeql-extractor.yml.
[2025-11-20 16:16:00] [DETAILS] resolve languages> Parsing /opt/homebrew/Caskroom/codeql/2.23.0/codeql/actions/codeql-extractor.yml.
[2025-11-20 16:16:00] [DETAILS] resolve languages> Parsing /opt/homebrew/Caskroom/codeql/2.23.0/codeql/yaml/codeql-extractor.yml.
[2025-11-20 16:16:00] [DETAILS] resolve languages> Parsing /opt/homebrew/Caskroom/codeql/2.23.0/codeql/csharp/codeql-extractor.yml.
[2025-11-20 16:16:00] [DETAILS] resolve languages> Parsing /opt/homebrew/Caskroom/codeql/2.23.0/codeql/javascript/codeql-extractor.yml.
[2025-11-20 16:16:00] [DETAILS] resolve languages> Parsing /opt/homebrew/Caskroom/codeql/2.23.0/codeql/ruby/codeql-extractor.yml.
[2025-11-20 16:16:00] Plumbing command codeql resolve languages completed:
                      {
                        "aliases" : {
                          "c" : "cpp",
                          "c++" : "cpp",
                          "c-c++" : "cpp",
                          "c-cpp" : "cpp",
                          "c#" : "csharp",
                          "java-kotlin" : "java",
                          "kotlin" : "java",
                          "javascript-typescript" : "javascript",
                          "typescript" : "javascript"
                        },
                        "extractors" : {
                          "go" : [
                            {
                              "extractor_root" : "/opt/homebrew/Caskroom/codeql/2.23.0/codeql/go",
                              "extractor_options" : {
                                "extract_tests" : {
                                  "title" : "Whether to include Go test files in the CodeQL database.",
                                  "description" : "A value indicating whether Go test files should be included in the CodeQL database. The default is 'false'.\n",
                                  "type" : "string",
                                  "pattern" : "^(false|true)$"
                                },
                                "extract_vendor_dirs" : {
                                  "title" : "Whether to include Go vendor directories in the CodeQL database.",
                                  "description" : "A value indicating whether Go vendor directories should be included in the CodeQL database. The default is 'false'.\n",
                                  "type" : "string",
                                  "pattern" : "^(false|true)$"
                                }
                              }
                            }
                          ],
                          "python" : [
                            {
                              "extractor_root" : "/opt/homebrew/Caskroom/codeql/2.23.0/codeql/python",
                              "extractor_options" : {
                                "logging" : {
                                  "title" : "Options pertaining to logging.",
                                  "description" : "Options pertaining to logging.",
                                  "type" : "object",
                                  "properties" : {
                                    "verbosity" : {
                                      "title" : "Python extractor logging verbosity level.",
                                      "description" : "Controls the level of verbosity of the CodeQL Python extractor.\nThe supported levels are (in order of increasing verbosity):\n\n  - off\n  - errors\n  - warnings\n  - info or progress\n  - debug or progress+\n  - trace or progress++\n  - progress+++\n",
                                      "type" : "string",
                                      "pattern" : "^(off|errors|warnings|(info|progress)|(debug|progress\\+)|(trace|progress\\+\\+)|progress\\+\\+\\+)$"
                                    }
                                  }
                                },
                                "python_executable_name" : {
                                  "title" : "Controls the name of the Python executable used by the Python extractor.",
                                  "description" : "The Python extractor uses platform-dependent heuristics to determine the name of the Python executable to use. Specifying a value for this option overrides the name of the Python executable used by the extractor. Accepted values are py, python and python3. Use this setting with caution, the Python extractor requires Python 3 to run.\n",
                                  "type" : "string",
                                  "pattern" : "^(py|python|python3)$"
                                }
                              }
                            }
                          ],
                          "rust" : [
                            {
                              "extractor_root" : "/opt/homebrew/Caskroom/codeql/2.23.0/codeql/rust",
                              "extractor_options" : {
                                "trap" : {
                                  "title" : "Options pertaining to TRAP.",
                                  "description" : "Options pertaining to TRAP.",
                                  "type" : "object",
                                  "properties" : {
                                    "compression" : {
                                      "title" : "Controls compression for the TRAP files written by the extractor.",
                                      "description" : "This option is only intended for use in debugging the extractor. Accepted values are 'gzip' (to write gzip-compressed TRAP) 'zstd' (to write Zstandard-compressed TRAP) and 'none' (the default, to write uncompressed TRAP).\n",
                                      "type" : "string",
                                      "pattern" : "^(none|gzip|zstd)$"
                                    }
                                  }
                                },
                                "cargo_target_dir" : {
                                  "title" : "Directory to use for cargo output files.",
                                  "description" : "This value is an optional path to use as `CARGO_TARGET_DIR` for the internal cargo commands the extractor uses. Pointing it to a persistent directory may reduce execution time of consecutive extractor runs. By default, a new scratch directory is used for each run.\n",
                                  "type" : "string"
                                },
                                "cargo_target" : {
                                  "title" : "Target architecture",
                                  "description" : "Target architecture to use for analysis, analogous to `cargo --target`. By default the host architecture is used.\n",
                                  "type" : "string"
                                },
                                "cargo_features" : {
                                  "title" : "Cargo features to turn on",
                                  "description" : "Comma-separated list of features to turn on. By default all features are enabled. If any features are specified, then only those features are enabled. The `default` feature must be explicitly specified if only default features are desired. Can be repeated.\n",
                                  "type" : "array"
                                },
                                "cargo_cfg_overrides" : {
                                  "title" : "Cargo cfg overrides",
                                  "description" : "Comma-separated list of cfg settings to enable, or disable if prefixed with `-`. Can be repeated.\n",
                                  "type" : "array"
                                },
                                "logging" : {
                                  "title" : "Options pertaining to logging.",
                                  "description" : "Options pertaining to logging.",
                                  "type" : "object",
                                  "properties" : {
                                    "verbosity" : {
                                      "title" : "Extractor logging verbosity level.",
                                      "description" : "Controls the level of verbosity of the extractor. The supported levels are (in order of increasing verbosity):\n  - off\n  - errors\n  - warnings\n  - info or progress\n  - debug or progress+\n  - trace or progress++\n  - progress+++\n",
                                      "type" : "string",
                                      "pattern" : "^(off|errors|warnings|(info|progress)|(debug|progress\\+)|(trace|progress\\+\\+)|progress\\+\\+\\+)$"
                                    },
                                    "flamegraph" : {
                                      "title" : "[Experimental] File path for write flame graph log",
                                      "description" : "Collect flame graph data using the `tracing-flame` crate. To render a flame graph or chart, run the `inferno-flamegraph` command. See also: https://crates.io/crates/tracing-flame\n",
                                      "type" : "string"
                                    }
                                  }
                                },
                                "extract_dependencies_as_source" : {
                                  "title" : "Extract dependencies as source code",
                                  "description" : "Extract the full source code of dependencies instead of only extracting signatures.\n",
                                  "type" : "string",
                                  "pattern" : "^(false|true)$"
                                }
                              }
                            }
                          ],
                          "java" : [
                            {
                              "extractor_root" : "/opt/homebrew/Caskroom/codeql/2.23.0/codeql/java",
                              "extractor_options" : {
                                "exclude" : {
                                  "title" : "A glob excluding files from analysis.",
                                  "description" : "A glob indicating what files to exclude from the analysis. This accepts glob patterns that are supported by Java's 'getPathMatcher' implementation.\n",
                                  "type" : "string"
                                },
                                "add_prefer_source" : {
                                  "title" : "Whether to always prefer source files over class files.",
                                  "description" : "A value indicating whether source files should be preferred over class files. If set to 'true', the extraction adds '-Xprefer:source' to the javac command line. If set to 'false', the extraction uses the default javac behavior ('-Xprefer:newer'). The default is 'true'.\n",
                                  "type" : "string",
                                  "pattern" : "^(false|true)$"
                                },
                                "buildless" : {
                                  "title" : "Whether to use buildless (standalone) extraction (experimental).",
                                  "description" : "A value indicating, which type of extraction the autobuilder should perform. If 'true', then the standalone extractor will be used, otherwise tracing extraction will be performed. The default is 'false'. Note that buildless extraction will generally yield less accurate analysis results, and should only be used in cases where it is not possible to build the code (for example if it uses inaccessible dependencies).\n",
                                  "type" : "string",
                                  "pattern" : "^(false|true)$"
                                },
                                "buildless_dependency_dir" : {
                                  "title" : "The path where buildless (standalone) extraction should keep dependencies.",
                                  "description" : "If set, the buildless (standalone) extractor will store dependencies in this directory.\n",
                                  "type" : "string"
                                },
                                "minimize_dependency_jars" : {
                                  "title" : "Whether to rewrite and minimize downloaded JAR dependencies (experimental).",
                                  "description" : "If 'true', JAR dependencies downloaded during extraction will be rewritten to remove unneeded data, such as method bodies. The default is 'false'.\n",
                                  "type" : "string",
                                  "pattern" : "^(false|true)$"
                                }
                              }
                            }
                          ],
                          "html" : [
                            {
                              "extractor_root" : "/opt/homebrew/Caskroom/codeql/2.23.0/codeql/html"
                            }
                          ],
                          "xml" : [
                            {
                              "extractor_root" : "/opt/homebrew/Caskroom/codeql/2.23.0/codeql/xml"
                            }
                          ],
                          "properties" : [
                            {
                              "extractor_root" : "/opt/homebrew/Caskroom/codeql/2.23.0/codeql/properties"
                            }
                          ],
                          "cpp" : [
                            {
                              "extractor_root" : "/opt/homebrew/Caskroom/codeql/2.23.0/codeql/cpp",
                              "extractor_options" : {
                                "scale_timeouts" : {
                                  "title" : "Value to scale compiler introspection timeouts with",
                                  "description" : "The extractor attempts to determine what compiler the source code being extracted is compiled with. To this end the extractor makes additional calls to the compiler, some of which are expected to return within a certain fixed time (either 10s or 15s). On some systems that are under high load this time might be too short, and can be scaled up using this option.\n",
                                  "type" : "string",
                                  "pattern" : "[0-9]+"
                                },
                                "log_verbosity" : {
                                  "title" : "Verbosity of the extractor logging",
                                  "description" : "Set the verbosity of the extractor logging to 'quiet' (0), 'normal' (1), 'chatty' (2), or 'noisy' (3). The default is 'normal'.\n",
                                  "type" : "string",
                                  "pattern" : "[0-3]"
                                }
                              }
                            }
                          ],
                          "swift" : [
                            {
                              "extractor_root" : "/opt/homebrew/Caskroom/codeql/2.23.0/codeql/swift"
                            }
                          ],
                          "csv" : [
                            {
                              "extractor_root" : "/opt/homebrew/Caskroom/codeql/2.23.0/codeql/csv"
                            }
                          ],
                          "actions" : [
                            {
                              "extractor_root" : "/opt/homebrew/Caskroom/codeql/2.23.0/codeql/actions",
                              "extractor_options" : { }
                            }
                          ],
                          "yaml" : [
                            {
                              "extractor_root" : "/opt/homebrew/Caskroom/codeql/2.23.0/codeql/yaml"
                            }
                          ],
                          "csharp" : [
                            {
                              "extractor_root" : "/opt/homebrew/Caskroom/codeql/2.23.0/codeql/csharp",
                              "extractor_options" : {
                                "trap" : {
                                  "title" : "Options pertaining to TRAP.",
                                  "description" : "Options pertaining to TRAP.",
                                  "type" : "object",
                                  "properties" : {
                                    "compression" : {
                                      "title" : "Controls compression for the TRAP files written by the extractor.",
                                      "description" : "This option is only intended for use in debugging the extractor. Accepted values are 'brotli' (the default, to write brotli-compressed TRAP), 'gzip', and 'none' (to write uncompressed TRAP).\n",
                                      "type" : "string",
                                      "pattern" : "^(none|gzip|brotli)$"
                                    }
                                  }
                                },
                                "buildless" : {
                                  "title" : "DEPRECATED - Whether to use buildless (standalone) extraction.",
                                  "description" : "DEPRECATED: Use `--build-mode none` instead.\nA value indicating, which type of extraction the autobuilder should perform. If 'true', then the standalone extractor will be used, otherwise tracing extraction will be performed. The default is 'false'. Note that buildless extraction will generally yield less accurate analysis results, and should only be used in cases where it is not possible to build the code (for example if it uses inaccessible dependencies).\n",
                                  "type" : "string",
                                  "pattern" : "^(false|true)$"
                                },
                                "logging" : {
                                  "title" : "Options pertaining to logging.",
                                  "description" : "Options pertaining to logging.",
                                  "type" : "object",
                                  "properties" : {
                                    "verbosity" : {
                                      "title" : "Extractor logging verbosity level.",
                                      "description" : "Controls the level of verbosity of the extractor. The supported levels are (in order of increasing verbosity):\n  - off\n  - errors\n  - warnings\n  - info or progress\n  - debug or progress+\n  - trace or progress++\n  - progress+++\n",
                                      "type" : "string",
                                      "pattern" : "^(off|errors|warnings|(info|progress)|(debug|progress\\+)|(trace|progress\\+\\+)|progress\\+\\+\\+)$"
                                    }
                                  }
                                },
                                "binlog" : {
                                  "title" : "Binlog",
                                  "description" : "[EXPERIMENTAL] The value is a path to the MsBuild binary log file that should be extracted. This option only works when `--build-mode none` is also specified.\n",
                                  "type" : "array"
                                }
                              }
                            }
                          ],
                          "javascript" : [
                            {
                              "extractor_root" : "/opt/homebrew/Caskroom/codeql/2.23.0/codeql/javascript",
                              "extractor_options" : {
                                "skip_types" : {
                                  "title" : "Skip type extraction for TypeScript",
                                  "description" : "Whether to skip the extraction of types in a TypeScript application",
                                  "type" : "string",
                                  "pattern" : "^(false|true)$"
                                }
                              }
                            }
                          ],
                          "ruby" : [
                            {
                              "extractor_root" : "/opt/homebrew/Caskroom/codeql/2.23.0/codeql/ruby",
                              "extractor_options" : {
                                "trap" : {
                                  "title" : "Options pertaining to TRAP.",
                                  "description" : "Options pertaining to TRAP.",
                                  "type" : "object",
                                  "properties" : {
                                    "compression" : {
                                      "title" : "Controls compression for the TRAP files written by the extractor.",
                                      "description" : "This option is only intended for use in debugging the extractor. Accepted values are 'gzip' (the default, to write gzip-compressed TRAP) 'zstd' (to write Zstandard-compressed TRAP) and 'none' (to write uncompressed TRAP).\n",
                                      "type" : "string",
                                      "pattern" : "^(none|gzip|zstd)$"
                                    }
                                  }
                                }
                              }
                            }
                          ]
                        }
                      }
[2025-11-20 16:16:00] [PROGRESS] database init> Calculating baseline information in /Users/jie/Documents/workspace/lcmhalgen/LCMHalMCPServer/testcases/macbook/freertos_uart
[2025-11-20 16:16:00] [SPAMMY] database init> Ignoring the following directories when processing baseline information: .git, .hg, .svn.
[2025-11-20 16:16:00] [DETAILS] database init> Running command in /Users/jie/Documents/workspace/lcmhalgen/LCMHalMCPServer/testcases/macbook/freertos_uart: /opt/homebrew/Caskroom/codeql/2.23.0/codeql/tools/osx64/scc --by-file --exclude-dir .git,.hg,.svn --format json --no-large --no-min .
[2025-11-20 16:16:00] [PROGRESS] database init> Calculated baseline information for languages:  (38ms).
[2025-11-20 16:16:00] [PROGRESS] database init> Resolving extractor cpp.
[2025-11-20 16:16:00] [DETAILS] database init> Found candidate extractor root for cpp: /opt/homebrew/Caskroom/codeql/2.23.0/codeql/cpp.
[2025-11-20 16:16:00] [PROGRESS] database init> Successfully loaded extractor C/C++ (cpp) from /opt/homebrew/Caskroom/codeql/2.23.0/codeql/cpp.
[2025-11-20 16:16:00] [SPAMMY] database init> Determining macOS System Integrity Protection status...
[2025-11-20 16:16:00] [SPAMMY] database init> Running command [/usr/bin/csrutil, status].
[2025-11-20 16:16:00] [SPAMMY] database init> SIP is enabled.
[2025-11-20 16:16:00] [PROGRESS] database init> Created skeleton CodeQL database at /Users/jie/Documents/workspace/lcmhalgen/LCMHalTest_DBS/DATABASE_FreeRTOSUART_Hyperterminal_IT. This in-progress database is ready to be populated by an extractor.
[2025-11-20 16:16:00] Plumbing command codeql database init completed.
[2025-11-20 16:16:00] [PROGRESS] database create> Running build command: [bash, build.sh]
[2025-11-20 16:16:00] Running plumbing command: codeql database trace-command --working-dir=/Users/jie/Documents/workspace/lcmhalgen/LCMHalMCPServer/testcases/macbook/freertos_uart --index-traceless-dbs --no-db-cluster -- /Users/jie/Documents/workspace/lcmhalgen/LCMHalTest_DBS/DATABASE_FreeRTOSUART_Hyperterminal_IT bash build.sh
[2025-11-20 16:16:00] [PROGRESS] database trace-command> Running command in /Users/jie/Documents/workspace/lcmhalgen/LCMHalMCPServer/testcases/macbook/freertos_uart: [bash, build.sh]
[2025-11-20 16:16:02] [build-stdout] 切换到构建目录: /Users/jie/Documents/workspace/lcmhalgen/posixGen_Demos/UART_Hyperterminal_IT/STM32CubeIDE/Release
[2025-11-20 16:16:02] [build-stdout] 开始编译项目...
[2025-11-20 16:16:03] [build-stdout] arm-none-eabi-gcc "../../Src/main.c" -mcpu=cortex-m4 -std=gnu11 -DUSE_STM324xG_EVAL -DSTM32F407xx -DUSE_HAL_DRIVER -c -I../../Inc -I../../Drivers/CMSIS/Device/ST/STM32F4xx/Include -I../../Drivers/STM32F4xx_HAL_Driver/Inc -I../../Drivers/BSP/STM324xG_EVAL -I../../Drivers/CMSIS/Include -Os -ffunction-sections -fdata-sections -Wall -fstack-usage  -MMD -MP -MF"Example/User/main.d" -MT"Example/User/main.o" --specs=nano.specs -mfpu=fpv4-sp-d16 -mfloat-abi=hard -mthumb -o "Example/User/main.o"
[2025-11-20 16:16:10] [build-stdout] arm-none-eabi-gcc "../../Src/stm32f4xx_hal_msp.c" -mcpu=cortex-m4 -std=gnu11 -DUSE_STM324xG_EVAL -DSTM32F407xx -DUSE_HAL_DRIVER -c -I../../Inc -I../../Drivers/CMSIS/Device/ST/STM32F4xx/Include -I../../Drivers/STM32F4xx_HAL_Driver/Inc -I../../Drivers/BSP/STM324xG_EVAL -I../../Drivers/CMSIS/Include -Os -ffunction-sections -fdata-sections -Wall -fstack-usage  -MMD -MP -MF"Example/User/stm32f4xx_hal_msp.d" -MT"Example/User/stm32f4xx_hal_msp.o" --specs=nano.specs -mfpu=fpv4-sp-d16 -mfloat-abi=hard -mthumb -o "Example/User/stm32f4xx_hal_msp.o"
[2025-11-20 16:16:10] [build-stdout] arm-none-eabi-gcc "../../Src/stm32f4xx_it.c" -mcpu=cortex-m4 -std=gnu11 -DUSE_STM324xG_EVAL -DSTM32F407xx -DUSE_HAL_DRIVER -c -I../../Inc -I../../Drivers/CMSIS/Device/ST/STM32F4xx/Include -I../../Drivers/STM32F4xx_HAL_Driver/Inc -I../../Drivers/BSP/STM324xG_EVAL -I../../Drivers/CMSIS/Include -Os -ffunction-sections -fdata-sections -Wall -fstack-usage  -MMD -MP -MF"Example/User/stm32f4xx_it.d" -MT"Example/User/stm32f4xx_it.o" --specs=nano.specs -mfpu=fpv4-sp-d16 -mfloat-abi=hard -mthumb -o "Example/User/stm32f4xx_it.o"
[2025-11-20 16:16:11] [build-stdout] arm-none-eabi-gcc "../Example/User/syscalls.c" -mcpu=cortex-m4 -std=gnu11 -DUSE_STM324xG_EVAL -DSTM32F407xx -DUSE_HAL_DRIVER -c -I../../Inc -I../../Drivers/CMSIS/Device/ST/STM32F4xx/Include -I../../Drivers/STM32F4xx_HAL_Driver/Inc -I../../Drivers/BSP/STM324xG_EVAL -I../../Drivers/CMSIS/Include -Os -ffunction-sections -fdata-sections -Wall -fstack-usage  -MMD -MP -MF"Example/User/syscalls.d" -MT"Example/User/syscalls.o" --specs=nano.specs -mfpu=fpv4-sp-d16 -mfloat-abi=hard -mthumb -o "Example/User/syscalls.o"
[2025-11-20 16:16:11] [build-stdout] arm-none-eabi-gcc "../Example/User/sysmem.c" -mcpu=cortex-m4 -std=gnu11 -DUSE_STM324xG_EVAL -DSTM32F407xx -DUSE_HAL_DRIVER -c -I../../Inc -I../../Drivers/CMSIS/Device/ST/STM32F4xx/Include -I../../Drivers/STM32F4xx_HAL_Driver/Inc -I../../Drivers/BSP/STM324xG_EVAL -I../../Drivers/CMSIS/Include -Os -ffunction-sections -fdata-sections -Wall -fstack-usage  -MMD -MP -MF"Example/User/sysmem.d" -MT"Example/User/sysmem.o" --specs=nano.specs -mfpu=fpv4-sp-d16 -mfloat-abi=hard -mthumb -o "Example/User/sysmem.o"
[2025-11-20 16:16:12] [build-stdout] arm-none-eabi-gcc -mcpu=cortex-m4 -c -x assembler-with-cpp -MMD -MP -MF"Example/Startup/startup_stm32f407ighx.d" -MT"Example/Startup/startup_stm32f407ighx.o" --specs=nano.specs -mfpu=fpv4-sp-d16 -mfloat-abi=hard -mthumb -o "Example/Startup/startup_stm32f407ighx.o" "../Example/Startup/startup_stm32f407ighx.s"
[2025-11-20 16:16:12] [build-stdout] arm-none-eabi-gcc "../../Drivers/STM32F4xx_HAL_Driver/Src/stm32f4xx_hal.c" -mcpu=cortex-m4 -std=gnu11 -DUSE_STM324xG_EVAL -DSTM32F407xx -DUSE_HAL_DRIVER -c -I../../Inc -I../../Drivers/CMSIS/Device/ST/STM32F4xx/Include -I../../Drivers/STM32F4xx_HAL_Driver/Inc -I../../Drivers/BSP/STM324xG_EVAL -I../../Drivers/CMSIS/Include -Os -ffunction-sections -fdata-sections -Wall -fstack-usage  -MMD -MP -MF"Drivers/STM32F4xx_HAL_Driver/stm32f4xx_hal.d" -MT"Drivers/STM32F4xx_HAL_Driver/stm32f4xx_hal.o" --specs=nano.specs -mfpu=fpv4-sp-d16 -mfloat-abi=hard -mthumb -o "Drivers/STM32F4xx_HAL_Driver/stm32f4xx_hal.o"
[2025-11-20 16:16:13] [build-stdout] arm-none-eabi-gcc "../../Drivers/STM32F4xx_HAL_Driver/Src/stm32f4xx_hal_cortex.c" -mcpu=cortex-m4 -std=gnu11 -DUSE_STM324xG_EVAL -DSTM32F407xx -DUSE_HAL_DRIVER -c -I../../Inc -I../../Drivers/CMSIS/Device/ST/STM32F4xx/Include -I../../Drivers/STM32F4xx_HAL_Driver/Inc -I../../Drivers/BSP/STM324xG_EVAL -I../../Drivers/CMSIS/Include -Os -ffunction-sections -fdata-sections -Wall -fstack-usage  -MMD -MP -MF"Drivers/STM32F4xx_HAL_Driver/stm32f4xx_hal_cortex.d" -MT"Drivers/STM32F4xx_HAL_Driver/stm32f4xx_hal_cortex.o" --specs=nano.specs -mfpu=fpv4-sp-d16 -mfloat-abi=hard -mthumb -o "Drivers/STM32F4xx_HAL_Driver/stm32f4xx_hal_cortex.o"
[2025-11-20 16:16:13] [build-stdout] arm-none-eabi-gcc "../../Drivers/STM32F4xx_HAL_Driver/Src/stm32f4xx_hal_dma.c" -mcpu=cortex-m4 -std=gnu11 -DUSE_STM324xG_EVAL -DSTM32F407xx -DUSE_HAL_DRIVER -c -I../../Inc -I../../Drivers/CMSIS/Device/ST/STM32F4xx/Include -I../../Drivers/STM32F4xx_HAL_Driver/Inc -I../../Drivers/BSP/STM324xG_EVAL -I../../Drivers/CMSIS/Include -Os -ffunction-sections -fdata-sections -Wall -fstack-usage  -MMD -MP -MF"Drivers/STM32F4xx_HAL_Driver/stm32f4xx_hal_dma.d" -MT"Drivers/STM32F4xx_HAL_Driver/stm32f4xx_hal_dma.o" --specs=nano.specs -mfpu=fpv4-sp-d16 -mfloat-abi=hard -mthumb -o "Drivers/STM32F4xx_HAL_Driver/stm32f4xx_hal_dma.o"
[2025-11-20 16:16:14] [build-stdout] arm-none-eabi-gcc "../../Drivers/STM32F4xx_HAL_Driver/Src/stm32f4xx_hal_flash.c" -mcpu=cortex-m4 -std=gnu11 -DUSE_STM324xG_EVAL -DSTM32F407xx -DUSE_HAL_DRIVER -c -I../../Inc -I../../Drivers/CMSIS/Device/ST/STM32F4xx/Include -I../../Drivers/STM32F4xx_HAL_Driver/Inc -I../../Drivers/BSP/STM324xG_EVAL -I../../Drivers/CMSIS/Include -Os -ffunction-sections -fdata-sections -Wall -fstack-usage  -MMD -MP -MF"Drivers/STM32F4xx_HAL_Driver/stm32f4xx_hal_flash.d" -MT"Drivers/STM32F4xx_HAL_Driver/stm32f4xx_hal_flash.o" --specs=nano.specs -mfpu=fpv4-sp-d16 -mfloat-abi=hard -mthumb -o "Drivers/STM32F4xx_HAL_Driver/stm32f4xx_hal_flash.o"
[2025-11-20 16:16:14] [build-stdout] arm-none-eabi-gcc "../../Drivers/STM32F4xx_HAL_Driver/Src/stm32f4xx_hal_flash_ex.c" -mcpu=cortex-m4 -std=gnu11 -DUSE_STM324xG_EVAL -DSTM32F407xx -DUSE_HAL_DRIVER -c -I../../Inc -I../../Drivers/CMSIS/Device/ST/STM32F4xx/Include -I../../Drivers/STM32F4xx_HAL_Driver/Inc -I../../Drivers/BSP/STM324xG_EVAL -I../../Drivers/CMSIS/Include -Os -ffunction-sections -fdata-sections -Wall -fstack-usage  -MMD -MP -MF"Drivers/STM32F4xx_HAL_Driver/stm32f4xx_hal_flash_ex.d" -MT"Drivers/STM32F4xx_HAL_Driver/stm32f4xx_hal_flash_ex.o" --specs=nano.specs -mfpu=fpv4-sp-d16 -mfloat-abi=hard -mthumb -o "Drivers/STM32F4xx_HAL_Driver/stm32f4xx_hal_flash_ex.o"
[2025-11-20 16:16:15] [build-stdout] arm-none-eabi-gcc "../../Drivers/STM32F4xx_HAL_Driver/Src/stm32f4xx_hal_gpio.c" -mcpu=cortex-m4 -std=gnu11 -DUSE_STM324xG_EVAL -DSTM32F407xx -DUSE_HAL_DRIVER -c -I../../Inc -I../../Drivers/CMSIS/Device/ST/STM32F4xx/Include -I../../Drivers/STM32F4xx_HAL_Driver/Inc -I../../Drivers/BSP/STM324xG_EVAL -I../../Drivers/CMSIS/Include -Os -ffunction-sections -fdata-sections -Wall -fstack-usage  -MMD -MP -MF"Drivers/STM32F4xx_HAL_Driver/stm32f4xx_hal_gpio.d" -MT"Drivers/STM32F4xx_HAL_Driver/stm32f4xx_hal_gpio.o" --specs=nano.specs -mfpu=fpv4-sp-d16 -mfloat-abi=hard -mthumb -o "Drivers/STM32F4xx_HAL_Driver/stm32f4xx_hal_gpio.o"
[2025-11-20 16:16:15] [build-stdout] arm-none-eabi-gcc "../../Drivers/STM32F4xx_HAL_Driver/Src/stm32f4xx_hal_i2c.c" -mcpu=cortex-m4 -std=gnu11 -DUSE_STM324xG_EVAL -DSTM32F407xx -DUSE_HAL_DRIVER -c -I../../Inc -I../../Drivers/CMSIS/Device/ST/STM32F4xx/Include -I../../Drivers/STM32F4xx_HAL_Driver/Inc -I../../Drivers/BSP/STM324xG_EVAL -I../../Drivers/CMSIS/Include -Os -ffunction-sections -fdata-sections -Wall -fstack-usage  -MMD -MP -MF"Drivers/STM32F4xx_HAL_Driver/stm32f4xx_hal_i2c.d" -MT"Drivers/STM32F4xx_HAL_Driver/stm32f4xx_hal_i2c.o" --specs=nano.specs -mfpu=fpv4-sp-d16 -mfloat-abi=hard -mthumb -o "Drivers/STM32F4xx_HAL_Driver/stm32f4xx_hal_i2c.o"
[2025-11-20 16:16:17] [build-stdout] arm-none-eabi-gcc "../../Drivers/STM32F4xx_HAL_Driver/Src/stm32f4xx_hal_rcc.c" -mcpu=cortex-m4 -std=gnu11 -DUSE_STM324xG_EVAL -DSTM32F407xx -DUSE_HAL_DRIVER -c -I../../Inc -I../../Drivers/CMSIS/Device/ST/STM32F4xx/Include -I../../Drivers/STM32F4xx_HAL_Driver/Inc -I../../Drivers/BSP/STM324xG_EVAL -I../../Drivers/CMSIS/Include -Os -ffunction-sections -fdata-sections -Wall -fstack-usage  -MMD -MP -MF"Drivers/STM32F4xx_HAL_Driver/stm32f4xx_hal_rcc.d" -MT"Drivers/STM32F4xx_HAL_Driver/stm32f4xx_hal_rcc.o" --specs=nano.specs -mfpu=fpv4-sp-d16 -mfloat-abi=hard -mthumb -o "Drivers/STM32F4xx_HAL_Driver/stm32f4xx_hal_rcc.o"
[2025-11-20 16:16:17] [build-stdout] arm-none-eabi-gcc "../../Drivers/STM32F4xx_HAL_Driver/Src/stm32f4xx_hal_sram.c" -mcpu=cortex-m4 -std=gnu11 -DUSE_STM324xG_EVAL -DSTM32F407xx -DUSE_HAL_DRIVER -c -I../../Inc -I../../Drivers/CMSIS/Device/ST/STM32F4xx/Include -I../../Drivers/STM32F4xx_HAL_Driver/Inc -I../../Drivers/BSP/STM324xG_EVAL -I../../Drivers/CMSIS/Include -Os -ffunction-sections -fdata-sections -Wall -fstack-usage  -MMD -MP -MF"Drivers/STM32F4xx_HAL_Driver/stm32f4xx_hal_sram.d" -MT"Drivers/STM32F4xx_HAL_Driver/stm32f4xx_hal_sram.o" --specs=nano.specs -mfpu=fpv4-sp-d16 -mfloat-abi=hard -mthumb -o "Drivers/STM32F4xx_HAL_Driver/stm32f4xx_hal_sram.o"
[2025-11-20 16:16:18] [build-stdout] arm-none-eabi-gcc "../../Drivers/STM32F4xx_HAL_Driver/Src/stm32f4xx_hal_uart.c" -mcpu=cortex-m4 -std=gnu11 -DUSE_STM324xG_EVAL -DSTM32F407xx -DUSE_HAL_DRIVER -c -I../../Inc -I../../Drivers/CMSIS/Device/ST/STM32F4xx/Include -I../../Drivers/STM32F4xx_HAL_Driver/Inc -I../../Drivers/BSP/STM324xG_EVAL -I../../Drivers/CMSIS/Include -Os -ffunction-sections -fdata-sections -Wall -fstack-usage  -MMD -MP -MF"Drivers/STM32F4xx_HAL_Driver/stm32f4xx_hal_uart.d" -MT"Drivers/STM32F4xx_HAL_Driver/stm32f4xx_hal_uart.o" --specs=nano.specs -mfpu=fpv4-sp-d16 -mfloat-abi=hard -mthumb -o "Drivers/STM32F4xx_HAL_Driver/stm32f4xx_hal_uart.o"
[2025-11-20 16:16:19] [build-stdout] arm-none-eabi-gcc "../../Drivers/STM32F4xx_HAL_Driver/Src/stm32f4xx_ll_fsmc.c" -mcpu=cortex-m4 -std=gnu11 -DUSE_STM324xG_EVAL -DSTM32F407xx -DUSE_HAL_DRIVER -c -I../../Inc -I../../Drivers/CMSIS/Device/ST/STM32F4xx/Include -I../../Drivers/STM32F4xx_HAL_Driver/Inc -I../../Drivers/BSP/STM324xG_EVAL -I../../Drivers/CMSIS/Include -Os -ffunction-sections -fdata-sections -Wall -fstack-usage  -MMD -MP -MF"Drivers/STM32F4xx_HAL_Driver/stm32f4xx_ll_fsmc.d" -MT"Drivers/STM32F4xx_HAL_Driver/stm32f4xx_ll_fsmc.o" --specs=nano.specs -mfpu=fpv4-sp-d16 -mfloat-abi=hard -mthumb -o "Drivers/STM32F4xx_HAL_Driver/stm32f4xx_ll_fsmc.o"
[2025-11-20 16:16:19] [build-stdout] arm-none-eabi-gcc "../../Src/system_stm32f4xx.c" -mcpu=cortex-m4 -std=gnu11 -DUSE_STM324xG_EVAL -DSTM32F407xx -DUSE_HAL_DRIVER -c -I../../Inc -I../../Drivers/CMSIS/Device/ST/STM32F4xx/Include -I../../Drivers/STM32F4xx_HAL_Driver/Inc -I../../Drivers/BSP/STM324xG_EVAL -I../../Drivers/CMSIS/Include -Os -ffunction-sections -fdata-sections -Wall -fstack-usage  -MMD -MP -MF"Drivers/CMSIS/system_stm32f4xx.d" -MT"Drivers/CMSIS/system_stm32f4xx.o" --specs=nano.specs -mfpu=fpv4-sp-d16 -mfloat-abi=hard -mthumb -o "Drivers/CMSIS/system_stm32f4xx.o"
[2025-11-20 16:16:20] [build-stdout] arm-none-eabi-gcc "../../Drivers/BSP/STM324xG_EVAL/stm324xg_eval.c" -mcpu=cortex-m4 -std=gnu11 -DUSE_STM324xG_EVAL -DSTM32F407xx -DUSE_HAL_DRIVER -c -I../../Inc -I../../Drivers/CMSIS/Device/ST/STM32F4xx/Include -I../../Drivers/STM32F4xx_HAL_Driver/Inc -I../../Drivers/BSP/STM324xG_EVAL -I../../Drivers/CMSIS/Include -Os -ffunction-sections -fdata-sections -Wall -fstack-usage  -MMD -MP -MF"Drivers/BSP/STM324xG_EVAL/stm324xg_eval.d" -MT"Drivers/BSP/STM324xG_EVAL/stm324xg_eval.o" --specs=nano.specs -mfpu=fpv4-sp-d16 -mfloat-abi=hard -mthumb -o "Drivers/BSP/STM324xG_EVAL/stm324xg_eval.o"
[2025-11-20 16:16:21] [build-stdout] arm-none-eabi-gcc "../../Drivers/BSP/STM324xG_EVAL/stm324xg_eval_io.c" -mcpu=cortex-m4 -std=gnu11 -DUSE_STM324xG_EVAL -DSTM32F407xx -DUSE_HAL_DRIVER -c -I../../Inc -I../../Drivers/CMSIS/Device/ST/STM32F4xx/Include -I../../Drivers/STM32F4xx_HAL_Driver/Inc -I../../Drivers/BSP/STM324xG_EVAL -I../../Drivers/CMSIS/Include -Os -ffunction-sections -fdata-sections -Wall -fstack-usage  -MMD -MP -MF"Drivers/BSP/STM324xG_EVAL/stm324xg_eval_io.d" -MT"Drivers/BSP/STM324xG_EVAL/stm324xg_eval_io.o" --specs=nano.specs -mfpu=fpv4-sp-d16 -mfloat-abi=hard -mthumb -o "Drivers/BSP/STM324xG_EVAL/stm324xg_eval_io.o"
[2025-11-20 16:16:21] [build-stdout] arm-none-eabi-gcc "../../Drivers/BSP/Components/stmpe811/stmpe811.c" -mcpu=cortex-m4 -std=gnu11 -DUSE_STM324xG_EVAL -DSTM32F407xx -DUSE_HAL_DRIVER -c -I../../Inc -I../../Drivers/CMSIS/Device/ST/STM32F4xx/Include -I../../Drivers/STM32F4xx_HAL_Driver/Inc -I../../Drivers/BSP/STM324xG_EVAL -I../../Drivers/CMSIS/Include -Os -ffunction-sections -fdata-sections -Wall -fstack-usage  -MMD -MP -MF"Drivers/BSP/Components/stmpe811.d" -MT"Drivers/BSP/Components/stmpe811.o" --specs=nano.specs -mfpu=fpv4-sp-d16 -mfloat-abi=hard -mthumb -o "Drivers/BSP/Components/stmpe811.o"
[2025-11-20 16:16:21] [build-stdout] arm-none-eabi-gcc -o "UART_Hyperterminal_IT.elf" @"objects.list"   -mcpu=cortex-m4 -T"../../STM32CubeIDE/STM32F407IGHX_FLASH.ld" --specs=nosys.specs -Wl,-Map="UART_Hyperterminal_IT.map" -Wl,--gc-sections -static --specs=nano.specs -mfpu=fpv4-sp-d16 -mfloat-abi=hard -mthumb -Wl,--start-group -lc -lm -Wl,--end-group
[2025-11-20 16:16:22] [build-stderr] /Users/jie/Documents/arm-gnu-toolchain-14.3.rel1-darwin-arm64-arm-none-eabi/bin/../lib/gcc/arm-none-eabi/14.3.1/../../../../arm-none-eabi/bin/ld: warning: UART_Hyperterminal_IT.elf has a LOAD segment with RWX permissions
[2025-11-20 16:16:23] [build-stdout] Finished building target: UART_Hyperterminal_IT.elf
[2025-11-20 16:16:23] [build-stdout]  
[2025-11-20 16:16:23] [build-stdout] arm-none-eabi-size   UART_Hyperterminal_IT.elf 
[2025-11-20 16:16:23] [build-stdout]    text	   data	    bss	    dec	    hex	filename
[2025-11-20 16:16:23] [build-stdout]    6040	    156	   1652	   7848	   1ea8	UART_Hyperterminal_IT.elf
[2025-11-20 16:16:23] [build-stdout] Finished building: default.size.stdout
[2025-11-20 16:16:23] [build-stdout]  
[2025-11-20 16:16:23] [build-stdout] arm-none-eabi-objdump -h -S  UART_Hyperterminal_IT.elf  > "UART_Hyperterminal_IT.list"
[2025-11-20 16:16:24] [build-stdout] Finished building: UART_Hyperterminal_IT.list
[2025-11-20 16:16:24] [build-stdout]  
[2025-11-20 16:16:24] [build-stdout] 编译成功完成!
[2025-11-20 16:16:25] Plumbing command codeql database trace-command completed.
[2025-11-20 16:16:25] [PROGRESS] database create> Finalizing database at /Users/jie/Documents/workspace/lcmhalgen/LCMHalTest_DBS/DATABASE_FreeRTOSUART_Hyperterminal_IT.
[2025-11-20 16:16:25] Running plumbing command: codeql database finalize --no-db-cluster -- /Users/jie/Documents/workspace/lcmhalgen/LCMHalTest_DBS/DATABASE_FreeRTOSUART_Hyperterminal_IT
[2025-11-20 16:16:25] Using pre-finalize script /opt/homebrew/Caskroom/codeql/2.23.0/codeql/cpp/tools/pre-finalize.sh.
[2025-11-20 16:16:25] [PROGRESS] database finalize> Running pre-finalize script /opt/homebrew/Caskroom/codeql/2.23.0/codeql/cpp/tools/pre-finalize.sh in /Users/jie/Documents/workspace/lcmhalgen/LCMHalMCPServer/testcases/macbook/freertos_uart.
[2025-11-20 16:16:25] Running plumbing command: codeql database trace-command --working-dir=/Users/jie/Documents/workspace/lcmhalgen/LCMHalMCPServer/testcases/macbook/freertos_uart --no-tracing -- /Users/jie/Documents/workspace/lcmhalgen/LCMHalTest_DBS/DATABASE_FreeRTOSUART_Hyperterminal_IT /opt/homebrew/Caskroom/codeql/2.23.0/codeql/cpp/tools/pre-finalize.sh
[2025-11-20 16:16:25] [PROGRESS] database trace-command> Running command in /Users/jie/Documents/workspace/lcmhalgen/LCMHalMCPServer/testcases/macbook/freertos_uart: [/opt/homebrew/Caskroom/codeql/2.23.0/codeql/cpp/tools/pre-finalize.sh]
[2025-11-20 16:16:25] Plumbing command codeql database trace-command completed.
[2025-11-20 16:16:25] [PROGRESS] database finalize> Pre-finalize script /opt/homebrew/Caskroom/codeql/2.23.0/codeql/cpp/tools/pre-finalize.sh completed in 400 ms.
[2025-11-20 16:16:25] [PROGRESS] database finalize> Running TRAP import for CodeQL database at /Users/jie/Documents/workspace/lcmhalgen/LCMHalTest_DBS/DATABASE_FreeRTOSUART_Hyperterminal_IT...
[2025-11-20 16:16:25] Running plumbing command: codeql dataset import --dbscheme=/opt/homebrew/Caskroom/codeql/2.23.0/codeql/cpp/semmlecode.cpp.dbscheme -- /Users/jie/Documents/workspace/lcmhalgen/LCMHalTest_DBS/DATABASE_FreeRTOSUART_Hyperterminal_IT/db-cpp /Users/jie/Documents/workspace/lcmhalgen/LCMHalTest_DBS/DATABASE_FreeRTOSUART_Hyperterminal_IT/trap/cpp
[2025-11-20 16:16:25] Clearing disk cache since the version file /Users/jie/Documents/workspace/lcmhalgen/LCMHalTest_DBS/DATABASE_FreeRTOSUART_Hyperterminal_IT/db-cpp/default/cache/version does not exist
[2025-11-20 16:16:25] Tuple pool not found. Clearing relations with cached strings
[2025-11-20 16:16:25] Trimming disk cache at /Users/jie/Documents/workspace/lcmhalgen/LCMHalTest_DBS/DATABASE_FreeRTOSUART_Hyperterminal_IT/db-cpp/default/cache in mode clear.
[2025-11-20 16:16:25] Sequence stamp origin is -5979167486611111469
[2025-11-20 16:16:25] Pausing evaluation to hard-clear memory at sequence stamp o+0
[2025-11-20 16:16:25] Unpausing evaluation
[2025-11-20 16:16:25] Pausing evaluation to quickly trim disk at sequence stamp o+1
[2025-11-20 16:16:25] Unpausing evaluation
[2025-11-20 16:16:25] Pausing evaluation to zealously trim disk at sequence stamp o+2
[2025-11-20 16:16:25] Unpausing evaluation
[2025-11-20 16:16:25] Trimming completed (4ms): Purged everything.
[2025-11-20 16:16:25] Scanning for files in /Users/jie/Documents/workspace/lcmhalgen/LCMHalTest_DBS/DATABASE_FreeRTOSUART_Hyperterminal_IT/trap/cpp
[2025-11-20 16:16:25] Found 42 files on disk containing 135 TRAP files (5.73 MiB)
[2025-11-20 16:16:25] [PROGRESS] dataset import> Grouping TRAP files by link target
[2025-11-20 16:16:25] [PROGRESS] dataset import> Grouping unlinked TRAP files together
[2025-11-20 16:16:25] [PROGRESS] dataset import> Scanning TRAP files
[2025-11-20 16:16:25] Scanning stmpe811.h.985de0c3.trap (stmpe811.c.9080551f_0.trap.tar.zst) (1 of 135)
[2025-11-20 16:16:25] Scanning stmpe811.c.9080551f.trap (stmpe811.c.9080551f_0.trap.tar.zst) (2 of 135)
[2025-11-20 16:16:25] Scanning ts.h.6e5ed8e8.trap (stm324xg_eval.c.c2b500cd_0.trap.tar.zst) (3 of 135)
[2025-11-20 16:16:25] Scanning io.h.53c8573a.trap (stm324xg_eval.c.c2b500cd_0.trap.tar.zst) (4 of 135)
[2025-11-20 16:16:25] Scanning stmpe811.h.074dabfc.trap (stm324xg_eval.c.c2b500cd_0.trap.tar.zst) (5 of 135)
[2025-11-20 16:16:25] Scanning stm324xg_eval_io.h.ae923784.trap (stm324xg_eval.c.c2b500cd_0.trap.tar.zst) (6 of 135)
[2025-11-20 16:16:25] Scanning stm324xg_eval.c.c2b500cd.trap (stm324xg_eval.c.c2b500cd_0.trap.tar.zst) (7 of 135)
[2025-11-20 16:16:25] Scanning stm324xg_eval_io.c.e5187e1d.trap (stm324xg_eval_io.c.e5187e1d_0.trap.tar.zst) (8 of 135)
[2025-11-20 16:16:25] Scanning stm32f4xx_hal.c.30146f43.trap (stm32f4xx_hal.c.30146f43_0.trap.tar.zst) (9 of 135)
[2025-11-20 16:16:25] Scanning stm32f4xx_hal_cortex.c.9c260ada.trap (stm32f4xx_hal_cortex.c.9c260ada_0.trap.tar.zst) (10 of 135)
[2025-11-20 16:16:25] Scanning stm32f4xx_hal_dma.c.d95921b9.trap (stm32f4xx_hal_dma.c.d95921b9_0.trap.tar.zst) (11 of 135)
[2025-11-20 16:16:25] Scanning stm32f4xx_hal_flash.c.dd37bf91.trap (stm32f4xx_hal_flash.c.dd37bf91_0.trap.tar.zst) (12 of 135)
[2025-11-20 16:16:25] Scanning stm32f4xx_hal_flash_ex.c.f8d43aaa.trap (stm32f4xx_hal_flash_ex.c.f8d43aaa_0.trap.tar.zst) (13 of 135)
[2025-11-20 16:16:25] Scanning stm32f4xx_hal_gpio.c.1aeb0055.trap (stm32f4xx_hal_gpio.c.1aeb0055_0.trap.tar.zst) (14 of 135)
[2025-11-20 16:16:25] Scanning stm32f4xx_hal_i2c.c.38792995.trap (stm32f4xx_hal_i2c.c.38792995_0.trap.tar.zst) (15 of 135)
[2025-11-20 16:16:25] Scanning stm32f4xx_hal_rcc.c.086404d0.trap (stm32f4xx_hal_rcc.c.086404d0_0.trap.tar.zst) (16 of 135)
[2025-11-20 16:16:25] Scanning stm32f4xx_hal_sram.c.68b76ac2.trap (stm32f4xx_hal_sram.c.68b76ac2_0.trap.tar.zst) (17 of 135)
[2025-11-20 16:16:25] Scanning stm32f4xx_hal_uart.c.24f01efc.trap (stm32f4xx_hal_uart.c.24f01efc_0.trap.tar.zst) (18 of 135)
[2025-11-20 16:16:25] Scanning stm32f4xx_ll_fsmc.c.c6ac82af.trap (stm32f4xx_ll_fsmc.c.c6ac82af_0.trap.tar.zst) (19 of 135)
[2025-11-20 16:16:26] Scanning newlib.h.c4cd08dc.trap (syscalls.c.1ee7e084_0.trap.tar.zst) (20 of 135)
[2025-11-20 16:16:26] Scanning ieeefp.h.20e4cf4c.trap (syscalls.c.1ee7e084_0.trap.tar.zst) (21 of 135)
[2025-11-20 16:16:26] Scanning config.h.d108627a.trap (syscalls.c.1ee7e084_0.trap.tar.zst) (22 of 135)
[2025-11-20 16:16:26] Scanning _ansi.h.309ce84b.trap (syscalls.c.1ee7e084_0.trap.tar.zst) (23 of 135)
[2025-11-20 16:16:26] Scanning cdefs.h.1b57af5b.trap (syscalls.c.1ee7e084_0.trap.tar.zst) (24 of 135)
[2025-11-20 16:16:26] Scanning stddef.h.f826b2a9.trap (syscalls.c.1ee7e084_0.trap.tar.zst) (25 of 135)
[2025-11-20 16:16:26] Scanning stddef.h.54e14f26.trap (syscalls.c.1ee7e084_0.trap.tar.zst) (26 of 135)
[2025-11-20 16:16:26] Scanning _types.h.9f3f55e8.trap (syscalls.c.1ee7e084_0.trap.tar.zst) (27 of 135)
[2025-11-20 16:16:26] Scanning _types.h.5812c010.trap (syscalls.c.1ee7e084_0.trap.tar.zst) (28 of 135)
[2025-11-20 16:16:26] Scanning lock.h.b0b72e37.trap (syscalls.c.1ee7e084_0.trap.tar.zst) (29 of 135)
[2025-11-20 16:16:26] Scanning assert.h.d72e8836.trap (syscalls.c.1ee7e084_0.trap.tar.zst) (30 of 135)
[2025-11-20 16:16:26] Scanning reent.h.9468d4d6.trap (syscalls.c.1ee7e084_0.trap.tar.zst) (31 of 135)
[2025-11-20 16:16:26] Scanning stddef.h.575e70c5.trap (syscalls.c.1ee7e084_0.trap.tar.zst) (32 of 135)
[2025-11-20 16:16:26] Scanning time.h.f774140a.trap (syscalls.c.1ee7e084_0.trap.tar.zst) (33 of 135)
[2025-11-20 16:16:26] Scanning _endian.h.e4924a9b.trap (syscalls.c.1ee7e084_0.trap.tar.zst) (34 of 135)
[2025-11-20 16:16:26] Scanning endian.h.6adaa018.trap (syscalls.c.1ee7e084_0.trap.tar.zst) (35 of 135)
[2025-11-20 16:16:26] Scanning _sigset.h.1b9132e2.trap (syscalls.c.1ee7e084_0.trap.tar.zst) (36 of 135)
[2025-11-20 16:16:26] Scanning _timeval.h.1759955d.trap (syscalls.c.1ee7e084_0.trap.tar.zst) (37 of 135)
[2025-11-20 16:16:26] Scanning _timespec.h.dd27bdaa.trap (syscalls.c.1ee7e084_0.trap.tar.zst) (38 of 135)
[2025-11-20 16:16:26] Scanning timespec.h.8018e8e0.trap (syscalls.c.1ee7e084_0.trap.tar.zst) (39 of 135)
[2025-11-20 16:16:26] Scanning select.h.dc6f4c0d.trap (syscalls.c.1ee7e084_0.trap.tar.zst) (40 of 135)
[2025-11-20 16:16:26] Scanning sched.h.02a271da.trap (syscalls.c.1ee7e084_0.trap.tar.zst) (41 of 135)
[2025-11-20 16:16:26] Scanning _pthreadtypes.h.e898bf52.trap (syscalls.c.1ee7e084_0.trap.tar.zst) (42 of 135)
[2025-11-20 16:16:26] Scanning types.h.658ec4a9.trap (syscalls.c.1ee7e084_0.trap.tar.zst) (43 of 135)
[2025-11-20 16:16:26] Scanning types.h.944cba53.trap (syscalls.c.1ee7e084_0.trap.tar.zst) (44 of 135)
[2025-11-20 16:16:26] Scanning _locale.h.6f2aadd0.trap (syscalls.c.1ee7e084_0.trap.tar.zst) (45 of 135)
[2025-11-20 16:16:26] Scanning time.h.3f9f38dd.trap (syscalls.c.1ee7e084_0.trap.tar.zst) (46 of 135)
[2025-11-20 16:16:26] Scanning stat.h.3c26c024.trap (syscalls.c.1ee7e084_0.trap.tar.zst) (47 of 135)
[2025-11-20 16:16:26] Scanning ieeefp.h.45006e12.trap (syscalls.c.1ee7e084_0.trap.tar.zst) (48 of 135)
[2025-11-20 16:16:26] Scanning stddef.h.639f141f.trap (syscalls.c.1ee7e084_0.trap.tar.zst) (49 of 135)
[2025-11-20 16:16:26] Scanning stdlib.h.dfc694d7.trap (syscalls.c.1ee7e084_0.trap.tar.zst) (50 of 135)
[2025-11-20 16:16:26] Scanning alloca.h.a9033fcd.trap (syscalls.c.1ee7e084_0.trap.tar.zst) (51 of 135)
[2025-11-20 16:16:26] Scanning stdlib.h.64cd2b33.trap (syscalls.c.1ee7e084_0.trap.tar.zst) (52 of 135)
[2025-11-20 16:16:26] Scanning errno.h.06eebc52.trap (syscalls.c.1ee7e084_0.trap.tar.zst) (53 of 135)
[2025-11-20 16:16:26] Scanning errno.h.32654baa.trap (syscalls.c.1ee7e084_0.trap.tar.zst) (54 of 135)
[2025-11-20 16:16:26] Scanning stddef.h.70b5d22a.trap (syscalls.c.1ee7e084_0.trap.tar.zst) (55 of 135)
[2025-11-20 16:16:26] Scanning stdarg.h.df84ed1e.trap (syscalls.c.1ee7e084_0.trap.tar.zst) (56 of 135)
[2025-11-20 16:16:26] Scanning stdio.h.c5f347f4.trap (syscalls.c.1ee7e084_0.trap.tar.zst) (57 of 135)
[2025-11-20 16:16:26] Scanning stdio.h.144f7662.trap (syscalls.c.1ee7e084_0.trap.tar.zst) (58 of 135)
[2025-11-20 16:16:26] Scanning signal.h.2f2a116f.trap (syscalls.c.1ee7e084_0.trap.tar.zst) (59 of 135)
[2025-11-20 16:16:26] Scanning signal.h.378b3d88.trap (syscalls.c.1ee7e084_0.trap.tar.zst) (60 of 135)
[2025-11-20 16:16:26] Scanning _time.h.ccfa176c.trap (syscalls.c.1ee7e084_0.trap.tar.zst) (61 of 135)
[2025-11-20 16:16:26] Scanning time.h.62cc6a64.trap (syscalls.c.1ee7e084_0.trap.tar.zst) (62 of 135)
[2025-11-20 16:16:26] Scanning times.h.ebbcd797.trap (syscalls.c.1ee7e084_0.trap.tar.zst) (63 of 135)
[2025-11-20 16:16:26] Scanning syscalls.c.1ee7e084.trap (syscalls.c.1ee7e084_0.trap.tar.zst) (64 of 135)
[2025-11-20 16:16:26] Scanning reent.h.fb9a8e33.trap (sysmem.c.77151408_0.trap.tar.zst) (65 of 135)
[2025-11-20 16:16:26] Scanning sysmem.c.77151408.trap (sysmem.c.77151408_0.trap.tar.zst) (66 of 135)
[2025-11-20 16:16:26] Scanning cpp_predefined.5653aa5f.trap (main.c.d3ff3f19_0.trap.tar.zst) (67 of 135)
[2025-11-20 16:16:26] Scanning _newlib_version.h.dfc694d7.trap (main.c.d3ff3f19_0.trap.tar.zst) (68 of 135)
[2025-11-20 16:16:26] Scanning features.h.f4774193.trap (main.c.d3ff3f19_0.trap.tar.zst) (69 of 135)
[2025-11-20 16:16:26] Scanning _default_types.h.22cf78a6.trap (main.c.d3ff3f19_0.trap.tar.zst) (70 of 135)
[2025-11-20 16:16:26] Scanning _intsup.h.79158e2f.trap (main.c.d3ff3f19_0.trap.tar.zst) (71 of 135)
[2025-11-20 16:16:26] Scanning _stdint.h.34835988.trap (main.c.d3ff3f19_0.trap.tar.zst) (72 of 135)
[2025-11-20 16:16:26] Scanning stdint.h.b2431403.trap (main.c.d3ff3f19_0.trap.tar.zst) (73 of 135)
[2025-11-20 16:16:26] Scanning stdint.h.7e8a49a7.trap (main.c.d3ff3f19_0.trap.tar.zst) (74 of 135)
[2025-11-20 16:16:26] Scanning cmsis_version.h.00521110.trap (main.c.d3ff3f19_0.trap.tar.zst) (75 of 135)
[2025-11-20 16:16:26] Scanning cmsis_gcc.h.9f290f68.trap (main.c.d3ff3f19_0.trap.tar.zst) (76 of 135)
[2025-11-20 16:16:26] Scanning cmsis_compiler.h.c838834c.trap (main.c.d3ff3f19_0.trap.tar.zst) (77 of 135)
[2025-11-20 16:16:26] Scanning mpu_armv7.h.d937d16b.trap (main.c.d3ff3f19_0.trap.tar.zst) (78 of 135)
[2025-11-20 16:16:26] Scanning core_cm4.h.e609b1cf.trap (main.c.d3ff3f19_0.trap.tar.zst) (79 of 135)
[2025-11-20 16:16:26] Scanning system_stm32f4xx.h.516d0ed1.trap (main.c.d3ff3f19_0.trap.tar.zst) (80 of 135)
[2025-11-20 16:16:26] Scanning stm32f407xx.h.e2d82855.trap (main.c.d3ff3f19_0.trap.tar.zst) (81 of 135)
[2025-11-20 16:16:26] Scanning stm32f4xx_hal.h.1ed4fa6b.trap (main.c.d3ff3f19_0.trap.tar.zst) (82 of 135)
[2025-11-20 16:16:26] Scanning stm32f4xx.h.e3ac79ec.trap (main.c.d3ff3f19_0.trap.tar.zst) (83 of 135)
[2025-11-20 16:16:26] Scanning stm32_hal_legacy.h.554bd257.trap (main.c.d3ff3f19_0.trap.tar.zst) (84 of 135)
[2025-11-20 16:16:26] Scanning stddef.h.9f6b9e18.trap (main.c.d3ff3f19_0.trap.tar.zst) (85 of 135)
[2025-11-20 16:16:26] Scanning stm32f4xx_hal_def.h.90fb1319.trap (main.c.d3ff3f19_0.trap.tar.zst) (86 of 135)
[2025-11-20 16:16:26] Scanning stm32f4xx_hal_rcc_ex.h.741e22db.trap (main.c.d3ff3f19_0.trap.tar.zst) (87 of 135)
[2025-11-20 16:16:26] Scanning stm32f4xx_hal_rcc.h.c4d86932.trap (main.c.d3ff3f19_0.trap.tar.zst) (88 of 135)
[2025-11-20 16:16:26] Scanning stm32f4xx_hal_gpio_ex.h.0ef948cd.trap (main.c.d3ff3f19_0.trap.tar.zst) (89 of 135)
[2025-11-20 16:16:26] Scanning stm32f4xx_hal_gpio.h.2e7b45ee.trap (main.c.d3ff3f19_0.trap.tar.zst) (90 of 135)
[2025-11-20 16:16:26] Scanning stm32f4xx_hal_dma_ex.h.65c645c8.trap (main.c.d3ff3f19_0.trap.tar.zst) (91 of 135)
[2025-11-20 16:16:26] Scanning stm32f4xx_hal_dma.h.7ec45e4f.trap (main.c.d3ff3f19_0.trap.tar.zst) (92 of 135)
[2025-11-20 16:16:26] Scanning stm32f4xx_hal_cortex.h.93d75a99.trap (main.c.d3ff3f19_0.trap.tar.zst) (93 of 135)
[2025-11-20 16:16:26] Scanning stm32f4xx_hal_flash_ex.h.409c5b2d.trap (main.c.d3ff3f19_0.trap.tar.zst) (94 of 135)
[2025-11-20 16:16:26] Scanning stm32f4xx_hal_flash_ramfunc.h.d3384c23.trap (main.c.d3ff3f19_0.trap.tar.zst) (95 of 135)
[2025-11-20 16:16:26] Scanning stm32f4xx_hal_flash.h.922b7b5a.trap (main.c.d3ff3f19_0.trap.tar.zst) (96 of 135)
[2025-11-20 16:16:26] Scanning stm32f4xx_ll_fsmc.h.cf1a6923.trap (main.c.d3ff3f19_0.trap.tar.zst) (97 of 135)
[2025-11-20 16:16:26] Scanning stm32f4xx_hal_sram.h.df9f3a48.trap (main.c.d3ff3f19_0.trap.tar.zst) (98 of 135)
[2025-11-20 16:16:26] Scanning stm32f4xx_hal_i2c_ex.h.2d9aea57.trap (main.c.d3ff3f19_0.trap.tar.zst) (99 of 135)
[2025-11-20 16:16:26] Scanning stm32f4xx_hal_i2c.h.f580da81.trap (main.c.d3ff3f19_0.trap.tar.zst) (100 of 135)
[2025-11-20 16:16:26] Scanning stm32f4xx_hal_pwr_ex.h.81cb6c0b.trap (main.c.d3ff3f19_0.trap.tar.zst) (101 of 135)
[2025-11-20 16:16:26] Scanning stm32f4xx_hal_pwr.h.038a3c55.trap (main.c.d3ff3f19_0.trap.tar.zst) (102 of 135)
[2025-11-20 16:16:26] Scanning stm32f4xx_hal_uart.h.e3ba3435.trap (main.c.d3ff3f19_0.trap.tar.zst) (103 of 135)
[2025-11-20 16:16:26] Scanning stm32f4xx_hal_conf.h.afccd9f4.trap (main.c.d3ff3f19_0.trap.tar.zst) (104 of 135)
[2025-11-20 16:16:26] Scanning stm32f4xx_hal.h.e5e7b865.trap (main.c.d3ff3f19_0.trap.tar.zst) (105 of 135)
[2025-11-20 16:16:26] Scanning stm324xg_eval.h.8e6538db.trap (main.c.d3ff3f19_0.trap.tar.zst) (106 of 135)
[2025-11-20 16:16:26] Scanning main.h.c64890e1.trap (main.c.d3ff3f19_0.trap.tar.zst) (107 of 135)
[2025-11-20 16:16:26] Scanning main.c.d3ff3f19.trap (main.c.d3ff3f19_0.trap.tar.zst) (108 of 135)
[2025-11-20 16:16:26] Scanning stm32f4xx_hal_msp.c.a019032f.trap (stm32f4xx_hal_msp.c.a019032f_0.trap.tar.zst) (109 of 135)
[2025-11-20 16:16:26] Scanning stm32f4xx_it.h.9287026e.trap (stm32f4xx_it.c.7e744499_0.trap.tar.zst) (110 of 135)
[2025-11-20 16:16:26] Scanning stm32f4xx_it.c.7e744499.trap (stm32f4xx_it.c.7e744499_0.trap.tar.zst) (111 of 135)
[2025-11-20 16:16:26] Scanning stm32f4xx.h.49799a5d.trap (system_stm32f4xx.c.ce9cb46c_0.trap.tar.zst) (112 of 135)
[2025-11-20 16:16:26] Scanning system_stm32f4xx.c.ce9cb46c.trap (system_stm32f4xx.c.ce9cb46c_0.trap.tar.zst) (113 of 135)
[2025-11-20 16:16:26] Scanning 31485851_0.trap.zst (114 of 135)
[2025-11-20 16:16:26] Scanning 5495193_0.trap.zst (115 of 135)
[2025-11-20 16:16:26] Scanning 28153987_0.trap.zst (116 of 135)
[2025-11-20 16:16:26] Scanning 60384170_0.trap.zst (117 of 135)
[2025-11-20 16:16:26] Scanning 30562613_0.trap.zst (118 of 135)
[2025-11-20 16:16:26] Scanning 37824406_0.trap.zst (119 of 135)
[2025-11-20 16:16:26] Scanning 65052590_0.trap.zst (120 of 135)
[2025-11-20 16:16:26] Scanning 7262187_0.trap.zst (121 of 135)
[2025-11-20 16:16:26] Scanning 13322590_0.trap.zst (122 of 135)
[2025-11-20 16:16:26] Scanning 24241532_0.trap.zst (123 of 135)
[2025-11-20 16:16:26] Scanning 54053746_0.trap.zst (124 of 135)
[2025-11-20 16:16:26] Scanning 32389652_0.trap.zst (125 of 135)
[2025-11-20 16:16:26] Scanning 44602971_0.trap.zst (126 of 135)
[2025-11-20 16:16:26] Scanning 38502005_0.trap.zst (127 of 135)
[2025-11-20 16:16:26] Scanning 22662695_0.trap.zst (128 of 135)
[2025-11-20 16:16:26] Scanning 21427861_0.trap.zst (129 of 135)
[2025-11-20 16:16:26] Scanning 29661031_0.trap.zst (130 of 135)
[2025-11-20 16:16:26] Scanning 8694487_0.trap.zst (131 of 135)
[2025-11-20 16:16:26] Scanning 31145324_0.trap.zst (132 of 135)
[2025-11-20 16:16:26] Scanning 16351216_0.trap.zst (133 of 135)
[2025-11-20 16:16:26] Scanning metadata.trap.gz (134 of 135)
[2025-11-20 16:16:26] Scanning UART_Hyperterminal_IT.elf.trap.zst (135 of 135)
[2025-11-20 16:16:26] [WARN] Non-unique implementations of @"fun_decl_HAL_UART_ErrorCallback(?)": /Users/jie/Documents/workspace/lcmhalgen/posixGen_Demos/UART_Hyperterminal_IT/Src/main.c[00000000];lib_linux_i686, /Users/jie/Documents/workspace/lcmhalgen/posixGen_Demos/UART_Hyperterminal_IT/Drivers/STM32F4xx_HAL_Driver/Src/stm32f4xx_hal_uart.c[a829b0c1];lib_linux_i686
[2025-11-20 16:16:26] [WARN] Non-unique implementations of @"fun_decl_HAL_UART_RxCpltCallback(?)": /Users/jie/Documents/workspace/lcmhalgen/posixGen_Demos/UART_Hyperterminal_IT/Src/main.c[00000000];lib_linux_i686, /Users/jie/Documents/workspace/lcmhalgen/posixGen_Demos/UART_Hyperterminal_IT/Drivers/STM32F4xx_HAL_Driver/Src/stm32f4xx_hal_uart.c[a829b0c1];lib_linux_i686
[2025-11-20 16:16:26] [WARN] Non-unique implementations of @"fun_decl_HAL_UART_TxCpltCallback(?)": /Users/jie/Documents/workspace/lcmhalgen/posixGen_Demos/UART_Hyperterminal_IT/Src/main.c[00000000];lib_linux_i686, /Users/jie/Documents/workspace/lcmhalgen/posixGen_Demos/UART_Hyperterminal_IT/Drivers/STM32F4xx_HAL_Driver/Src/stm32f4xx_hal_uart.c[a829b0c1];lib_linux_i686
[2025-11-20 16:16:26] [WARN] Non-unique implementations of @"fun_decl_HAL_UART_MspDeInit(?)": /Users/jie/Documents/workspace/lcmhalgen/posixGen_Demos/UART_Hyperterminal_IT/Src/stm32f4xx_hal_msp.c[cd636c9f];lib_linux_i686, /Users/jie/Documents/workspace/lcmhalgen/posixGen_Demos/UART_Hyperterminal_IT/Drivers/STM32F4xx_HAL_Driver/Src/stm32f4xx_hal_uart.c[a829b0c1];lib_linux_i686
[2025-11-20 16:16:26] [WARN] Non-unique implementations of @"fun_decl_HAL_UART_MspInit(?)": /Users/jie/Documents/workspace/lcmhalgen/posixGen_Demos/UART_Hyperterminal_IT/Src/stm32f4xx_hal_msp.c[2bf901cd];lib_linux_i686, /Users/jie/Documents/workspace/lcmhalgen/posixGen_Demos/UART_Hyperterminal_IT/Drivers/STM32F4xx_HAL_Driver/Src/stm32f4xx_hal_uart.c[a829b0c1];lib_linux_i686
[2025-11-20 16:16:26] [PROGRESS] dataset import> Importing TRAP files
[2025-11-20 16:16:26] Importing stmpe811.h.985de0c3.trap (stmpe811.c.9080551f_0.trap.tar.zst) for UART_Hyperterminal_IT.elf.link (1 of 135)
[2025-11-20 16:16:26] Importing stmpe811.c.9080551f.trap (stmpe811.c.9080551f_0.trap.tar.zst) for UART_Hyperterminal_IT.elf.link (2 of 135)
[2025-11-20 16:16:26] Importing ts.h.6e5ed8e8.trap (stm324xg_eval.c.c2b500cd_0.trap.tar.zst) for UART_Hyperterminal_IT.elf.link (3 of 135)
[2025-11-20 16:16:26] Importing io.h.53c8573a.trap (stm324xg_eval.c.c2b500cd_0.trap.tar.zst) for UART_Hyperterminal_IT.elf.link (4 of 135)
[2025-11-20 16:16:26] Importing stmpe811.h.074dabfc.trap (stm324xg_eval.c.c2b500cd_0.trap.tar.zst) for UART_Hyperterminal_IT.elf.link (5 of 135)
[2025-11-20 16:16:26] Importing stm324xg_eval_io.h.ae923784.trap (stm324xg_eval.c.c2b500cd_0.trap.tar.zst) for UART_Hyperterminal_IT.elf.link (6 of 135)
[2025-11-20 16:16:26] Importing stm324xg_eval.c.c2b500cd.trap (stm324xg_eval.c.c2b500cd_0.trap.tar.zst) for UART_Hyperterminal_IT.elf.link (7 of 135)
[2025-11-20 16:16:26] Importing stm324xg_eval_io.c.e5187e1d.trap (stm324xg_eval_io.c.e5187e1d_0.trap.tar.zst) for UART_Hyperterminal_IT.elf.link (8 of 135)
[2025-11-20 16:16:26] Importing stm32f4xx_hal.c.30146f43.trap (stm32f4xx_hal.c.30146f43_0.trap.tar.zst) for UART_Hyperterminal_IT.elf.link (9 of 135)
[2025-11-20 16:16:26] Importing stm32f4xx_hal_cortex.c.9c260ada.trap (stm32f4xx_hal_cortex.c.9c260ada_0.trap.tar.zst) for UART_Hyperterminal_IT.elf.link (10 of 135)
[2025-11-20 16:16:26] Importing stm32f4xx_hal_dma.c.d95921b9.trap (stm32f4xx_hal_dma.c.d95921b9_0.trap.tar.zst) for UART_Hyperterminal_IT.elf.link (11 of 135)
[2025-11-20 16:16:26] Importing stm32f4xx_hal_flash.c.dd37bf91.trap (stm32f4xx_hal_flash.c.dd37bf91_0.trap.tar.zst) for UART_Hyperterminal_IT.elf.link (12 of 135)
[2025-11-20 16:16:26] Importing stm32f4xx_hal_flash_ex.c.f8d43aaa.trap (stm32f4xx_hal_flash_ex.c.f8d43aaa_0.trap.tar.zst) for UART_Hyperterminal_IT.elf.link (13 of 135)
[2025-11-20 16:16:26] Importing stm32f4xx_hal_gpio.c.1aeb0055.trap (stm32f4xx_hal_gpio.c.1aeb0055_0.trap.tar.zst) for UART_Hyperterminal_IT.elf.link (14 of 135)
[2025-11-20 16:16:26] Importing stm32f4xx_hal_i2c.c.38792995.trap (stm32f4xx_hal_i2c.c.38792995_0.trap.tar.zst) for UART_Hyperterminal_IT.elf.link (15 of 135)
[2025-11-20 16:16:26] Importing stm32f4xx_hal_rcc.c.086404d0.trap (stm32f4xx_hal_rcc.c.086404d0_0.trap.tar.zst) for UART_Hyperterminal_IT.elf.link (16 of 135)
[2025-11-20 16:16:26] Importing stm32f4xx_hal_sram.c.68b76ac2.trap (stm32f4xx_hal_sram.c.68b76ac2_0.trap.tar.zst) for UART_Hyperterminal_IT.elf.link (17 of 135)
[2025-11-20 16:16:26] Importing stm32f4xx_hal_uart.c.24f01efc.trap (stm32f4xx_hal_uart.c.24f01efc_0.trap.tar.zst) for UART_Hyperterminal_IT.elf.link (18 of 135)
[2025-11-20 16:16:26] Importing stm32f4xx_ll_fsmc.c.c6ac82af.trap (stm32f4xx_ll_fsmc.c.c6ac82af_0.trap.tar.zst) for UART_Hyperterminal_IT.elf.link (19 of 135)
[2025-11-20 16:16:26] Importing newlib.h.c4cd08dc.trap (syscalls.c.1ee7e084_0.trap.tar.zst) for UART_Hyperterminal_IT.elf.link (20 of 135)
[2025-11-20 16:16:26] Importing ieeefp.h.20e4cf4c.trap (syscalls.c.1ee7e084_0.trap.tar.zst) for UART_Hyperterminal_IT.elf.link (21 of 135)
[2025-11-20 16:16:26] Importing config.h.d108627a.trap (syscalls.c.1ee7e084_0.trap.tar.zst) for UART_Hyperterminal_IT.elf.link (22 of 135)
[2025-11-20 16:16:26] Importing _ansi.h.309ce84b.trap (syscalls.c.1ee7e084_0.trap.tar.zst) for UART_Hyperterminal_IT.elf.link (23 of 135)
[2025-11-20 16:16:26] Importing cdefs.h.1b57af5b.trap (syscalls.c.1ee7e084_0.trap.tar.zst) for UART_Hyperterminal_IT.elf.link (24 of 135)
[2025-11-20 16:16:26] Importing stddef.h.f826b2a9.trap (syscalls.c.1ee7e084_0.trap.tar.zst) for UART_Hyperterminal_IT.elf.link (25 of 135)
[2025-11-20 16:16:26] Importing stddef.h.54e14f26.trap (syscalls.c.1ee7e084_0.trap.tar.zst) for UART_Hyperterminal_IT.elf.link (26 of 135)
[2025-11-20 16:16:26] Importing _types.h.9f3f55e8.trap (syscalls.c.1ee7e084_0.trap.tar.zst) for UART_Hyperterminal_IT.elf.link (27 of 135)
[2025-11-20 16:16:26] Importing _types.h.5812c010.trap (syscalls.c.1ee7e084_0.trap.tar.zst) for UART_Hyperterminal_IT.elf.link (28 of 135)
[2025-11-20 16:16:26] Importing lock.h.b0b72e37.trap (syscalls.c.1ee7e084_0.trap.tar.zst) for UART_Hyperterminal_IT.elf.link (29 of 135)
[2025-11-20 16:16:26] Importing assert.h.d72e8836.trap (syscalls.c.1ee7e084_0.trap.tar.zst) for UART_Hyperterminal_IT.elf.link (30 of 135)
[2025-11-20 16:16:26] Importing reent.h.9468d4d6.trap (syscalls.c.1ee7e084_0.trap.tar.zst) for UART_Hyperterminal_IT.elf.link (31 of 135)
[2025-11-20 16:16:26] Importing stddef.h.575e70c5.trap (syscalls.c.1ee7e084_0.trap.tar.zst) for UART_Hyperterminal_IT.elf.link (32 of 135)
[2025-11-20 16:16:26] Importing time.h.f774140a.trap (syscalls.c.1ee7e084_0.trap.tar.zst) for UART_Hyperterminal_IT.elf.link (33 of 135)
[2025-11-20 16:16:26] Importing _endian.h.e4924a9b.trap (syscalls.c.1ee7e084_0.trap.tar.zst) for UART_Hyperterminal_IT.elf.link (34 of 135)
[2025-11-20 16:16:26] Importing endian.h.6adaa018.trap (syscalls.c.1ee7e084_0.trap.tar.zst) for UART_Hyperterminal_IT.elf.link (35 of 135)
[2025-11-20 16:16:26] Importing _sigset.h.1b9132e2.trap (syscalls.c.1ee7e084_0.trap.tar.zst) for UART_Hyperterminal_IT.elf.link (36 of 135)
[2025-11-20 16:16:26] Importing _timeval.h.1759955d.trap (syscalls.c.1ee7e084_0.trap.tar.zst) for UART_Hyperterminal_IT.elf.link (37 of 135)
[2025-11-20 16:16:26] Importing _timespec.h.dd27bdaa.trap (syscalls.c.1ee7e084_0.trap.tar.zst) for UART_Hyperterminal_IT.elf.link (38 of 135)
[2025-11-20 16:16:26] Importing timespec.h.8018e8e0.trap (syscalls.c.1ee7e084_0.trap.tar.zst) for UART_Hyperterminal_IT.elf.link (39 of 135)
[2025-11-20 16:16:26] Importing select.h.dc6f4c0d.trap (syscalls.c.1ee7e084_0.trap.tar.zst) for UART_Hyperterminal_IT.elf.link (40 of 135)
[2025-11-20 16:16:26] Importing sched.h.02a271da.trap (syscalls.c.1ee7e084_0.trap.tar.zst) for UART_Hyperterminal_IT.elf.link (41 of 135)
[2025-11-20 16:16:26] Importing _pthreadtypes.h.e898bf52.trap (syscalls.c.1ee7e084_0.trap.tar.zst) for UART_Hyperterminal_IT.elf.link (42 of 135)
[2025-11-20 16:16:26] Importing types.h.658ec4a9.trap (syscalls.c.1ee7e084_0.trap.tar.zst) for UART_Hyperterminal_IT.elf.link (43 of 135)
[2025-11-20 16:16:26] Importing types.h.944cba53.trap (syscalls.c.1ee7e084_0.trap.tar.zst) for UART_Hyperterminal_IT.elf.link (44 of 135)
[2025-11-20 16:16:26] Importing _locale.h.6f2aadd0.trap (syscalls.c.1ee7e084_0.trap.tar.zst) for UART_Hyperterminal_IT.elf.link (45 of 135)
[2025-11-20 16:16:26] Importing time.h.3f9f38dd.trap (syscalls.c.1ee7e084_0.trap.tar.zst) for UART_Hyperterminal_IT.elf.link (46 of 135)
[2025-11-20 16:16:26] Importing stat.h.3c26c024.trap (syscalls.c.1ee7e084_0.trap.tar.zst) for UART_Hyperterminal_IT.elf.link (47 of 135)
[2025-11-20 16:16:26] Importing ieeefp.h.45006e12.trap (syscalls.c.1ee7e084_0.trap.tar.zst) for UART_Hyperterminal_IT.elf.link (48 of 135)
[2025-11-20 16:16:26] Importing stddef.h.639f141f.trap (syscalls.c.1ee7e084_0.trap.tar.zst) for UART_Hyperterminal_IT.elf.link (49 of 135)
[2025-11-20 16:16:26] Importing stdlib.h.dfc694d7.trap (syscalls.c.1ee7e084_0.trap.tar.zst) for UART_Hyperterminal_IT.elf.link (50 of 135)
[2025-11-20 16:16:26] Importing alloca.h.a9033fcd.trap (syscalls.c.1ee7e084_0.trap.tar.zst) for UART_Hyperterminal_IT.elf.link (51 of 135)
[2025-11-20 16:16:26] Importing stdlib.h.64cd2b33.trap (syscalls.c.1ee7e084_0.trap.tar.zst) for UART_Hyperterminal_IT.elf.link (52 of 135)
[2025-11-20 16:16:26] Importing errno.h.06eebc52.trap (syscalls.c.1ee7e084_0.trap.tar.zst) for UART_Hyperterminal_IT.elf.link (53 of 135)
[2025-11-20 16:16:26] Importing errno.h.32654baa.trap (syscalls.c.1ee7e084_0.trap.tar.zst) for UART_Hyperterminal_IT.elf.link (54 of 135)
[2025-11-20 16:16:26] Importing stddef.h.70b5d22a.trap (syscalls.c.1ee7e084_0.trap.tar.zst) for UART_Hyperterminal_IT.elf.link (55 of 135)
[2025-11-20 16:16:26] Importing stdarg.h.df84ed1e.trap (syscalls.c.1ee7e084_0.trap.tar.zst) for UART_Hyperterminal_IT.elf.link (56 of 135)
[2025-11-20 16:16:26] Importing stdio.h.c5f347f4.trap (syscalls.c.1ee7e084_0.trap.tar.zst) for UART_Hyperterminal_IT.elf.link (57 of 135)
[2025-11-20 16:16:26] Importing stdio.h.144f7662.trap (syscalls.c.1ee7e084_0.trap.tar.zst) for UART_Hyperterminal_IT.elf.link (58 of 135)
[2025-11-20 16:16:26] Importing signal.h.2f2a116f.trap (syscalls.c.1ee7e084_0.trap.tar.zst) for UART_Hyperterminal_IT.elf.link (59 of 135)
[2025-11-20 16:16:27] Importing signal.h.378b3d88.trap (syscalls.c.1ee7e084_0.trap.tar.zst) for UART_Hyperterminal_IT.elf.link (60 of 135)
[2025-11-20 16:16:27] Importing _time.h.ccfa176c.trap (syscalls.c.1ee7e084_0.trap.tar.zst) for UART_Hyperterminal_IT.elf.link (61 of 135)
[2025-11-20 16:16:27] Importing time.h.62cc6a64.trap (syscalls.c.1ee7e084_0.trap.tar.zst) for UART_Hyperterminal_IT.elf.link (62 of 135)
[2025-11-20 16:16:27] Importing times.h.ebbcd797.trap (syscalls.c.1ee7e084_0.trap.tar.zst) for UART_Hyperterminal_IT.elf.link (63 of 135)
[2025-11-20 16:16:27] Importing syscalls.c.1ee7e084.trap (syscalls.c.1ee7e084_0.trap.tar.zst) for UART_Hyperterminal_IT.elf.link (64 of 135)
[2025-11-20 16:16:27] Importing reent.h.fb9a8e33.trap (sysmem.c.77151408_0.trap.tar.zst) for UART_Hyperterminal_IT.elf.link (65 of 135)
[2025-11-20 16:16:27] Importing sysmem.c.77151408.trap (sysmem.c.77151408_0.trap.tar.zst) for UART_Hyperterminal_IT.elf.link (66 of 135)
[2025-11-20 16:16:27] Importing cpp_predefined.5653aa5f.trap (main.c.d3ff3f19_0.trap.tar.zst) for no link target (67 of 135)
[2025-11-20 16:16:27] Importing _newlib_version.h.dfc694d7.trap (main.c.d3ff3f19_0.trap.tar.zst) for UART_Hyperterminal_IT.elf.link (68 of 135)
[2025-11-20 16:16:27] Importing features.h.f4774193.trap (main.c.d3ff3f19_0.trap.tar.zst) for UART_Hyperterminal_IT.elf.link (69 of 135)
[2025-11-20 16:16:27] Importing _default_types.h.22cf78a6.trap (main.c.d3ff3f19_0.trap.tar.zst) for UART_Hyperterminal_IT.elf.link (70 of 135)
[2025-11-20 16:16:27] Importing _intsup.h.79158e2f.trap (main.c.d3ff3f19_0.trap.tar.zst) for UART_Hyperterminal_IT.elf.link (71 of 135)
[2025-11-20 16:16:27] Importing _stdint.h.34835988.trap (main.c.d3ff3f19_0.trap.tar.zst) for UART_Hyperterminal_IT.elf.link (72 of 135)
[2025-11-20 16:16:27] Importing stdint.h.b2431403.trap (main.c.d3ff3f19_0.trap.tar.zst) for UART_Hyperterminal_IT.elf.link (73 of 135)
[2025-11-20 16:16:27] Importing stdint.h.7e8a49a7.trap (main.c.d3ff3f19_0.trap.tar.zst) for UART_Hyperterminal_IT.elf.link (74 of 135)
[2025-11-20 16:16:27] Importing cmsis_version.h.00521110.trap (main.c.d3ff3f19_0.trap.tar.zst) for UART_Hyperterminal_IT.elf.link (75 of 135)
[2025-11-20 16:16:27] Importing cmsis_gcc.h.9f290f68.trap (main.c.d3ff3f19_0.trap.tar.zst) for UART_Hyperterminal_IT.elf.link (76 of 135)
[2025-11-20 16:16:27] Importing cmsis_compiler.h.c838834c.trap (main.c.d3ff3f19_0.trap.tar.zst) for UART_Hyperterminal_IT.elf.link (77 of 135)
[2025-11-20 16:16:27] Importing mpu_armv7.h.d937d16b.trap (main.c.d3ff3f19_0.trap.tar.zst) for UART_Hyperterminal_IT.elf.link (78 of 135)
[2025-11-20 16:16:27] Importing core_cm4.h.e609b1cf.trap (main.c.d3ff3f19_0.trap.tar.zst) for UART_Hyperterminal_IT.elf.link (79 of 135)
[2025-11-20 16:16:27] Importing system_stm32f4xx.h.516d0ed1.trap (main.c.d3ff3f19_0.trap.tar.zst) for UART_Hyperterminal_IT.elf.link (80 of 135)
[2025-11-20 16:16:27] Importing stm32f407xx.h.e2d82855.trap (main.c.d3ff3f19_0.trap.tar.zst) for UART_Hyperterminal_IT.elf.link (81 of 135)
[2025-11-20 16:16:27] Importing stm32f4xx_hal.h.1ed4fa6b.trap (main.c.d3ff3f19_0.trap.tar.zst) for UART_Hyperterminal_IT.elf.link (82 of 135)
[2025-11-20 16:16:27] Importing stm32f4xx.h.e3ac79ec.trap (main.c.d3ff3f19_0.trap.tar.zst) for UART_Hyperterminal_IT.elf.link (83 of 135)
[2025-11-20 16:16:27] Importing stm32_hal_legacy.h.554bd257.trap (main.c.d3ff3f19_0.trap.tar.zst) for UART_Hyperterminal_IT.elf.link (84 of 135)
[2025-11-20 16:16:27] Importing stddef.h.9f6b9e18.trap (main.c.d3ff3f19_0.trap.tar.zst) for UART_Hyperterminal_IT.elf.link (85 of 135)
[2025-11-20 16:16:27] Importing stm32f4xx_hal_def.h.90fb1319.trap (main.c.d3ff3f19_0.trap.tar.zst) for UART_Hyperterminal_IT.elf.link (86 of 135)
[2025-11-20 16:16:27] Importing stm32f4xx_hal_rcc_ex.h.741e22db.trap (main.c.d3ff3f19_0.trap.tar.zst) for UART_Hyperterminal_IT.elf.link (87 of 135)
[2025-11-20 16:16:27] Importing stm32f4xx_hal_rcc.h.c4d86932.trap (main.c.d3ff3f19_0.trap.tar.zst) for UART_Hyperterminal_IT.elf.link (88 of 135)
[2025-11-20 16:16:27] Importing stm32f4xx_hal_gpio_ex.h.0ef948cd.trap (main.c.d3ff3f19_0.trap.tar.zst) for UART_Hyperterminal_IT.elf.link (89 of 135)
[2025-11-20 16:16:27] Importing stm32f4xx_hal_gpio.h.2e7b45ee.trap (main.c.d3ff3f19_0.trap.tar.zst) for UART_Hyperterminal_IT.elf.link (90 of 135)
[2025-11-20 16:16:27] Importing stm32f4xx_hal_dma_ex.h.65c645c8.trap (main.c.d3ff3f19_0.trap.tar.zst) for UART_Hyperterminal_IT.elf.link (91 of 135)
[2025-11-20 16:16:27] Importing stm32f4xx_hal_dma.h.7ec45e4f.trap (main.c.d3ff3f19_0.trap.tar.zst) for UART_Hyperterminal_IT.elf.link (92 of 135)
[2025-11-20 16:16:27] Importing stm32f4xx_hal_cortex.h.93d75a99.trap (main.c.d3ff3f19_0.trap.tar.zst) for UART_Hyperterminal_IT.elf.link (93 of 135)
[2025-11-20 16:16:27] Importing stm32f4xx_hal_flash_ex.h.409c5b2d.trap (main.c.d3ff3f19_0.trap.tar.zst) for UART_Hyperterminal_IT.elf.link (94 of 135)
[2025-11-20 16:16:27] Importing stm32f4xx_hal_flash_ramfunc.h.d3384c23.trap (main.c.d3ff3f19_0.trap.tar.zst) for UART_Hyperterminal_IT.elf.link (95 of 135)
[2025-11-20 16:16:27] Importing stm32f4xx_hal_flash.h.922b7b5a.trap (main.c.d3ff3f19_0.trap.tar.zst) for UART_Hyperterminal_IT.elf.link (96 of 135)
[2025-11-20 16:16:27] Importing stm32f4xx_ll_fsmc.h.cf1a6923.trap (main.c.d3ff3f19_0.trap.tar.zst) for UART_Hyperterminal_IT.elf.link (97 of 135)
[2025-11-20 16:16:27] Importing stm32f4xx_hal_sram.h.df9f3a48.trap (main.c.d3ff3f19_0.trap.tar.zst) for UART_Hyperterminal_IT.elf.link (98 of 135)
[2025-11-20 16:16:27] Importing stm32f4xx_hal_i2c_ex.h.2d9aea57.trap (main.c.d3ff3f19_0.trap.tar.zst) for UART_Hyperterminal_IT.elf.link (99 of 135)
[2025-11-20 16:16:27] Importing stm32f4xx_hal_i2c.h.f580da81.trap (main.c.d3ff3f19_0.trap.tar.zst) for UART_Hyperterminal_IT.elf.link (100 of 135)
[2025-11-20 16:16:27] Importing stm32f4xx_hal_pwr_ex.h.81cb6c0b.trap (main.c.d3ff3f19_0.trap.tar.zst) for UART_Hyperterminal_IT.elf.link (101 of 135)
[2025-11-20 16:16:27] Importing stm32f4xx_hal_pwr.h.038a3c55.trap (main.c.d3ff3f19_0.trap.tar.zst) for UART_Hyperterminal_IT.elf.link (102 of 135)
[2025-11-20 16:16:27] Importing stm32f4xx_hal_uart.h.e3ba3435.trap (main.c.d3ff3f19_0.trap.tar.zst) for UART_Hyperterminal_IT.elf.link (103 of 135)
[2025-11-20 16:16:27] Importing stm32f4xx_hal_conf.h.afccd9f4.trap (main.c.d3ff3f19_0.trap.tar.zst) for UART_Hyperterminal_IT.elf.link (104 of 135)
[2025-11-20 16:16:27] Importing stm32f4xx_hal.h.e5e7b865.trap (main.c.d3ff3f19_0.trap.tar.zst) for UART_Hyperterminal_IT.elf.link (105 of 135)
[2025-11-20 16:16:27] Importing stm324xg_eval.h.8e6538db.trap (main.c.d3ff3f19_0.trap.tar.zst) for UART_Hyperterminal_IT.elf.link (106 of 135)
[2025-11-20 16:16:27] Importing main.h.c64890e1.trap (main.c.d3ff3f19_0.trap.tar.zst) for UART_Hyperterminal_IT.elf.link (107 of 135)
[2025-11-20 16:16:27] Importing main.c.d3ff3f19.trap (main.c.d3ff3f19_0.trap.tar.zst) for UART_Hyperterminal_IT.elf.link (108 of 135)
[2025-11-20 16:16:27] Importing stm32f4xx_hal_msp.c.a019032f.trap (stm32f4xx_hal_msp.c.a019032f_0.trap.tar.zst) for UART_Hyperterminal_IT.elf.link (109 of 135)
[2025-11-20 16:16:27] Importing stm32f4xx_it.h.9287026e.trap (stm32f4xx_it.c.7e744499_0.trap.tar.zst) for UART_Hyperterminal_IT.elf.link (110 of 135)
[2025-11-20 16:16:27] Importing stm32f4xx_it.c.7e744499.trap (stm32f4xx_it.c.7e744499_0.trap.tar.zst) for UART_Hyperterminal_IT.elf.link (111 of 135)
[2025-11-20 16:16:27] Importing stm32f4xx.h.49799a5d.trap (system_stm32f4xx.c.ce9cb46c_0.trap.tar.zst) for UART_Hyperterminal_IT.elf.link (112 of 135)
[2025-11-20 16:16:27] Importing system_stm32f4xx.c.ce9cb46c.trap (system_stm32f4xx.c.ce9cb46c_0.trap.tar.zst) for UART_Hyperterminal_IT.elf.link (113 of 135)
[2025-11-20 16:16:27] Importing 31485851_0.trap.zst for UART_Hyperterminal_IT.elf.link (114 of 135)
[2025-11-20 16:16:27] Importing 5495193_0.trap.zst for UART_Hyperterminal_IT.elf.link (115 of 135)
[2025-11-20 16:16:27] Importing 28153987_0.trap.zst for UART_Hyperterminal_IT.elf.link (116 of 135)
[2025-11-20 16:16:27] Importing 60384170_0.trap.zst for UART_Hyperterminal_IT.elf.link (117 of 135)
[2025-11-20 16:16:27] Importing 30562613_0.trap.zst for UART_Hyperterminal_IT.elf.link (118 of 135)
[2025-11-20 16:16:27] Importing 37824406_0.trap.zst for UART_Hyperterminal_IT.elf.link (119 of 135)
[2025-11-20 16:16:27] Importing 65052590_0.trap.zst for UART_Hyperterminal_IT.elf.link (120 of 135)
[2025-11-20 16:16:27] Importing 7262187_0.trap.zst for UART_Hyperterminal_IT.elf.link (121 of 135)
[2025-11-20 16:16:27] Importing 13322590_0.trap.zst for UART_Hyperterminal_IT.elf.link (122 of 135)
[2025-11-20 16:16:27] Importing 24241532_0.trap.zst for UART_Hyperterminal_IT.elf.link (123 of 135)
[2025-11-20 16:16:27] Importing 54053746_0.trap.zst for UART_Hyperterminal_IT.elf.link (124 of 135)
[2025-11-20 16:16:27] Importing 32389652_0.trap.zst for UART_Hyperterminal_IT.elf.link (125 of 135)
[2025-11-20 16:16:27] Importing 44602971_0.trap.zst for UART_Hyperterminal_IT.elf.link (126 of 135)
[2025-11-20 16:16:27] Importing 38502005_0.trap.zst for UART_Hyperterminal_IT.elf.link (127 of 135)
[2025-11-20 16:16:27] Importing 22662695_0.trap.zst for UART_Hyperterminal_IT.elf.link (128 of 135)
[2025-11-20 16:16:27] Importing 21427861_0.trap.zst for UART_Hyperterminal_IT.elf.link (129 of 135)
[2025-11-20 16:16:27] Importing 29661031_0.trap.zst for UART_Hyperterminal_IT.elf.link (130 of 135)
[2025-11-20 16:16:27] Importing 8694487_0.trap.zst for UART_Hyperterminal_IT.elf.link (131 of 135)
[2025-11-20 16:16:27] Importing 31145324_0.trap.zst for UART_Hyperterminal_IT.elf.link (132 of 135)
[2025-11-20 16:16:27] Importing 16351216_0.trap.zst for UART_Hyperterminal_IT.elf.link (133 of 135)
[2025-11-20 16:16:27] Importing metadata.trap.gz for no link target (134 of 135)
[2025-11-20 16:16:27] Importing UART_Hyperterminal_IT.elf.trap.zst for UART_Hyperterminal_IT.elf.link (135 of 135)
[2025-11-20 16:16:27] [PROGRESS] dataset import> Merging relations
[2025-11-20 16:16:27] Merging 1 fragment for 'files'.
[2025-11-20 16:16:27] Merged 351 bytes for 'files'.
[2025-11-20 16:16:27] Merging 1 fragment for 'numlines'.
[2025-11-20 16:16:27] Merged 3216 bytes (3.14 KiB) for 'numlines'.
[2025-11-20 16:16:27] Merging 2 fragments for 'locations_default'.
[2025-11-20 16:16:27] Merged 408434 bytes (398.86 KiB) for 'locations_default'.
[2025-11-20 16:16:27] Merging 1 fragment for 'preprocdirects'.
[2025-11-20 16:16:27] Merged 53026 bytes (51.78 KiB) for 'preprocdirects'.
[2025-11-20 16:16:27] Merging 1 fragment for 'preproctext'.
[2025-11-20 16:16:27] Merged 76843 bytes (75.04 KiB) for 'preproctext'.
[2025-11-20 16:16:27] Merging 1 fragment for 'includes'.
[2025-11-20 16:16:27] Merged 695 bytes for 'includes'.
[2025-11-20 16:16:27] Merging 1 fragment for 'type_mentions'.
[2025-11-20 16:16:27] Merged 14821 bytes (14.47 KiB) for 'type_mentions'.
[2025-11-20 16:16:27] Merging 1 fragment for 'functions'.
[2025-11-20 16:16:27] Merged 2315 bytes (2.26 KiB) for 'functions'.
[2025-11-20 16:16:27] Merging 1 fragment for 'link_parent'.
[2025-11-20 16:16:27] Merged 1385 bytes (1.35 KiB) for 'link_parent'.
[2025-11-20 16:16:27] Merging 1 fragment for 'function_return_type'.
[2025-11-20 16:16:27] Merged 2388 bytes (2.33 KiB) for 'function_return_type'.
[2025-11-20 16:16:27] Merging 1 fragment for 'function_prototyped'.
[2025-11-20 16:16:27] Merged 1148 bytes (1.12 KiB) for 'function_prototyped'.
[2025-11-20 16:16:27] Merging 1 fragment for 'params'.
[2025-11-20 16:16:27] Merged 9309 bytes (9.09 KiB) for 'params'.
[2025-11-20 16:16:27] Merging 1 fragment for 'derivedtypes'.
[2025-11-20 16:16:27] Merged 2472 bytes (2.41 KiB) for 'derivedtypes'.
[2025-11-20 16:16:27] Merging 1 fragment for 'pointerishsize'.
[2025-11-20 16:16:27] Merged 401 bytes for 'pointerishsize'.
[2025-11-20 16:16:27] Merging 1 fragment for 'unspecifiedtype'.
[2025-11-20 16:16:27] Merged 3018 bytes (2.95 KiB) for 'unspecifiedtype'.
[2025-11-20 16:16:27] Merging 1 fragment for 'preproctrue'.
[2025-11-20 16:16:27] Merged 822 bytes for 'preproctrue'.
[2025-11-20 16:16:27] Merging 1 fragment for 'preprocfalse'.
[2025-11-20 16:16:27] Merged 991 bytes for 'preprocfalse'.
[2025-11-20 16:16:27] Merging 1 fragment for 'globalvariables'.
[2025-11-20 16:16:27] Merged 285 bytes for 'globalvariables'.
[2025-11-20 16:16:27] Merging 1 fragment for 'var_decls'.
[2025-11-20 16:16:27] Merged 26771 bytes (26.14 KiB) for 'var_decls'.
[2025-11-20 16:16:27] Merging 1 fragment for 'var_decl_specifiers'.
[2025-11-20 16:16:27] Merged 96 bytes for 'var_decl_specifiers'.
[2025-11-20 16:16:27] Merging 1 fragment for 'fun_decls'.
[2025-11-20 16:16:27] Merged 8411 bytes (8.21 KiB) for 'fun_decls'.
[2025-11-20 16:16:27] Merging 1 fragment for 'fun_decl_specifiers'.
[2025-11-20 16:16:27] Merged 4577 bytes (4.47 KiB) for 'fun_decl_specifiers'.
[2025-11-20 16:16:27] Merging 1 fragment for 'param_decl_bind'.
[2025-11-20 16:16:27] Merged 7717 bytes (7.54 KiB) for 'param_decl_bind'.
[2025-11-20 16:16:27] Merging 1 fragment for 'comments'.
[2025-11-20 16:16:27] Merged 70682 bytes (69.03 KiB) for 'comments'.
[2025-11-20 16:16:27] Merging 1 fragment for 'commentbinding'.
[2025-11-20 16:16:27] Merged 37938 bytes (37.05 KiB) for 'commentbinding'.
[2025-11-20 16:16:27] Merging 1 fragment for 'containerparent'.
[2025-11-20 16:16:27] Merged 415 bytes for 'containerparent'.
[2025-11-20 16:16:27] Merging 1 fragment for 'folders'.
[2025-11-20 16:16:27] Merged 142 bytes for 'folders'.
[2025-11-20 16:16:27] Merging 1 fragment for 'mangled_name'.
[2025-11-20 16:16:27] Merged 2731 bytes (2.67 KiB) for 'mangled_name'.
[2025-11-20 16:16:27] Merging 1 fragment for 'funspecifiers'.
[2025-11-20 16:16:27] Merged 3180 bytes (3.11 KiB) for 'funspecifiers'.
[2025-11-20 16:16:27] Merging 1 fragment for 'preprocpair'.
[2025-11-20 16:16:27] Merged 5506 bytes (5.38 KiB) for 'preprocpair'.
[2025-11-20 16:16:27] Merging 1 fragment for 'extractor_version'.
[2025-11-20 16:16:27] Merged 28 bytes for 'extractor_version'.
[2025-11-20 16:16:27] Merging 1 fragment for 'fileannotations'.
[2025-11-20 16:16:27] Merged 2031 bytes (1.98 KiB) for 'fileannotations'.
[2025-11-20 16:16:27] Merging 1 fragment for 'fun_def'.
[2025-11-20 16:16:27] Merged 703 bytes for 'fun_def'.
[2025-11-20 16:16:27] Merging 1 fragment for 'var_def'.
[2025-11-20 16:16:27] Merged 2603 bytes (2.54 KiB) for 'var_def'.
[2025-11-20 16:16:27] Merging 1 fragment for 'stmts'.
[2025-11-20 16:16:27] Merged 25842 bytes (25.24 KiB) for 'stmts'.
[2025-11-20 16:16:27] Merging 1 fragment for 'localvariables'.
[2025-11-20 16:16:27] Merged 2028 bytes (1.98 KiB) for 'localvariables'.
[2025-11-20 16:16:27] Merging 1 fragment for 'values'.
[2025-11-20 16:16:27] Merged 58078 bytes (56.72 KiB) for 'values'.
[2025-11-20 16:16:27] Merging 1 fragment for 'valuetext'.
[2025-11-20 16:16:27] Merged 17346 bytes (16.94 KiB) for 'valuetext'.
[2025-11-20 16:16:27] Merging 1 fragment for 'exprs'.
[2025-11-20 16:16:27] Merged 168598 bytes (164.65 KiB) for 'exprs'.
[2025-11-20 16:16:27] Merging 1 fragment for 'expr_types'.
[2025-11-20 16:16:27] Merged 149268 bytes (145.77 KiB) for 'expr_types'.
[2025-11-20 16:16:27] Merging 1 fragment for 'valuebind'.
[2025-11-20 16:16:27] Merged 52373 bytes (51.15 KiB) for 'valuebind'.
[2025-11-20 16:16:27] Merging 1 fragment for 'compgenerated'.
[2025-11-20 16:16:27] Merged 5147 bytes (5.03 KiB) for 'compgenerated'.
[2025-11-20 16:16:27] Merging 1 fragment for 'exprparents'.
[2025-11-20 16:16:27] Merged 107971 bytes (105.44 KiB) for 'exprparents'.
[2025-11-20 16:16:27] Merging 1 fragment for 'stmt_decl_bind'.
[2025-11-20 16:16:27] Merged 1619 bytes (1.58 KiB) for 'stmt_decl_bind'.
[2025-11-20 16:16:27] Merging 1 fragment for 'stmt_decl_entry_bind'.
[2025-11-20 16:16:27] Merged 1509 bytes (1.47 KiB) for 'stmt_decl_entry_bind'.
[2025-11-20 16:16:27] Merging 1 fragment for 'macroinvocations'.
[2025-11-20 16:16:27] Merged 45681 bytes (44.61 KiB) for 'macroinvocations'.
[2025-11-20 16:16:27] Merging 1 fragment for 'affectedbymacroexpansion'.
[2025-11-20 16:16:27] Merged 100105 bytes (97.76 KiB) for 'affectedbymacroexpansion'.
[2025-11-20 16:16:27] Merging 1 fragment for 'expr_isload'.
[2025-11-20 16:16:27] Merged 10033 bytes (9.80 KiB) for 'expr_isload'.
[2025-11-20 16:16:27] Merging 1 fragment for 'for_condition'.
[2025-11-20 16:16:27] Merged 98 bytes for 'for_condition'.
[2025-11-20 16:16:27] Merging 1 fragment for 'arraysizes'.
[2025-11-20 16:16:27] Merged 591 bytes for 'arraysizes'.
[2025-11-20 16:16:27] Merging 1 fragment for 'stmtparents'.
[2025-11-20 16:16:27] Merged 26318 bytes (25.70 KiB) for 'stmtparents'.
[2025-11-20 16:16:27] Merging 1 fragment for 'if_then'.
[2025-11-20 16:16:27] Merged 2624 bytes (2.56 KiB) for 'if_then'.
[2025-11-20 16:16:27] Merging 1 fragment for 'blockscope'.
[2025-11-20 16:16:27] Merged 6908 bytes (6.75 KiB) for 'blockscope'.
[2025-11-20 16:16:27] Merging 1 fragment for 'for_body'.
[2025-11-20 16:16:27] Merged 102 bytes for 'for_body'.
[2025-11-20 16:16:27] Merging 1 fragment for 'for_initialization'.
[2025-11-20 16:16:27] Merged 98 bytes for 'for_initialization'.
[2025-11-20 16:16:27] Merging 1 fragment for 'for_update'.
[2025-11-20 16:16:27] Merged 98 bytes for 'for_update'.
[2025-11-20 16:16:27] Merging 1 fragment for 'function_entry_point'.
[2025-11-20 16:16:27] Merged 1698 bytes (1.66 KiB) for 'function_entry_point'.
[2025-11-20 16:16:27] Merging 1 fragment for 'macroparent'.
[2025-11-20 16:16:27] Merged 13348 bytes (13.04 KiB) for 'macroparent'.
[2025-11-20 16:16:27] Merging 1 fragment for 'routinetypes'.
[2025-11-20 16:16:27] Merged 379 bytes for 'routinetypes'.
[2025-11-20 16:16:27] Merging 1 fragment for 'routinetypeargs'.
[2025-11-20 16:16:27] Merged 1025 bytes (1.00 KiB) for 'routinetypeargs'.
[2025-11-20 16:16:27] Merging 1 fragment for 'funbind'.
[2025-11-20 16:16:27] Merged 2334 bytes (2.28 KiB) for 'funbind'.
[2025-11-20 16:16:27] Merging 1 fragment for 'inmacroexpansion'.
[2025-11-20 16:16:27] Merged 117497 bytes (114.74 KiB) for 'inmacroexpansion'.
[2025-11-20 16:16:27] Merging 1 fragment for 'macrolocationbind'.
[2025-11-20 16:16:27] Merged 19470 bytes (19.01 KiB) for 'macrolocationbind'.
[2025-11-20 16:16:27] Merging 1 fragment for 'if_else'.
[2025-11-20 16:16:27] Merged 1294 bytes (1.26 KiB) for 'if_else'.
[2025-11-20 16:16:27] Merging 1 fragment for 'varspecifiers'.
[2025-11-20 16:16:27] Merged 3573 bytes (3.49 KiB) for 'varspecifiers'.
[2025-11-20 16:16:27] Merging 1 fragment for 'exprconv'.
[2025-11-20 16:16:27] Merged 37418 bytes (36.54 KiB) for 'exprconv'.
[2025-11-20 16:16:27] Merging 1 fragment for 'conversionkinds'.
[2025-11-20 16:16:27] Merged 7103 bytes (6.94 KiB) for 'conversionkinds'.
[2025-11-20 16:16:27] Merging 1 fragment for 'initialisers'.
[2025-11-20 16:16:27] Merged 2900 bytes (2.83 KiB) for 'initialisers'.
[2025-11-20 16:16:27] Merging 1 fragment for 'varbind'.
[2025-11-20 16:16:27] Merged 46696 bytes (45.60 KiB) for 'varbind'.
[2025-11-20 16:16:27] Merging 1 fragment for 'iscall'.
[2025-11-20 16:16:27] Merged 940 bytes for 'iscall'.
[2025-11-20 16:16:27] Merging 1 fragment for 'typespecifiers'.
[2025-11-20 16:16:27] Merged 509 bytes for 'typespecifiers'.
[2025-11-20 16:16:27] Merging 1 fragment for 'expr_ancestor'.
[2025-11-20 16:16:27] Merged 104 bytes for 'expr_ancestor'.
[2025-11-20 16:16:27] Merging 1 fragment for 'switch_body'.
[2025-11-20 16:16:27] Merged 64 bytes for 'switch_body'.
[2025-11-20 16:16:27] Merging 1 fragment for 'switch_case'.
[2025-11-20 16:16:27] Merged 172 bytes for 'switch_case'.
[2025-11-20 16:16:27] Merging 1 fragment for 'jumpinfo'.
[2025-11-20 16:16:27] Merged 153 bytes for 'jumpinfo'.
[2025-11-20 16:16:27] Merging 1 fragment for 'aggregate_array_init'.
[2025-11-20 16:16:27] Merged 262 bytes for 'aggregate_array_init'.
[2025-11-20 16:16:27] Merging 1 fragment for 'aggregate_field_init'.
[2025-11-20 16:16:27] Merged 128 bytes for 'aggregate_field_init'.
[2025-11-20 16:16:27] Merging 1 fragment for 'usertypes'.
[2025-11-20 16:16:27] Merged 1759 bytes (1.72 KiB) for 'usertypes'.
[2025-11-20 16:16:27] Merging 1 fragment for 'usertype_alias_kind'.
[2025-11-20 16:16:27] Merged 363 bytes for 'usertype_alias_kind'.
[2025-11-20 16:16:27] Merging 1 fragment for 'typedefbase'.
[2025-11-20 16:16:27] Merged 886 bytes for 'typedefbase'.
[2025-11-20 16:16:27] Merging 1 fragment for 'type_decls'.
[2025-11-20 16:16:27] Merged 1720 bytes (1.68 KiB) for 'type_decls'.
[2025-11-20 16:16:27] Merging 1 fragment for 'type_decl_top'.
[2025-11-20 16:16:27] Merged 364 bytes for 'type_decl_top'.
[2025-11-20 16:16:27] Merging 1 fragment for 'usertypesize'.
[2025-11-20 16:16:27] Merged 462 bytes for 'usertypesize'.
[2025-11-20 16:16:27] Merging 1 fragment for 'is_pod_class'.
[2025-11-20 16:16:27] Merged 199 bytes for 'is_pod_class'.
[2025-11-20 16:16:27] Merging 1 fragment for 'is_standard_layout_class'.
[2025-11-20 16:16:27] Merged 199 bytes for 'is_standard_layout_class'.
[2025-11-20 16:16:27] Merging 1 fragment for 'is_complete'.
[2025-11-20 16:16:27] Merged 199 bytes for 'is_complete'.
[2025-11-20 16:16:27] Merging 1 fragment for 'member'.
[2025-11-20 16:16:27] Merged 2723 bytes (2.66 KiB) for 'member'.
[2025-11-20 16:16:27] Merging 1 fragment for 'type_def'.
[2025-11-20 16:16:27] Merged 217 bytes for 'type_def'.
[2025-11-20 16:16:27] Merging 1 fragment for 'membervariables'.
[2025-11-20 16:16:27] Merged 3636 bytes (3.55 KiB) for 'membervariables'.
[2025-11-20 16:16:27] Merging 1 fragment for 'fieldoffsets'.
[2025-11-20 16:16:27] Merged 2177 bytes (2.13 KiB) for 'fieldoffsets'.
[2025-11-20 16:16:27] Merging 1 fragment for 'enumconstants'.
[2025-11-20 16:16:27] Merged 1186 bytes (1.16 KiB) for 'enumconstants'.
[2025-11-20 16:16:27] Merging 1 fragment for 'macro_argument_unexpanded'.
[2025-11-20 16:16:27] Merged 9294 bytes (9.08 KiB) for 'macro_argument_unexpanded'.
[2025-11-20 16:16:27] Merging 1 fragment for 'macro_argument_expanded'.
[2025-11-20 16:16:27] Merged 9616 bytes (9.39 KiB) for 'macro_argument_expanded'.
[2025-11-20 16:16:27] Merging 1 fragment for 'do_body'.
[2025-11-20 16:16:27] Merged 1144 bytes (1.12 KiB) for 'do_body'.
[2025-11-20 16:16:27] Merging 1 fragment for 'orphaned_variables'.
[2025-11-20 16:16:27] Merged 35 bytes for 'orphaned_variables'.
[2025-11-20 16:16:27] Merging 1 fragment for 'attributes'.
[2025-11-20 16:16:27] Merged 749 bytes for 'attributes'.
[2025-11-20 16:16:27] Merging 1 fragment for 'funcattributes'.
[2025-11-20 16:16:27] Merged 630 bytes for 'funcattributes'.
[2025-11-20 16:16:27] Merging 1 fragment for 'while_body'.
[2025-11-20 16:16:27] Merged 217 bytes for 'while_body'.
[2025-11-20 16:16:27] Merging 1 fragment for 'expr_cond_guard'.
[2025-11-20 16:16:27] Merged 888 bytes for 'expr_cond_guard'.
[2025-11-20 16:16:27] Merging 1 fragment for 'expr_cond_true'.
[2025-11-20 16:16:27] Merged 847 bytes for 'expr_cond_true'.
[2025-11-20 16:16:27] Merging 1 fragment for 'expr_cond_false'.
[2025-11-20 16:16:27] Merged 819 bytes for 'expr_cond_false'.
[2025-11-20 16:16:27] Merging 1 fragment for 'sizeof_bind'.
[2025-11-20 16:16:27] Merged 48 bytes for 'sizeof_bind'.
[2025-11-20 16:16:27] Merging 1 fragment for 'builtin_functions'.
[2025-11-20 16:16:27] Merged 27 bytes for 'builtin_functions'.
[2025-11-20 16:16:27] Merging 1 fragment for 'attribute_arg_value'.
[2025-11-20 16:16:27] Merged 173 bytes for 'attribute_arg_value'.
[2025-11-20 16:16:27] Merging 1 fragment for 'attribute_args'.
[2025-11-20 16:16:27] Merged 1401 bytes (1.37 KiB) for 'attribute_args'.
[2025-11-20 16:16:27] Merging 1 fragment for 'attribute_arg_constant'.
[2025-11-20 16:16:27] Merged 386 bytes for 'attribute_arg_constant'.
[2025-11-20 16:16:27] Merging 1 fragment for 'builtintypes'.
[2025-11-20 16:16:27] Merged 423 bytes for 'builtintypes'.
[2025-11-20 16:16:27] Merging 1 fragment for 'link_targets'.
[2025-11-20 16:16:27] Merged 34 bytes for 'link_targets'.
[2025-11-20 16:16:27] Merging 1 fragment for 'namespaces'.
[2025-11-20 16:16:27] Merged 28 bytes for 'namespaces'.
[2025-11-20 16:16:27] Merging 1 fragment for 'specialnamequalifyingelements'.
[2025-11-20 16:16:27] Merged 29 bytes for 'specialnamequalifyingelements'.
[2025-11-20 16:16:27] Merging 1 fragment for 'specifiers'.
[2025-11-20 16:16:27] Merged 171 bytes for 'specifiers'.
[2025-11-20 16:16:27] Merging 1 fragment for 'enclosingfunction'.
[2025-11-20 16:16:27] Merged 47 bytes for 'enclosingfunction'.
[2025-11-20 16:16:27] Merging 1 fragment for 'typeattributes'.
[2025-11-20 16:16:27] Merged 50 bytes for 'typeattributes'.
[2025-11-20 16:16:27] Merging 1 fragment for 'bitfield'.
[2025-11-20 16:16:27] Merged 100 bytes for 'bitfield'.
[2025-11-20 16:16:27] Merging 1 fragment for 'varattributes'.
[2025-11-20 16:16:27] Merged 32 bytes for 'varattributes'.
[2025-11-20 16:16:27] Merging 1 fragment for 'compilations'.
[2025-11-20 16:16:27] Merged 53 bytes for 'compilations'.
[2025-11-20 16:16:27] Merging 1 fragment for 'compilation_args'.
[2025-11-20 16:16:27] Merged 2750 bytes (2.69 KiB) for 'compilation_args'.
[2025-11-20 16:16:27] Merging 1 fragment for 'compilation_compiling_files'.
[2025-11-20 16:16:27] Merged 116 bytes for 'compilation_compiling_files'.
[2025-11-20 16:16:27] Merging 1 fragment for 'compilation_time'.
[2025-11-20 16:16:27] Merged 972 bytes for 'compilation_time'.
[2025-11-20 16:16:27] Merging 1 fragment for 'compilation_finished'.
[2025-11-20 16:16:27] Merged 297 bytes for 'compilation_finished'.
[2025-11-20 16:16:27] Merging 1 fragment for 'sourceLocationPrefix'.
[2025-11-20 16:16:27] Merged 19 bytes for 'sourceLocationPrefix'.
[2025-11-20 16:16:27] Saving string and id pools to disk.
[2025-11-20 16:16:27] Finished importing TRAP files.
[2025-11-20 16:16:27] Read 40.34 MiB of uncompressed TRAP data.
[2025-11-20 16:16:27] Uncompressed relation data size: 7.31 MiB
[2025-11-20 16:16:27] Relation data size: 1.76 MiB (merge rate: 11.76 MiB/s)
[2025-11-20 16:16:27] String pool size: 4.78 MiB
[2025-11-20 16:16:27] ID pool size: 10.00 MiB
[2025-11-20 16:16:27] [PROGRESS] dataset import> Finished writing database (relations: 1.76 MiB; string pool: 4.78 MiB).
[2025-11-20 16:16:27] Pausing evaluation to close the cache at sequence stamp o+247
[2025-11-20 16:16:27] The disk cache is freshly trimmed; leave it be.
[2025-11-20 16:16:27] Unpausing evaluation
[2025-11-20 16:16:27] Plumbing command codeql dataset import completed.
[2025-11-20 16:16:27] [PROGRESS] database finalize> TRAP import complete (2.2s).
[2025-11-20 16:16:27] Running plumbing command: codeql database cleanup -- /Users/jie/Documents/workspace/lcmhalgen/LCMHalTest_DBS/DATABASE_FreeRTOSUART_Hyperterminal_IT
[2025-11-20 16:16:27] [PROGRESS] database cleanup> Cleaning up existing TRAP files after import...
[2025-11-20 16:16:27] [PROGRESS] database cleanup> TRAP files cleaned up (19ms).
[2025-11-20 16:16:27] [PROGRESS] database cleanup> Cleaning up scratch directory...
[2025-11-20 16:16:27] [PROGRESS] database cleanup> Scratch directory cleaned up (24ms).
[2025-11-20 16:16:27] Running plumbing command: codeql dataset cleanup -- /Users/jie/Documents/workspace/lcmhalgen/LCMHalTest_DBS/DATABASE_FreeRTOSUART_Hyperterminal_IT/db-cpp
[2025-11-20 16:16:27] [PROGRESS] dataset cleanup> Cleaning up dataset in /Users/jie/Documents/workspace/lcmhalgen/LCMHalTest_DBS/DATABASE_FreeRTOSUART_Hyperterminal_IT/db-cpp.
[2025-11-20 16:16:27] Trimming disk cache at /Users/jie/Documents/workspace/lcmhalgen/LCMHalTest_DBS/DATABASE_FreeRTOSUART_Hyperterminal_IT/db-cpp/default/cache in mode trim.
[2025-11-20 16:16:27] Sequence stamp origin is -5979167476971748863
[2025-11-20 16:16:27] Pausing evaluation to quickly trim memory at sequence stamp o+0
[2025-11-20 16:16:27] Unpausing evaluation
[2025-11-20 16:16:27] Pausing evaluation to zealously trim disk at sequence stamp o+1
[2025-11-20 16:16:27] Unpausing evaluation
[2025-11-20 16:16:27] Trimming completed (1ms): Trimmed disposable data from cache.
[2025-11-20 16:16:27] Pausing evaluation to close the cache at sequence stamp o+2
[2025-11-20 16:16:27] The disk cache is freshly trimmed; leave it be.
[2025-11-20 16:16:27] Unpausing evaluation
[2025-11-20 16:16:27] [PROGRESS] dataset cleanup> Trimmed disposable data from cache.
[2025-11-20 16:16:27] [PROGRESS] dataset cleanup> Finalizing dataset in /Users/jie/Documents/workspace/lcmhalgen/LCMHalTest_DBS/DATABASE_FreeRTOSUART_Hyperterminal_IT/db-cpp
[2025-11-20 16:16:27] [DETAILS] dataset cleanup> Finished deleting ID pool from /Users/jie/Documents/workspace/lcmhalgen/LCMHalTest_DBS/DATABASE_FreeRTOSUART_Hyperterminal_IT/db-cpp (1ms).
[2025-11-20 16:16:27] Plumbing command codeql dataset cleanup completed.
[2025-11-20 16:16:27] Plumbing command codeql database cleanup completed with status 0.
[2025-11-20 16:16:27] [PROGRESS] database finalize> Finished zipping source archive (534.76 KiB).
[2025-11-20 16:16:27] Plumbing command codeql database finalize completed.
[2025-11-20 16:16:27] [PROGRESS] database create> Successfully created database at /Users/jie/Documents/workspace/lcmhalgen/LCMHalTest_DBS/DATABASE_FreeRTOSUART_Hyperterminal_IT.
[2025-11-20 16:16:27] Terminating normally.
